******************************************************************************
                  TI ARM Linker PC v20.2.7                     
******************************************************************************
>> Linked Fri Apr 21 11:52:14 2023

OUTPUT FILE NAME:   <Exemplo1-1.out>
ENTRY POINT SYMBOL: "_c_int00_noargs"  address: 000007f1


MEMORY CONFIGURATION

         name            origin    length      used     unused   attr    fill
----------------------  --------  ---------  --------  --------  ----  --------
  FLASH                 00000000   00040000  00000950  0003f6b0  R  X
  SRAM                  20000000   00008000  00000201  00007dff  RW X


SEGMENT ALLOCATION MAP

run origin  load origin   length   init length attrs members
----------  ----------- ---------- ----------- ----- -------
00000000    00000000    00000950   00000950    r-x
  00000000    00000000    00000270   00000270    r-- .intvecs
  00000270    00000270    00000658   00000658    r-x .text
  000008c8    000008c8    00000070   00000070    r-- .const
  00000938    00000938    00000018   00000018    r-- .cinit
20000000    20000000    00000201   00000000    rw-
  20000000    20000000    00000200   00000000    rw- .stack
  20000200    20000200    00000001   00000000    rw- .data


SECTION ALLOCATION MAP

 output                                  attributes/
section   page    origin      length       input sections
--------  ----  ----------  ----------   ----------------
.intvecs   0    00000000    00000270     
                  00000000    00000270     tm4c123gh6pm_startup_ccs.obj (.intvecs)

.text      0    00000270    00000658     
                  00000270    00000132     driverlib.lib : gpio.obj (.text:GPIOPadConfigSet)
                  000003a2    00000002     --HOLE-- [fill = 0]
                  000003a4    0000011c     main.obj (.text)
                  000004c0    000000f4     driverlib.lib : sysctl.obj (.text:SysCtlClockSet)
                  000005b4    0000009c     rtsv7M4_T_le_v4SPD16_eabi.lib : memcpy_t2.asm.obj (.text)
                  00000650    00000068     driverlib.lib : interrupt.obj (.text:IntEnable)
                  000006b8    00000068     rtsv7M4_T_le_v4SPD16_eabi.lib : copy_decompress_lzss.c.obj (.text:decompress:lzss:__TI_decompress_lzss)
                  00000720    00000056     driverlib.lib : gpio.obj (.text:GPIOIntTypeSet)
                  00000776    00000002     --HOLE-- [fill = 0]
                  00000778    00000044     rtsv7M4_T_le_v4SPD16_eabi.lib : autoinit.c.obj (.text:__TI_auto_init_nobinit_nopinit:__TI_auto_init_nobinit_nopinit)
                  000007bc    00000034     driverlib.lib : sysctl.obj (.text:SysCtlPeripheralEnable)
                  000007f0    00000034     rtsv7M4_T_le_v4SPD16_eabi.lib : boot_cortex_m.c.obj (.text:_c_int00_noargs:_c_int00_noargs)
                  00000824    0000002a     driverlib.lib : gpio.obj (.text:GPIODirModeSet)
                  0000084e    00000018                   : gpio.obj (.text:GPIOPinTypeGPIOOutput)
                  00000866    00000010                   : interrupt.obj (.text:IntMasterEnable)
                  00000876    0000000e     rtsv7M4_T_le_v4SPD16_eabi.lib : copy_decompress_none.c.obj (.text:decompress:none:__TI_decompress_none)
                  00000884    0000000c     driverlib.lib : cpu.obj (.text:CPUcpsie)
                  00000890    0000000c                   : gpio.obj (.text:GPIOIntEnable)
                  0000089c    0000000c     tm4c123gh6pm_startup_ccs.obj (.text)
                  000008a8    00000006     driverlib.lib : gpio.obj (.text:GPIOIntClear)
                  000008ae    00000006                   : gpio.obj (.text:GPIOPinRead)
                  000008b4    00000006                   : gpio.obj (.text:GPIOPinWrite)
                  000008ba    00000006                   : sysctl.obj (.text:SysCtlDelay)
                  000008c0    00000004     rtsv7M4_T_le_v4SPD16_eabi.lib : pre_init.c.obj (.text:_system_pre_init)
                  000008c4    00000004                                   : exit.c.obj (.text:abort:abort)

.const     0    000008c8    00000070     
                  000008c8    00000070     driverlib.lib : interrupt.obj (.const)

.cinit     0    00000938    00000018     
                  00000938    00000008     (__TI_handler_table)
                  00000940    00000005     (.cinit..data.load) [load image, compression = lzss]
                  00000945    00000003     --HOLE-- [fill = 0]
                  00000948    00000008     (__TI_cinit_table)

.init_array 
*          0    00000000    00000000     UNINITIALIZED

.data      0    20000200    00000001     UNINITIALIZED
                  20000200    00000001     main.obj (.data)

.stack     0    20000000    00000200     UNINITIALIZED
                  20000000    00000004     rtsv7M4_T_le_v4SPD16_eabi.lib : boot_cortex_m.c.obj (.stack)
                  20000004    000001fc     --HOLE--

__llvm_prf_cnts 
*          0    20000000    00000000     UNINITIALIZED

MODULE SUMMARY

       Module                         code   ro data   rw data
       ------                         ----   -------   -------
    .\
       tm4c123gh6pm_startup_ccs.obj   12     624       0      
       main.obj                       284    0         1      
    +--+------------------------------+------+---------+---------+
       Total:                         296    624       1      
                                                              
    C:/Users/marco/CCS12.2.0.00009_win64/TivaWare_C_Series-2.1.4.178/driverlib/ccs/Debug/driverlib.lib
       gpio.obj                       488    0         0      
       sysctl.obj                     302    0         0      
       interrupt.obj                  120    112       0      
       cpu.obj                        12     0         0      
    +--+------------------------------+------+---------+---------+
       Total:                         922    112       0      
                                                              
    C:\ti\ccs1220\ccs\tools\compiler\ti-cgt-arm_20.2.7.LTS\lib\rtsv7M4_T_le_v4SPD16_eabi.lib
       memcpy_t2.asm.obj              156    0         0      
       copy_decompress_lzss.c.obj     104    0         0      
       autoinit.c.obj                 68     0         0      
       boot_cortex_m.c.obj            52     0         0      
       copy_decompress_none.c.obj     14     0         0      
       exit.c.obj                     4      0         0      
       pre_init.c.obj                 4      0         0      
    +--+------------------------------+------+---------+---------+
       Total:                         402    0         0      
                                                              
       Stack:                         0      0         512    
       Linker Generated:              0      21        0      
    +--+------------------------------+------+---------+---------+
       Grand Total:                   1620   757       513    


LINKER GENERATED COPY TABLES

__TI_cinit_table @ 00000948 records: 1, size/record: 8, table size: 8
	.data: load addr=00000940, load size=00000005 bytes, run addr=20000200, run size=00000001 bytes, compression=lzss


LINKER GENERATED HANDLER TABLE

__TI_handler_table @ 00000938 records: 2, size/record: 4, table size: 8
	index: 0, handler: __TI_decompress_lzss
	index: 1, handler: __TI_decompress_none


GLOBAL SYMBOLS: SORTED ALPHABETICALLY BY Name 

address   name                          
-------   ----                          
000008c5  C$$EXIT                       
00000885  CPUcpsie                      
00000825  GPIODirModeSet                
000008a9  GPIOIntClear                  
00000891  GPIOIntEnable                 
00000721  GPIOIntTypeSet                
00000271  GPIOPadConfigSet              
000008af  GPIOPinRead                   
0000084f  GPIOPinTypeGPIOOutput         
000008b5  GPIOPinWrite                  
00000651  IntEnable                     
00000867  IntMasterEnable               
000003a5  IntPortalF                    
0000089d  ResetISR                      
000004c1  SysCtlClockSet                
000008bb  SysCtlDelay                   
000007bd  SysCtlPeripheralEnable        
20000200  __STACK_END                   
00000200  __STACK_SIZE                  
20000200  __STACK_TOP                   
00000948  __TI_CINIT_Base               
00000950  __TI_CINIT_Limit              
00000938  __TI_Handler_Table_Base       
00000940  __TI_Handler_Table_Limit      
00000779  __TI_auto_init_nobinit_nopinit
000006b9  __TI_decompress_lzss          
00000877  __TI_decompress_none          
ffffffff  __TI_pprof_out_hndl           
ffffffff  __TI_prof_data_size           
ffffffff  __TI_prof_data_start          
00000000  __TI_static_base__            
000005b5  __aeabi_memcpy                
000005b5  __aeabi_memcpy4               
000005b5  __aeabi_memcpy8               
ffffffff  __binit__                     
ffffffff  __c_args__                    
UNDEFED   __mpu_init                    
20000000  __stack                       
20000000  __start___llvm_prf_cnts       
20000000  __stop___llvm_prf_cnts        
000007f1  _c_int00_noargs               
UNDEFED   _system_post_cinit            
000008c1  _system_pre_init              
000008c5  abort                         
ffffffff  binit                         
00000000  g_pfnVectors                  
00000411  main                          
000005b5  memcpy                        
20000200  ui8PinData                    


GLOBAL SYMBOLS: SORTED BY Symbol Address 

address   name                          
-------   ----                          
00000000  __TI_static_base__            
00000000  g_pfnVectors                  
00000200  __STACK_SIZE                  
00000271  GPIOPadConfigSet              
000003a5  IntPortalF                    
00000411  main                          
000004c1  SysCtlClockSet                
000005b5  __aeabi_memcpy                
000005b5  __aeabi_memcpy4               
000005b5  __aeabi_memcpy8               
000005b5  memcpy                        
00000651  IntEnable                     
000006b9  __TI_decompress_lzss          
00000721  GPIOIntTypeSet                
00000779  __TI_auto_init_nobinit_nopinit
000007bd  SysCtlPeripheralEnable        
000007f1  _c_int00_noargs               
00000825  GPIODirModeSet                
0000084f  GPIOPinTypeGPIOOutput         
00000867  IntMasterEnable               
00000877  __TI_decompress_none          
00000885  CPUcpsie                      
00000891  GPIOIntEnable                 
0000089d  ResetISR                      
000008a9  GPIOIntClear                  
000008af  GPIOPinRead                   
000008b5  GPIOPinWrite                  
000008bb  SysCtlDelay                   
000008c1  _system_pre_init              
000008c5  C$$EXIT                       
000008c5  abort                         
00000938  __TI_Handler_Table_Base       
00000940  __TI_Handler_Table_Limit      
00000948  __TI_CINIT_Base               
00000950  __TI_CINIT_Limit              
20000000  __stack                       
20000000  __start___llvm_prf_cnts       
20000000  __stop___llvm_prf_cnts        
20000200  __STACK_END                   
20000200  __STACK_TOP                   
20000200  ui8PinData                    
ffffffff  __TI_pprof_out_hndl           
ffffffff  __TI_prof_data_size           
ffffffff  __TI_prof_data_start          
ffffffff  __binit__                     
ffffffff  __c_args__                    
ffffffff  binit                         
UNDEFED   __mpu_init                    
UNDEFED   _system_post_cinit            

[49 symbols]
