******************************************************************************
                  TI ARM Linker PC v20.2.7                     
******************************************************************************
>> Linked Sat Jul  8 19:30:33 2023

OUTPUT FILE NAME:   <circle.out>
ENTRY POINT SYMBOL: "_c_int00_noargs"  address: 00001361


MEMORY CONFIGURATION

         name            origin    length      used     unused   attr    fill
----------------------  --------  ---------  --------  --------  ----  --------
  FLASH                 00000000   00040000  0000166b  0003e995  R  X
  SRAM                  20000000   00008000  000003f8  00007c08  RW X


SEGMENT ALLOCATION MAP

run origin  load origin   length   init length attrs members
----------  ----------- ---------- ----------- ----- -------
00000000    00000000    00001674   00001674    r-x
  00000000    00000000    0000026c   0000026c    r-- .intvecs
  0000026c    0000026c    0000115e   0000115e    r-x .text
  000013cc    000013cc    0000028d   0000028d    r-- .const
  00001660    00001660    00000014   00000014    r-- .cinit
20000000    20000000    000003f8   00000000    rw-
  20000000    20000000    00000200   00000000    rw- .stack
  20000200    20000200    000001f8   00000000    rw- .bss


SECTION ALLOCATION MAP

 output                                  attributes/
section   page    origin      length       input sections
--------  ----  ----------  ----------   ----------------
.intvecs   0    00000000    0000026c     
                  00000000    0000026c     tm4c123gh6pm_startup_ccs.obj (.intvecs)

.text      0    0000026c    0000115e     
                  0000026c    00000c24     Nokia5110.obj (.text)
                  00000e90    00000130     main.obj (.text)
                  00000fc0    00000110     driverlib.lib : sysctl.obj (.text:SysCtlClockGet)
                  000010d0    000000f4                   : sysctl.obj (.text:SysCtlClockSet)
                  000011c4    000000b4     rtsv7M4_T_le_v4SPD16_eabi.lib : s_cosf.c.obj (.text:cosf)
                  00001278    000000a4                                   : s_sinf.c.obj (.text:sinf)
                  0000131c    00000044                                   : autoinit.c.obj (.text:__TI_auto_init_nobinit_nopinit:__TI_auto_init_nobinit_nopinit)
                  00001360    00000034                                   : boot_cortex_m.c.obj (.text:_c_int00_noargs:_c_int00_noargs)
                  00001394    0000001c                                   : copy_zero_init.c.obj (.text:decompress:ZI:__TI_zero_init_nomemset:__TI_zero_init_nomemset)
                  000013b0    0000000c     tm4c123gh6pm_startup_ccs.obj (.text)
                  000013bc    00000006     driverlib.lib : sysctl.obj (.text:SysCtlDelay)
                  000013c2    00000004     rtsv7M4_T_le_v4SPD16_eabi.lib : pre_init.c.obj (.text:_system_pre_init)
                  000013c6    00000004                                   : exit.c.obj (.text:abort:abort)

.const     0    000013cc    0000028d     
                  000013cc    000001e5     Nokia5110.obj (.const:ASCII)
                  000015b1    00000003     --HOLE-- [fill = 0]
                  000015b4    0000006c     driverlib.lib : sysctl.obj (.const:g_pui32Xtals)
                  00001620    00000020     main.obj (.const:.string:ptr)
                  00001640    0000000c     Nokia5110.obj (.const:MIX_SIMBOLS)
                  0000164c    00000008     Nokia5110.obj (.const:.string:Masks)
                  00001654    00000005     Nokia5110.obj (.const:SPECIAL_SIMBOLS)

.cinit     0    00001660    00000014     
                  00001660    00000008     (.cinit..bss.load) [load image, compression = zero_init]
                  00001668    00000004     (__TI_handler_table)
                  0000166c    00000008     (__TI_cinit_table)

.init_array 
*          0    00000000    00000000     UNINITIALIZED

.bss       0    20000200    000001f8     UNINITIALIZED
                  20000200    000001f8     (.common:Screen)

.stack     0    20000000    00000200     UNINITIALIZED
                  20000000    00000004     rtsv7M4_T_le_v4SPD16_eabi.lib : boot_cortex_m.c.obj (.stack)
                  20000004    000001fc     --HOLE--

__llvm_prf_cnts 
*          0    20000000    00000000     UNINITIALIZED

MODULE SUMMARY

       Module                         code   ro data   rw data
       ------                         ----   -------   -------
    .\
       Nokia5110.obj                  3108   510       504    
       tm4c123gh6pm_startup_ccs.obj   12     620       0      
       main.obj                       304    32        0      
    +--+------------------------------+------+---------+---------+
       Total:                         3424   1162      504    
                                                              
    C:/Users/marco/CCS12.2.0.00009_win64/TivaWare_C_Series-2.1.4.178/driverlib/ccs/Debug/driverlib.lib
       sysctl.obj                     522    108       0      
    +--+------------------------------+------+---------+---------+
       Total:                         522    108       0      
                                                              
    C:\ti\ccs1220\ccs\tools\compiler\ti-cgt-arm_20.2.7.LTS\lib\rtsv7M4_T_le_v4SPD16_eabi.lib
       s_cosf.c.obj                   180    0         0      
       s_sinf.c.obj                   164    0         0      
       autoinit.c.obj                 68     0         0      
       boot_cortex_m.c.obj            52     0         0      
       copy_zero_init.c.obj           28     0         0      
       exit.c.obj                     4      0         0      
       pre_init.c.obj                 4      0         0      
    +--+------------------------------+------+---------+---------+
       Total:                         500    0         0      
                                                              
       Stack:                         0      0         512    
       Linker Generated:              0      20        0      
    +--+------------------------------+------+---------+---------+
       Grand Total:                   4446   1290      1016   


LINKER GENERATED COPY TABLES

__TI_cinit_table @ 0000166c records: 1, size/record: 8, table size: 8
	.bss: load addr=00001660, load size=00000008 bytes, run addr=20000200, run size=000001f8 bytes, compression=zero_init


LINKER GENERATED HANDLER TABLE

__TI_handler_table @ 00001668 records: 1, size/record: 4, table size: 4
	index: 0, handler: __TI_zero_init


GLOBAL SYMBOLS: SORTED ALPHABETICALLY BY Name 

address   name                          
-------   ----                          
000013c7  C$$EXIT                       
0000164c  Masks                         
000006f9  Nokia5110_Clear               
000009c1  Nokia5110_ClearBuffer         
000009f5  Nokia5110_ClrPxl              
000006b9  Nokia5110_Cursor              
000009eb  Nokia5110_DisplayBuffer       
00000d99  Nokia5110_DrawChar            
00000729  Nokia5110_DrawFullImage       
00000e03  Nokia5110_DrawMix             
00000dd1  Nokia5110_DrawSpecial         
000002db  Nokia5110_Init                
00000763  Nokia5110_MyDrawing           
000003f5  Nokia5110_OutChar             
00000c7b  Nokia5110_OutCharInv          
00000ab5  Nokia5110_OutDec              
00000d51  Nokia5110_OutSpecial          
00000435  Nokia5110_OutString           
00000d0d  Nokia5110_OutStringInv        
00000461  Nokia5110_OutUDec             
00000e7b  Nokia5110_Padding             
000007dd  Nokia5110_PrintBMP            
00000665  Nokia5110_SetCursor           
00000a1b  Nokia5110_SetPxl              
00000a41  PLL_Init                      
000013b1  ResetISR                      
20000200  Screen                        
00000fc1  SysCtlClockGet                
000010d1  SysCtlClockSet                
000013bd  SysCtlDelay                   
20000200  __STACK_END                   
00000200  __STACK_SIZE                  
20000200  __STACK_TOP                   
0000166c  __TI_CINIT_Base               
00001674  __TI_CINIT_Limit              
00001668  __TI_Handler_Table_Base       
0000166c  __TI_Handler_Table_Limit      
0000131d  __TI_auto_init_nobinit_nopinit
ffffffff  __TI_pprof_out_hndl           
ffffffff  __TI_prof_data_size           
ffffffff  __TI_prof_data_start          
00000000  __TI_static_base__            
00001395  __TI_zero_init_nomemset       
ffffffff  __binit__                     
ffffffff  __c_args__                    
UNDEFED   __mpu_init                    
20000000  __stack                       
20000000  __start___llvm_prf_cnts       
20000000  __stop___llvm_prf_cnts        
00001361  _c_int00_noargs               
UNDEFED   _system_post_cinit            
000013c3  _system_pre_init              
000013c7  abort                         
ffffffff  binit                         
000011c5  cosf                          
00000e91  delay                         
00000e9d  delayMicroseconds             
00000000  g_pfnVectors                  
00000eb7  main                          
00001620  ptr                           
00001279  sinf                          


GLOBAL SYMBOLS: SORTED BY Symbol Address 

address   name                          
-------   ----                          
00000000  __TI_static_base__            
00000000  g_pfnVectors                  
00000200  __STACK_SIZE                  
000002db  Nokia5110_Init                
000003f5  Nokia5110_OutChar             
00000435  Nokia5110_OutString           
00000461  Nokia5110_OutUDec             
00000665  Nokia5110_SetCursor           
000006b9  Nokia5110_Cursor              
000006f9  Nokia5110_Clear               
00000729  Nokia5110_DrawFullImage       
00000763  Nokia5110_MyDrawing           
000007dd  Nokia5110_PrintBMP            
000009c1  Nokia5110_ClearBuffer         
000009eb  Nokia5110_DisplayBuffer       
000009f5  Nokia5110_ClrPxl              
00000a1b  Nokia5110_SetPxl              
00000a41  PLL_Init                      
00000ab5  Nokia5110_OutDec              
00000c7b  Nokia5110_OutCharInv          
00000d0d  Nokia5110_OutStringInv        
00000d51  Nokia5110_OutSpecial          
00000d99  Nokia5110_DrawChar            
00000dd1  Nokia5110_DrawSpecial         
00000e03  Nokia5110_DrawMix             
00000e7b  Nokia5110_Padding             
00000e91  delay                         
00000e9d  delayMicroseconds             
00000eb7  main                          
00000fc1  SysCtlClockGet                
000010d1  SysCtlClockSet                
000011c5  cosf                          
00001279  sinf                          
0000131d  __TI_auto_init_nobinit_nopinit
00001361  _c_int00_noargs               
00001395  __TI_zero_init_nomemset       
000013b1  ResetISR                      
000013bd  SysCtlDelay                   
000013c3  _system_pre_init              
000013c7  C$$EXIT                       
000013c7  abort                         
00001620  ptr                           
0000164c  Masks                         
00001668  __TI_Handler_Table_Base       
0000166c  __TI_CINIT_Base               
0000166c  __TI_Handler_Table_Limit      
00001674  __TI_CINIT_Limit              
20000000  __stack                       
20000000  __start___llvm_prf_cnts       
20000000  __stop___llvm_prf_cnts        
20000200  Screen                        
20000200  __STACK_END                   
20000200  __STACK_TOP                   
ffffffff  __TI_pprof_out_hndl           
ffffffff  __TI_prof_data_size           
ffffffff  __TI_prof_data_start          
ffffffff  __binit__                     
ffffffff  __c_args__                    
ffffffff  binit                         
UNDEFED   __mpu_init                    
UNDEFED   _system_post_cinit            

[61 symbols]
