******************************************************************************
                  TI ARM Linker PC v20.2.7                     
******************************************************************************
>> Linked Mon Jul  3 14:13:37 2023

OUTPUT FILE NAME:   <relogio_3.out>
ENTRY POINT SYMBOL: "_c_int00_noargs"  address: 00002811


MEMORY CONFIGURATION

         name            origin    length      used     unused   attr    fill
----------------------  --------  ---------  --------  --------  ----  --------
  FLASH                 00000000   00040000  00002bd4  0003d42c  R  X
  SRAM                  20000000   00008000  00000207  00007df9  RW X


SEGMENT ALLOCATION MAP

run origin  load origin   length   init length attrs members
----------  ----------- ---------- ----------- ----- -------
00000000    00000000    00002bd8   00002bd8    r-x
  00000000    00000000    0000026c   0000026c    r-- .intvecs
  0000026c    0000026c    000026e4   000026e4    r-x .text
  00002950    00002950    00000254   00000254    r-- .const
  00002ba8    00002ba8    00000030   00000030    r-- .cinit
20000000    20000000    00000207   00000000    rw-
  20000000    20000000    00000200   00000000    rw- .stack
  20000200    20000200    00000004   00000000    rw- .data
  20000204    20000204    00000003   00000000    rw- .bss


SECTION ALLOCATION MAP

 output                                  attributes/
section   page    origin      length       input sections
--------  ----  ----------  ----------   ----------------
.intvecs   0    00000000    0000026c     
                  00000000    0000026c     tm4c123gh6pm_startup_ccs.obj (.intvecs)

.text      0    0000026c    000026e4     
                  0000026c    00000738     rtsv7M4_T_le_v4SPD16_eabi.lib : k_rem_pio2.c.obj (.text:__kernel_rem_pio2)
                  000009a4    000005e0                                   : s_sin.c.obj (.text:sin)
                  00000f84    000005dc                                   : s_cos.c.obj (.text:cos)
                  00001560    00000484     main.obj (.text)
                  000019e4    000001b6     rtsv7M4_T_le_v4SPD16_eabi.lib : fd_add_t2.asm.obj (.text)
                  00001b9a    00000002     --HOLE-- [fill = 0]
                  00001b9c    00000174                                   : k_sin.c.obj (.text:__kernel_sin)
                  00001d10    00000170                                   : k_cos.c.obj (.text:__kernel_cos)
                  00001e80    00000132     driverlib.lib : gpio.obj (.text:GPIOPadConfigSet)
                  00001fb2    00000002     --HOLE-- [fill = 0]
                  00001fb4    00000110                   : sysctl.obj (.text:SysCtlClockGet)
                  000020c4    00000110     rtsv7M4_T_le_v4SPD16_eabi.lib : s_scalbn.c.obj (.text:scalbn)
                  000021d4    000000fc                                   : fd_mul_t2.asm.obj (.text)
                  000022d0    000000f8                                   : s_floor.c.obj (.text:floor)
                  000023c8    000000f4     driverlib.lib : sysctl.obj (.text:SysCtlClockSet)
                  000024bc    0000009c     rtsv7M4_T_le_v4SPD16_eabi.lib : memcpy_t2.asm.obj (.text)
                  00002558    00000086                                   : fd_cmp_t2.asm.obj (.text:__aeabi_cdcmple)
                  000025de    00000086                                   : fd_cmp_t2.asm.obj (.text:__aeabi_cdrcmple)
                  00002664    00000068                                   : copy_decompress_lzss.c.obj (.text:decompress:lzss:__TI_decompress_lzss)
                  000026cc    00000048     driverlib.lib : gpio.obj (.text:GPIOPinConfigure)
                  00002714    00000048     rtsv7M4_T_le_v4SPD16_eabi.lib : fd_toi_t2.asm.obj (.text)
                  0000275c    00000044                                   : autoinit.c.obj (.text:__TI_auto_init_nobinit_nopinit:__TI_auto_init_nobinit_nopinit)
                  000027a0    0000003c     driverlib.lib : ssi.obj (.text:SSIConfigSetExpClk)
                  000027dc    00000034                   : sysctl.obj (.text:SysCtlPeripheralEnable)
                  00002810    00000034     rtsv7M4_T_le_v4SPD16_eabi.lib : boot_cortex_m.c.obj (.text:_c_int00_noargs:_c_int00_noargs)
                  00002844    0000002e                                   : i_tofd_t2.asm.obj (.text)
                  00002872    0000002a     driverlib.lib : gpio.obj (.text:GPIODirModeSet)
                  0000289c    0000001c     rtsv7M4_T_le_v4SPD16_eabi.lib : copy_zero_init.c.obj (.text:decompress:ZI:__TI_zero_init_nomemset:__TI_zero_init_nomemset)
                  000028b8    0000001a                                   : s_copysign.c.obj (.text:copysign)
                  000028d2    00000018     driverlib.lib : gpio.obj (.text:GPIOPinTypeGPIOOutput)
                  000028ea    00000012                   : gpio.obj (.text:GPIOPinTypeSSI)
                  000028fc    0000000e     rtsv7M4_T_le_v4SPD16_eabi.lib : copy_decompress_none.c.obj (.text:decompress:none:__TI_decompress_none)
                  0000290a    0000000c     tm4c123gh6pm_startup_ccs.obj (.text)
                  00002916    0000000a     driverlib.lib : ssi.obj (.text:SSIDataPut)
                  00002920    0000000a                   : ssi.obj (.text:SSIEnable)
                  0000292a    00000008                   : ssi.obj (.text:SSIBusy)
                  00002932    00000002     --HOLE-- [fill = 0]
                  00002934    00000008     rtsv7M4_T_le_v4SPD16_eabi.lib : errno.c.obj (.text:__aeabi_errno_addr)
                  0000293c    00000006     driverlib.lib : gpio.obj (.text:GPIOPinWrite)
                  00002942    00000006                   : sysctl.obj (.text:SysCtlDelay)
                  00002948    00000004     rtsv7M4_T_le_v4SPD16_eabi.lib : pre_init.c.obj (.text:_system_pre_init)
                  0000294c    00000004                                   : exit.c.obj (.text:abort:abort)

.const     0    00002950    00000254     
                  00002950    00000158     rtsv7M4_T_le_v4SPD16_eabi.lib : k_rem_pio2.c.obj (.const:$O1$$)
                  00002aa8    00000090     driverlib.lib : gpio.obj (.const:g_pui32GPIOBaseAddrs)
                  00002b38    0000006c                   : sysctl.obj (.const:g_pui32Xtals)

.cinit     0    00002ba8    00000030     
                  00002ba8    0000000c     (__TI_handler_table)
                  00002bb4    00000004     --HOLE-- [fill = 0]
                  00002bb8    00000008     (.cinit..bss.load) [load image, compression = zero_init]
                  00002bc0    00000007     (.cinit..data.load) [load image, compression = lzss]
                  00002bc7    00000001     --HOLE-- [fill = 0]
                  00002bc8    00000010     (__TI_cinit_table)

.init_array 
*          0    00000000    00000000     UNINITIALIZED

.data      0    20000200    00000004     UNINITIALIZED
                  20000200    00000004     rtsv7M4_T_le_v4SPD16_eabi.lib : errno.c.obj (.data)

.bss       0    20000204    00000003     UNINITIALIZED
                  20000204    00000001     (.common:hours)
                  20000205    00000001     (.common:minutes)
                  20000206    00000001     (.common:seconds)

.stack     0    20000000    00000200     UNINITIALIZED
                  20000000    00000004     rtsv7M4_T_le_v4SPD16_eabi.lib : boot_cortex_m.c.obj (.stack)
                  20000004    000001fc     --HOLE--

__llvm_prf_cnts 
*          0    20000000    00000000     UNINITIALIZED

MODULE SUMMARY

       Module                         code   ro data   rw data
       ------                         ----   -------   -------
    .\
       main.obj                       1156   0         3      
       tm4c123gh6pm_startup_ccs.obj   12     620       0      
    +--+------------------------------+------+---------+---------+
       Total:                         1168   620       3      
                                                              
    C:/Users/marco/CCS12.2.0.00009_win64/TivaWare_C_Series-2.1.4.178/driverlib/ccs/Debug/driverlib.lib
       sysctl.obj                     574    108       0      
       gpio.obj                       468    144       0      
       ssi.obj                        88     0         0      
    +--+------------------------------+------+---------+---------+
       Total:                         1130   252       0      
                                                              
    C:\ti\ccs1220\ccs\tools\compiler\ti-cgt-arm_20.2.7.LTS\lib\rtsv7M4_T_le_v4SPD16_eabi.lib
       k_rem_pio2.c.obj               1848   344       0      
       s_sin.c.obj                    1504   0         0      
       s_cos.c.obj                    1500   0         0      
       fd_add_t2.asm.obj              438    0         0      
       k_sin.c.obj                    372    0         0      
       k_cos.c.obj                    368    0         0      
       s_scalbn.c.obj                 272    0         0      
       fd_cmp_t2.asm.obj              268    0         0      
       fd_mul_t2.asm.obj              252    0         0      
       s_floor.c.obj                  248    0         0      
       memcpy_t2.asm.obj              156    0         0      
       copy_decompress_lzss.c.obj     104    0         0      
       fd_toi_t2.asm.obj              72     0         0      
       autoinit.c.obj                 68     0         0      
       boot_cortex_m.c.obj            52     0         0      
       i_tofd_t2.asm.obj              46     0         0      
       copy_zero_init.c.obj           28     0         0      
       s_copysign.c.obj               26     0         0      
       copy_decompress_none.c.obj     14     0         0      
       errno.c.obj                    8      0         4      
       exit.c.obj                     4      0         0      
       pre_init.c.obj                 4      0         0      
    +--+------------------------------+------+---------+---------+
       Total:                         7652   344       4      
                                                              
       Stack:                         0      0         512    
       Linker Generated:              0      43        0      
    +--+------------------------------+------+---------+---------+
       Grand Total:                   9950   1259      519    


LINKER GENERATED COPY TABLES

__TI_cinit_table @ 00002bc8 records: 2, size/record: 8, table size: 16
	.bss: load addr=00002bb8, load size=00000008 bytes, run addr=20000204, run size=00000003 bytes, compression=zero_init
	.data: load addr=00002bc0, load size=00000007 bytes, run addr=20000200, run size=00000004 bytes, compression=lzss


LINKER GENERATED HANDLER TABLE

__TI_handler_table @ 00002ba8 records: 3, size/record: 4, table size: 12
	index: 0, handler: __TI_decompress_lzss
	index: 1, handler: __TI_decompress_none
	index: 2, handler: __TI_zero_init


GLOBAL SYMBOLS: SORTED ALPHABETICALLY BY Name 

address   name                          
-------   ----                          
0000294d  C$$EXIT                       
00002873  GPIODirModeSet                
00001e81  GPIOPadConfigSet              
000026cd  GPIOPinConfigure              
000028d3  GPIOPinTypeGPIOOutput         
000028eb  GPIOPinTypeSSI                
0000293d  GPIOPinWrite                  
0000290b  ResetISR                      
0000292b  SSIBusy                       
000027a1  SSIConfigSetExpClk            
00002917  SSIDataPut                    
00002921  SSIEnable                     
00001fb5  SysCtlClockGet                
000023c9  SysCtlClockSet                
00002943  SysCtlDelay                   
000027dd  SysCtlPeripheralEnable        
20000200  __STACK_END                   
00000200  __STACK_SIZE                  
20000200  __STACK_TOP                   
00002bc8  __TI_CINIT_Base               
00002bd8  __TI_CINIT_Limit              
00002ba8  __TI_Handler_Table_Base       
00002bb4  __TI_Handler_Table_Limit      
0000275d  __TI_auto_init_nobinit_nopinit
00002665  __TI_decompress_lzss          
000028fd  __TI_decompress_none          
ffffffff  __TI_pprof_out_hndl           
ffffffff  __TI_prof_data_size           
ffffffff  __TI_prof_data_start          
00000000  __TI_static_base__            
0000289d  __TI_zero_init_nomemset       
00002559  __aeabi_cdcmpeq               
00002559  __aeabi_cdcmple               
000025df  __aeabi_cdrcmple              
00002715  __aeabi_d2iz                  
000019ef  __aeabi_dadd                  
000021d5  __aeabi_dmul                  
000019e5  __aeabi_dsub                  
00002935  __aeabi_errno_addr            
00002845  __aeabi_i2d                   
000024bd  __aeabi_memcpy                
000024bd  __aeabi_memcpy4               
000024bd  __aeabi_memcpy8               
ffffffff  __binit__                     
ffffffff  __c_args__                    
00001d11  __kernel_cos                  
0000026d  __kernel_rem_pio2             
00001b9d  __kernel_sin                  
UNDEFED   __mpu_init                    
20000000  __stack                       
20000000  __start___llvm_prf_cnts       
20000000  __stop___llvm_prf_cnts        
00002811  _c_int00_noargs               
UNDEFED   _system_post_cinit            
00002949  _system_pre_init              
0000294d  abort                         
ffffffff  binit                         
000028b9  copysign                      
000028b9  copysignl                     
00000f85  cos                           
00000f85  cosl                          
0000171d  drawClockHands                
000016cb  drawLine                      
000015ef  drawPixel                     
0000165f  drawRectangle                 
20000200  errno                         
000022d1  floor                         
000022d1  floorl                        
00000000  g_pfnVectors                  
20000204  hours                         
000015ad  initDisplay                   
000020c5  ldexp                         
000020c5  ldexpl                        
00001917  main                          
000024bd  memcpy                        
20000205  minutes                       
000020c5  scalbn                        
000020c5  scalbnl                       
20000206  seconds                       
000009a5  sin                           
000009a5  sinl                          
00001587  writeCommand                  
00001561  writeData                     


GLOBAL SYMBOLS: SORTED BY Symbol Address 

address   name                          
-------   ----                          
00000000  __TI_static_base__            
00000000  g_pfnVectors                  
00000200  __STACK_SIZE                  
0000026d  __kernel_rem_pio2             
000009a5  sin                           
000009a5  sinl                          
00000f85  cos                           
00000f85  cosl                          
00001561  writeData                     
00001587  writeCommand                  
000015ad  initDisplay                   
000015ef  drawPixel                     
0000165f  drawRectangle                 
000016cb  drawLine                      
0000171d  drawClockHands                
00001917  main                          
000019e5  __aeabi_dsub                  
000019ef  __aeabi_dadd                  
00001b9d  __kernel_sin                  
00001d11  __kernel_cos                  
00001e81  GPIOPadConfigSet              
00001fb5  SysCtlClockGet                
000020c5  ldexp                         
000020c5  ldexpl                        
000020c5  scalbn                        
000020c5  scalbnl                       
000021d5  __aeabi_dmul                  
000022d1  floor                         
000022d1  floorl                        
000023c9  SysCtlClockSet                
000024bd  __aeabi_memcpy                
000024bd  __aeabi_memcpy4               
000024bd  __aeabi_memcpy8               
000024bd  memcpy                        
00002559  __aeabi_cdcmpeq               
00002559  __aeabi_cdcmple               
000025df  __aeabi_cdrcmple              
00002665  __TI_decompress_lzss          
000026cd  GPIOPinConfigure              
00002715  __aeabi_d2iz                  
0000275d  __TI_auto_init_nobinit_nopinit
000027a1  SSIConfigSetExpClk            
000027dd  SysCtlPeripheralEnable        
00002811  _c_int00_noargs               
00002845  __aeabi_i2d                   
00002873  GPIODirModeSet                
0000289d  __TI_zero_init_nomemset       
000028b9  copysign                      
000028b9  copysignl                     
000028d3  GPIOPinTypeGPIOOutput         
000028eb  GPIOPinTypeSSI                
000028fd  __TI_decompress_none          
0000290b  ResetISR                      
00002917  SSIDataPut                    
00002921  SSIEnable                     
0000292b  SSIBusy                       
00002935  __aeabi_errno_addr            
0000293d  GPIOPinWrite                  
00002943  SysCtlDelay                   
00002949  _system_pre_init              
0000294d  C$$EXIT                       
0000294d  abort                         
00002ba8  __TI_Handler_Table_Base       
00002bb4  __TI_Handler_Table_Limit      
00002bc8  __TI_CINIT_Base               
00002bd8  __TI_CINIT_Limit              
20000000  __stack                       
20000000  __start___llvm_prf_cnts       
20000000  __stop___llvm_prf_cnts        
20000200  __STACK_END                   
20000200  __STACK_TOP                   
20000200  errno                         
20000204  hours                         
20000205  minutes                       
20000206  seconds                       
ffffffff  __TI_pprof_out_hndl           
ffffffff  __TI_prof_data_size           
ffffffff  __TI_prof_data_start          
ffffffff  __binit__                     
ffffffff  __c_args__                    
ffffffff  binit                         
UNDEFED   __mpu_init                    
UNDEFED   _system_post_cinit            

[83 symbols]
