******************************************************************************
                  TI ARM Linker PC v20.2.7                     
******************************************************************************
>> Linked Mon Jul  3 17:33:28 2023

OUTPUT FILE NAME:   <draw.out>
ENTRY POINT SYMBOL: "_c_int00_noargs"  address: 0000281d


MEMORY CONFIGURATION

         name            origin    length      used     unused   attr    fill
----------------------  --------  ---------  --------  --------  ----  --------
  FLASH                 00000000   00040000  00002bac  0003d454  R  X
  SRAM                  20000000   00008000  0000020c  00007df4  RW X


SEGMENT ALLOCATION MAP

run origin  load origin   length   init length attrs members
----------  ----------- ---------- ----------- ----- -------
00000000    00000000    00002bb0   00002bb0    r-x
  00000000    00000000    0000026c   0000026c    r-- .intvecs
  0000026c    0000026c    000026d4   000026d4    r-x .text
  00002940    00002940    00000254   00000254    r-- .const
  00002b98    00002b98    00000018   00000018    r-- .cinit
20000000    20000000    0000020c   00000000    rw-
  20000000    20000000    00000200   00000000    rw- .stack
  20000200    20000200    0000000c   00000000    rw- .data


SECTION ALLOCATION MAP

 output                                  attributes/
section   page    origin      length       input sections
--------  ----  ----------  ----------   ----------------
.intvecs   0    00000000    0000026c     
                  00000000    0000026c     tm4c123gh6pm_startup_ccs.obj (.intvecs)

.text      0    0000026c    000026d4     
                  0000026c    00000738     rtsv7M4_T_le_v4SPD16_eabi.lib : k_rem_pio2.c.obj (.text:__kernel_rem_pio2)
                  000009a4    000005e0                                   : s_sin.c.obj (.text:sin)
                  00000f84    000005dc                                   : s_cos.c.obj (.text:cos)
                  00001560    00000490     main.obj (.text)
                  000019f0    000001b6     rtsv7M4_T_le_v4SPD16_eabi.lib : fd_add_t2.asm.obj (.text)
                  00001ba6    00000002     --HOLE-- [fill = 0]
                  00001ba8    00000174                                   : k_sin.c.obj (.text:__kernel_sin)
                  00001d1c    00000170                                   : k_cos.c.obj (.text:__kernel_cos)
                  00001e8c    00000132     driverlib.lib : gpio.obj (.text:GPIOPadConfigSet)
                  00001fbe    00000002     --HOLE-- [fill = 0]
                  00001fc0    00000110                   : sysctl.obj (.text:SysCtlClockGet)
                  000020d0    00000110     rtsv7M4_T_le_v4SPD16_eabi.lib : s_scalbn.c.obj (.text:scalbn)
                  000021e0    000000fc                                   : fd_mul_t2.asm.obj (.text)
                  000022dc    000000f8                                   : s_floor.c.obj (.text:floor)
                  000023d4    000000f4     driverlib.lib : sysctl.obj (.text:SysCtlClockSet)
                  000024c8    0000009c     rtsv7M4_T_le_v4SPD16_eabi.lib : memcpy_t2.asm.obj (.text)
                  00002564    00000086                                   : fd_cmp_t2.asm.obj (.text:__aeabi_cdcmple)
                  000025ea    00000086                                   : fd_cmp_t2.asm.obj (.text:__aeabi_cdrcmple)
                  00002670    00000068                                   : copy_decompress_lzss.c.obj (.text:decompress:lzss:__TI_decompress_lzss)
                  000026d8    00000048     driverlib.lib : gpio.obj (.text:GPIOPinConfigure)
                  00002720    00000048     rtsv7M4_T_le_v4SPD16_eabi.lib : fd_toi_t2.asm.obj (.text)
                  00002768    00000044                                   : autoinit.c.obj (.text:__TI_auto_init_nobinit_nopinit:__TI_auto_init_nobinit_nopinit)
                  000027ac    0000003c     driverlib.lib : ssi.obj (.text:SSIConfigSetExpClk)
                  000027e8    00000034                   : sysctl.obj (.text:SysCtlPeripheralEnable)
                  0000281c    00000034     rtsv7M4_T_le_v4SPD16_eabi.lib : boot_cortex_m.c.obj (.text:_c_int00_noargs:_c_int00_noargs)
                  00002850    0000002e                                   : i_tofd_t2.asm.obj (.text)
                  0000287e    0000002a     driverlib.lib : gpio.obj (.text:GPIODirModeSet)
                  000028a8    0000001a     rtsv7M4_T_le_v4SPD16_eabi.lib : s_copysign.c.obj (.text:copysign)
                  000028c2    00000018     driverlib.lib : gpio.obj (.text:GPIOPinTypeGPIOOutput)
                  000028da    00000012                   : gpio.obj (.text:GPIOPinTypeSSI)
                  000028ec    0000000e     rtsv7M4_T_le_v4SPD16_eabi.lib : copy_decompress_none.c.obj (.text:decompress:none:__TI_decompress_none)
                  000028fa    0000000c     tm4c123gh6pm_startup_ccs.obj (.text)
                  00002906    0000000a     driverlib.lib : ssi.obj (.text:SSIDataPut)
                  00002910    0000000a                   : ssi.obj (.text:SSIEnable)
                  0000291a    00000008                   : ssi.obj (.text:SSIBusy)
                  00002922    00000002     --HOLE-- [fill = 0]
                  00002924    00000008     rtsv7M4_T_le_v4SPD16_eabi.lib : errno.c.obj (.text:__aeabi_errno_addr)
                  0000292c    00000006     driverlib.lib : gpio.obj (.text:GPIOPinWrite)
                  00002932    00000006                   : sysctl.obj (.text:SysCtlDelay)
                  00002938    00000004     rtsv7M4_T_le_v4SPD16_eabi.lib : pre_init.c.obj (.text:_system_pre_init)
                  0000293c    00000004                                   : exit.c.obj (.text:abort:abort)

.const     0    00002940    00000254     
                  00002940    00000158     rtsv7M4_T_le_v4SPD16_eabi.lib : k_rem_pio2.c.obj (.const:$O1$$)
                  00002a98    00000090     driverlib.lib : gpio.obj (.const:g_pui32GPIOBaseAddrs)
                  00002b28    0000006c                   : sysctl.obj (.const:g_pui32Xtals)

.cinit     0    00002b98    00000018     
                  00002b98    00000008     (__TI_handler_table)
                  00002ba0    00000007     (.cinit..data.load) [load image, compression = lzss]
                  00002ba7    00000001     --HOLE-- [fill = 0]
                  00002ba8    00000008     (__TI_cinit_table)

.init_array 
*          0    00000000    00000000     UNINITIALIZED

.data      0    20000200    0000000c     UNINITIALIZED
                  20000200    00000006     main.obj (.data)
                  20000206    00000002     --HOLE--
                  20000208    00000004     rtsv7M4_T_le_v4SPD16_eabi.lib : errno.c.obj (.data)

.stack     0    20000000    00000200     UNINITIALIZED
                  20000000    00000004     rtsv7M4_T_le_v4SPD16_eabi.lib : boot_cortex_m.c.obj (.stack)
                  20000004    000001fc     --HOLE--

__llvm_prf_cnts 
*          0    20000000    00000000     UNINITIALIZED

MODULE SUMMARY

       Module                         code   ro data   rw data
       ------                         ----   -------   -------
    .\
       main.obj                       1168   0         6      
       tm4c123gh6pm_startup_ccs.obj   12     620       0      
    +--+------------------------------+------+---------+---------+
       Total:                         1180   620       6      
                                                              
    C:/Users/marco/CCS12.2.0.00009_win64/TivaWare_C_Series-2.1.4.178/driverlib/ccs/Debug/driverlib.lib
       sysctl.obj                     574    108       0      
       gpio.obj                       468    144       0      
       ssi.obj                        88     0         0      
    +--+------------------------------+------+---------+---------+
       Total:                         1130   252       0      
                                                              
    C:\ti\ccs1220\ccs\tools\compiler\ti-cgt-arm_20.2.7.LTS\lib\rtsv7M4_T_le_v4SPD16_eabi.lib
       k_rem_pio2.c.obj               1848   344       0      
       s_sin.c.obj                    1504   0         0      
       s_cos.c.obj                    1500   0         0      
       fd_add_t2.asm.obj              438    0         0      
       k_sin.c.obj                    372    0         0      
       k_cos.c.obj                    368    0         0      
       s_scalbn.c.obj                 272    0         0      
       fd_cmp_t2.asm.obj              268    0         0      
       fd_mul_t2.asm.obj              252    0         0      
       s_floor.c.obj                  248    0         0      
       memcpy_t2.asm.obj              156    0         0      
       copy_decompress_lzss.c.obj     104    0         0      
       fd_toi_t2.asm.obj              72     0         0      
       autoinit.c.obj                 68     0         0      
       boot_cortex_m.c.obj            52     0         0      
       i_tofd_t2.asm.obj              46     0         0      
       s_copysign.c.obj               26     0         0      
       copy_decompress_none.c.obj     14     0         0      
       errno.c.obj                    8      0         4      
       exit.c.obj                     4      0         0      
       pre_init.c.obj                 4      0         0      
    +--+------------------------------+------+---------+---------+
       Total:                         7624   344       4      
                                                              
       Stack:                         0      0         512    
       Linker Generated:              0      23        0      
    +--+------------------------------+------+---------+---------+
       Grand Total:                   9934   1239      522    


LINKER GENERATED COPY TABLES

__TI_cinit_table @ 00002ba8 records: 1, size/record: 8, table size: 8
	.data: load addr=00002ba0, load size=00000007 bytes, run addr=20000200, run size=0000000c bytes, compression=lzss


LINKER GENERATED HANDLER TABLE

__TI_handler_table @ 00002b98 records: 2, size/record: 4, table size: 8
	index: 0, handler: __TI_decompress_lzss
	index: 1, handler: __TI_decompress_none


GLOBAL SYMBOLS: SORTED ALPHABETICALLY BY Name 

address   name                          
-------   ----                          
0000293d  C$$EXIT                       
0000287f  GPIODirModeSet                
00001e8d  GPIOPadConfigSet              
000026d9  GPIOPinConfigure              
000028c3  GPIOPinTypeGPIOOutput         
000028db  GPIOPinTypeSSI                
0000292d  GPIOPinWrite                  
000028fb  ResetISR                      
0000291b  SSIBusy                       
000027ad  SSIConfigSetExpClk            
00002907  SSIDataPut                    
00002911  SSIEnable                     
00001fc1  SysCtlClockGet                
000023d5  SysCtlClockSet                
00002933  SysCtlDelay                   
000027e9  SysCtlPeripheralEnable        
20000200  __STACK_END                   
00000200  __STACK_SIZE                  
20000200  __STACK_TOP                   
00002ba8  __TI_CINIT_Base               
00002bb0  __TI_CINIT_Limit              
00002b98  __TI_Handler_Table_Base       
00002ba0  __TI_Handler_Table_Limit      
00002769  __TI_auto_init_nobinit_nopinit
00002671  __TI_decompress_lzss          
000028ed  __TI_decompress_none          
ffffffff  __TI_pprof_out_hndl           
ffffffff  __TI_prof_data_size           
ffffffff  __TI_prof_data_start          
00000000  __TI_static_base__            
00002565  __aeabi_cdcmpeq               
00002565  __aeabi_cdcmple               
000025eb  __aeabi_cdrcmple              
00002721  __aeabi_d2iz                  
000019fb  __aeabi_dadd                  
000021e1  __aeabi_dmul                  
000019f1  __aeabi_dsub                  
00002925  __aeabi_errno_addr            
00002851  __aeabi_i2d                   
000024c9  __aeabi_memcpy                
000024c9  __aeabi_memcpy4               
000024c9  __aeabi_memcpy8               
ffffffff  __binit__                     
ffffffff  __c_args__                    
00001d1d  __kernel_cos                  
0000026d  __kernel_rem_pio2             
00001ba9  __kernel_sin                  
UNDEFED   __mpu_init                    
20000000  __stack                       
20000000  __start___llvm_prf_cnts       
20000000  __stop___llvm_prf_cnts        
0000281d  _c_int00_noargs               
UNDEFED   _system_post_cinit            
00002939  _system_pre_init              
0000293d  abort                         
ffffffff  binit                         
000028a9  copysign                      
000028a9  copysignl                     
00000f85  cos                           
00000f85  cosl                          
00001917  delayMilliseconds             
0000171d  drawClockHands                
000016cb  drawLine                      
000015ef  drawPixel                     
0000165f  drawRectangle                 
20000208  errno                         
000022dd  floor                         
000022dd  floorl                        
00000000  g_pfnVectors                  
20000200  horas                         
000015ad  initDisplay                   
000020d1  ldexp                         
000020d1  ldexpl                        
00001933  main                          
000024c9  memcpy                        
20000202  minutos                       
000020d1  scalbn                        
000020d1  scalbnl                       
20000204  segundos                      
000009a5  sin                           
000009a5  sinl                          
00001587  writeCommand                  
00001561  writeData                     


GLOBAL SYMBOLS: SORTED BY Symbol Address 

address   name                          
-------   ----                          
00000000  __TI_static_base__            
00000000  g_pfnVectors                  
00000200  __STACK_SIZE                  
0000026d  __kernel_rem_pio2             
000009a5  sin                           
000009a5  sinl                          
00000f85  cos                           
00000f85  cosl                          
00001561  writeData                     
00001587  writeCommand                  
000015ad  initDisplay                   
000015ef  drawPixel                     
0000165f  drawRectangle                 
000016cb  drawLine                      
0000171d  drawClockHands                
00001917  delayMilliseconds             
00001933  main                          
000019f1  __aeabi_dsub                  
000019fb  __aeabi_dadd                  
00001ba9  __kernel_sin                  
00001d1d  __kernel_cos                  
00001e8d  GPIOPadConfigSet              
00001fc1  SysCtlClockGet                
000020d1  ldexp                         
000020d1  ldexpl                        
000020d1  scalbn                        
000020d1  scalbnl                       
000021e1  __aeabi_dmul                  
000022dd  floor                         
000022dd  floorl                        
000023d5  SysCtlClockSet                
000024c9  __aeabi_memcpy                
000024c9  __aeabi_memcpy4               
000024c9  __aeabi_memcpy8               
000024c9  memcpy                        
00002565  __aeabi_cdcmpeq               
00002565  __aeabi_cdcmple               
000025eb  __aeabi_cdrcmple              
00002671  __TI_decompress_lzss          
000026d9  GPIOPinConfigure              
00002721  __aeabi_d2iz                  
00002769  __TI_auto_init_nobinit_nopinit
000027ad  SSIConfigSetExpClk            
000027e9  SysCtlPeripheralEnable        
0000281d  _c_int00_noargs               
00002851  __aeabi_i2d                   
0000287f  GPIODirModeSet                
000028a9  copysign                      
000028a9  copysignl                     
000028c3  GPIOPinTypeGPIOOutput         
000028db  GPIOPinTypeSSI                
000028ed  __TI_decompress_none          
000028fb  ResetISR                      
00002907  SSIDataPut                    
00002911  SSIEnable                     
0000291b  SSIBusy                       
00002925  __aeabi_errno_addr            
0000292d  GPIOPinWrite                  
00002933  SysCtlDelay                   
00002939  _system_pre_init              
0000293d  C$$EXIT                       
0000293d  abort                         
00002b98  __TI_Handler_Table_Base       
00002ba0  __TI_Handler_Table_Limit      
00002ba8  __TI_CINIT_Base               
00002bb0  __TI_CINIT_Limit              
20000000  __stack                       
20000000  __start___llvm_prf_cnts       
20000000  __stop___llvm_prf_cnts        
20000200  __STACK_END                   
20000200  __STACK_TOP                   
20000200  horas                         
20000202  minutos                       
20000204  segundos                      
20000208  errno                         
ffffffff  __TI_pprof_out_hndl           
ffffffff  __TI_prof_data_size           
ffffffff  __TI_prof_data_start          
ffffffff  __binit__                     
ffffffff  __c_args__                    
ffffffff  binit                         
UNDEFED   __mpu_init                    
UNDEFED   _system_post_cinit            

[83 symbols]
