******************************************************************************
                  TI ARM Linker PC v20.2.7                     
******************************************************************************
>> Linked Tue Jul 11 17:13:41 2023

OUTPUT FILE NAME:   <new_LCD.out>
ENTRY POINT SYMBOL: "_c_int00_noargs"  address: 00000fc9


MEMORY CONFIGURATION

         name            origin    length      used     unused   attr    fill
----------------------  --------  ---------  --------  --------  ----  --------
  FLASH                 00000000   00040000  0000146c  0003eb94  R  X
  SRAM                  20000000   00008000  000003f8  00007c08  RW X


SEGMENT ALLOCATION MAP

run origin  load origin   length   init length attrs members
----------  ----------- ---------- ----------- ----- -------
00000000    00000000    0000146c   0000146c    r-x
  00000000    00000000    0000026c   0000026c    r-- .intvecs
  0000026c    0000026c    00000df6   00000df6    r-x .text
  00001062    00001062    000003f6   000003f6    r-- .const
  00001458    00001458    00000014   00000014    r-- .cinit
20000000    20000000    000003f8   00000000    rw-
  20000000    20000000    00000200   00000000    rw- .stack
  20000200    20000200    000001f8   00000000    rw- .bss


SECTION ALLOCATION MAP

 output                                  attributes/
section   page    origin      length       input sections
--------  ----  ----------  ----------   ----------------
.intvecs   0    00000000    0000026c     
                  00000000    0000026c     tm4c123gh6pm_startup_ccs.obj (.intvecs)

.text      0    0000026c    00000df6     
                  0000026c    00000c24     Nokia5110.obj (.text)
                  00000e90    000000f4     driverlib.lib : sysctl.obj (.text:SysCtlClockSet)
                  00000f84    00000044     rtsv7M4_T_le_v4SPD16_eabi.lib : autoinit.c.obj (.text:__TI_auto_init_nobinit_nopinit:__TI_auto_init_nobinit_nopinit)
                  00000fc8    00000034                                   : boot_cortex_m.c.obj (.text:_c_int00_noargs:_c_int00_noargs)
                  00000ffc    00000030     main.obj (.text)
                  0000102c    0000001c     rtsv7M4_T_le_v4SPD16_eabi.lib : copy_zero_init.c.obj (.text:decompress:ZI:__TI_zero_init_nomemset:__TI_zero_init_nomemset)
                  00001048    0000000c     tm4c123gh6pm_startup_ccs.obj (.text)
                  00001054    00000006     driverlib.lib : sysctl.obj (.text:SysCtlDelay)
                  0000105a    00000004     rtsv7M4_T_le_v4SPD16_eabi.lib : pre_init.c.obj (.text:_system_pre_init)
                  0000105e    00000004                                   : exit.c.obj (.text:abort:abort)

.const     0    00001062    000003f6     
                  00001062    000001f8     main.obj (.const:.string:titulo_Bitmap)
                  0000125a    000001e5     Nokia5110.obj (.const:ASCII)
                  0000143f    0000000c     Nokia5110.obj (.const:MIX_SIMBOLS)
                  0000144b    00000008     Nokia5110.obj (.const:.string:Masks)
                  00001453    00000005     Nokia5110.obj (.const:SPECIAL_SIMBOLS)

.cinit     0    00001458    00000014     
                  00001458    00000008     (.cinit..bss.load) [load image, compression = zero_init]
                  00001460    00000004     (__TI_handler_table)
                  00001464    00000008     (__TI_cinit_table)

.init_array 
*          0    00000000    00000000     UNINITIALIZED

.bss       0    20000200    000001f8     UNINITIALIZED
                  20000200    000001f8     (.common:Screen)

.stack     0    20000000    00000200     UNINITIALIZED
                  20000000    00000004     rtsv7M4_T_le_v4SPD16_eabi.lib : boot_cortex_m.c.obj (.stack)
                  20000004    000001fc     --HOLE--

__llvm_prf_cnts 
*          0    20000000    00000000     UNINITIALIZED

MODULE SUMMARY

       Module                         code   ro data   rw data
       ------                         ----   -------   -------
    .\
       Nokia5110.obj                  3108   510       504    
       tm4c123gh6pm_startup_ccs.obj   12     620       0      
       main.obj                       48     504       0      
    +--+------------------------------+------+---------+---------+
       Total:                         3168   1634      504    
                                                              
    C:/Users/marco/CCS12.2.0.00009_win64/TivaWare_C_Series-2.1.4.178/driverlib/ccs/Debug/driverlib.lib
       sysctl.obj                     250    0         0      
    +--+------------------------------+------+---------+---------+
       Total:                         250    0         0      
                                                              
    C:\ti\ccs1220\ccs\tools\compiler\ti-cgt-arm_20.2.7.LTS\lib\rtsv7M4_T_le_v4SPD16_eabi.lib
       autoinit.c.obj                 68     0         0      
       boot_cortex_m.c.obj            52     0         0      
       copy_zero_init.c.obj           28     0         0      
       exit.c.obj                     4      0         0      
       pre_init.c.obj                 4      0         0      
    +--+------------------------------+------+---------+---------+
       Total:                         156    0         0      
                                                              
       Stack:                         0      0         512    
       Linker Generated:              0      20        0      
    +--+------------------------------+------+---------+---------+
       Grand Total:                   3574   1654      1016   


LINKER GENERATED COPY TABLES

__TI_cinit_table @ 00001464 records: 1, size/record: 8, table size: 8
	.bss: load addr=00001458, load size=00000008 bytes, run addr=20000200, run size=000001f8 bytes, compression=zero_init


LINKER GENERATED HANDLER TABLE

__TI_handler_table @ 00001460 records: 1, size/record: 4, table size: 4
	index: 0, handler: __TI_zero_init


GLOBAL SYMBOLS: SORTED ALPHABETICALLY BY Name 

address   name                          
-------   ----                          
0000105f  C$$EXIT                       
0000144b  Masks                         
000006f9  Nokia5110_Clear               
000009c1  Nokia5110_ClearBuffer         
000009f5  Nokia5110_ClrPxl              
000006b9  Nokia5110_Cursor              
000009eb  Nokia5110_DisplayBuffer       
00000d99  Nokia5110_DrawChar            
00000729  Nokia5110_DrawFullImage       
00000e03  Nokia5110_DrawMix             
00000dd1  Nokia5110_DrawSpecial         
000002db  Nokia5110_Init                
00000763  Nokia5110_MyDrawing           
000003f5  Nokia5110_OutChar             
00000c7b  Nokia5110_OutCharInv          
00000ab5  Nokia5110_OutDec              
00000d51  Nokia5110_OutSpecial          
00000435  Nokia5110_OutString           
00000d0d  Nokia5110_OutStringInv        
00000461  Nokia5110_OutUDec             
00000e7b  Nokia5110_Padding             
000007dd  Nokia5110_PrintBMP            
UNDEFED   Nokia5110_PrintBMP2           
00000665  Nokia5110_SetCursor           
00000a1b  Nokia5110_SetPxl              
00000a41  PLL_Init                      
00001049  ResetISR                      
20000200  Screen                        
00000e91  SysCtlClockSet                
00001055  SysCtlDelay                   
20000200  __STACK_END                   
00000200  __STACK_SIZE                  
20000200  __STACK_TOP                   
00001464  __TI_CINIT_Base               
0000146c  __TI_CINIT_Limit              
00001460  __TI_Handler_Table_Base       
00001464  __TI_Handler_Table_Limit      
00000f85  __TI_auto_init_nobinit_nopinit
ffffffff  __TI_pprof_out_hndl           
ffffffff  __TI_prof_data_size           
ffffffff  __TI_prof_data_start          
00000000  __TI_static_base__            
0000102d  __TI_zero_init_nomemset       
ffffffff  __binit__                     
ffffffff  __c_args__                    
UNDEFED   __mpu_init                    
20000000  __stack                       
20000000  __start___llvm_prf_cnts       
20000000  __stop___llvm_prf_cnts        
00000fc9  _c_int00_noargs               
UNDEFED   _system_post_cinit            
0000105b  _system_pre_init              
0000105f  abort                         
ffffffff  binit                         
00000000  g_pfnVectors                  
00000ffd  main                          
00001062  titulo_Bitmap                 


GLOBAL SYMBOLS: SORTED BY Symbol Address 

address   name                          
-------   ----                          
00000000  __TI_static_base__            
00000000  g_pfnVectors                  
00000200  __STACK_SIZE                  
000002db  Nokia5110_Init                
000003f5  Nokia5110_OutChar             
00000435  Nokia5110_OutString           
00000461  Nokia5110_OutUDec             
00000665  Nokia5110_SetCursor           
000006b9  Nokia5110_Cursor              
000006f9  Nokia5110_Clear               
00000729  Nokia5110_DrawFullImage       
00000763  Nokia5110_MyDrawing           
000007dd  Nokia5110_PrintBMP            
000009c1  Nokia5110_ClearBuffer         
000009eb  Nokia5110_DisplayBuffer       
000009f5  Nokia5110_ClrPxl              
00000a1b  Nokia5110_SetPxl              
00000a41  PLL_Init                      
00000ab5  Nokia5110_OutDec              
00000c7b  Nokia5110_OutCharInv          
00000d0d  Nokia5110_OutStringInv        
00000d51  Nokia5110_OutSpecial          
00000d99  Nokia5110_DrawChar            
00000dd1  Nokia5110_DrawSpecial         
00000e03  Nokia5110_DrawMix             
00000e7b  Nokia5110_Padding             
00000e91  SysCtlClockSet                
00000f85  __TI_auto_init_nobinit_nopinit
00000fc9  _c_int00_noargs               
00000ffd  main                          
0000102d  __TI_zero_init_nomemset       
00001049  ResetISR                      
00001055  SysCtlDelay                   
0000105b  _system_pre_init              
0000105f  C$$EXIT                       
0000105f  abort                         
00001062  titulo_Bitmap                 
0000144b  Masks                         
00001460  __TI_Handler_Table_Base       
00001464  __TI_CINIT_Base               
00001464  __TI_Handler_Table_Limit      
0000146c  __TI_CINIT_Limit              
20000000  __stack                       
20000000  __start___llvm_prf_cnts       
20000000  __stop___llvm_prf_cnts        
20000200  Screen                        
20000200  __STACK_END                   
20000200  __STACK_TOP                   
ffffffff  __TI_pprof_out_hndl           
ffffffff  __TI_prof_data_size           
ffffffff  __TI_prof_data_start          
ffffffff  __binit__                     
ffffffff  __c_args__                    
ffffffff  binit                         
UNDEFED   Nokia5110_PrintBMP2           
UNDEFED   __mpu_init                    
UNDEFED   _system_post_cinit            

[57 symbols]
