******************************************************************************
                  TI ARM Linker PC v20.2.7                     
******************************************************************************
>> Linked Sun Jul  9 01:34:21 2023

OUTPUT FILE NAME:   <Aprendendo 5 (PROVA- FINAL).out>
ENTRY POINT SYMBOL: "_c_int00_noargs"  address: 00000b51


MEMORY CONFIGURATION

         name            origin    length      used     unused   attr    fill
----------------------  --------  ---------  --------  --------  ----  --------
  FLASH                 00000000   00040000  00000bbe  0003f442  R  X
  SRAM                  20000000   00008000  0000020c  00007df4  RW X


SEGMENT ALLOCATION MAP

run origin  load origin   length   init length attrs members
----------  ----------- ---------- ----------- ----- -------
00000000    00000000    00000bc0   00000bc0    r-x
  00000000    00000000    0000026c   0000026c    r-- .intvecs
  0000026c    0000026c    0000093a   0000093a    r-x .text
  00000ba8    00000ba8    00000018   00000018    r-- .cinit
20000000    20000000    0000020c   00000000    rw-
  20000000    20000000    00000200   00000000    rw- .stack
  20000200    20000200    0000000c   00000000    rw- .data


SECTION ALLOCATION MAP

 output                                  attributes/
section   page    origin      length       input sections
--------  ----  ----------  ----------   ----------------
.intvecs   0    00000000    0000026c     
                  00000000    0000026c     tm4c1232h6pm_startup_ccs.obj (.intvecs)

.text      0    0000026c    0000093a     
                  0000026c    0000079c     main.obj (.text)
                  00000a08    0000009c     rtsv7M4_T_le_v4SPD16_eabi.lib : memcpy_t2.asm.obj (.text)
                  00000aa4    00000068                                   : copy_decompress_lzss.c.obj (.text:decompress:lzss:__TI_decompress_lzss)
                  00000b0c    00000044                                   : autoinit.c.obj (.text:__TI_auto_init_nobinit_nopinit:__TI_auto_init_nobinit_nopinit)
                  00000b50    00000034                                   : boot_cortex_m.c.obj (.text:_c_int00_noargs:_c_int00_noargs)
                  00000b84    0000000e                                   : copy_decompress_none.c.obj (.text:decompress:none:__TI_decompress_none)
                  00000b92    0000000c     tm4c1232h6pm_startup_ccs.obj (.text)
                  00000b9e    00000004     rtsv7M4_T_le_v4SPD16_eabi.lib : pre_init.c.obj (.text:_system_pre_init)
                  00000ba2    00000004                                   : exit.c.obj (.text:abort:abort)

.cinit     0    00000ba8    00000018     
                  00000ba8    00000008     (.cinit..data.load) [load image, compression = lzss]
                  00000bb0    00000008     (__TI_handler_table)
                  00000bb8    00000008     (__TI_cinit_table)

.init_array 
*          0    00000000    00000000     UNINITIALIZED

.data      0    20000200    0000000c     UNINITIALIZED
                  20000200    0000000c     main.obj (.data)

.stack     0    20000000    00000200     UNINITIALIZED
                  20000000    00000004     rtsv7M4_T_le_v4SPD16_eabi.lib : boot_cortex_m.c.obj (.stack)
                  20000004    000001fc     --HOLE--

__llvm_prf_cnts 
*          0    20000000    00000000     UNINITIALIZED

MODULE SUMMARY

       Module                         code   ro data   rw data
       ------                         ----   -------   -------
    .\
       main.obj                       1948   0         12     
       tm4c1232h6pm_startup_ccs.obj   12     620       0      
    +--+------------------------------+------+---------+---------+
       Total:                         1960   620       12     
                                                              
    C:\ti\ccs1220\ccs\tools\compiler\ti-cgt-arm_20.2.7.LTS\lib\rtsv7M4_T_le_v4SPD16_eabi.lib
       memcpy_t2.asm.obj              156    0         0      
       copy_decompress_lzss.c.obj     104    0         0      
       autoinit.c.obj                 68     0         0      
       boot_cortex_m.c.obj            52     0         0      
       copy_decompress_none.c.obj     14     0         0      
       exit.c.obj                     4      0         0      
       pre_init.c.obj                 4      0         0      
    +--+------------------------------+------+---------+---------+
       Total:                         402    0         0      
                                                              
       Stack:                         0      0         512    
       Linker Generated:              0      24        0      
    +--+------------------------------+------+---------+---------+
       Grand Total:                   2362   644       524    


LINKER GENERATED COPY TABLES

__TI_cinit_table @ 00000bb8 records: 1, size/record: 8, table size: 8
	.data: load addr=00000ba8, load size=00000008 bytes, run addr=20000200, run size=0000000c bytes, compression=lzss


LINKER GENERATED HANDLER TABLE

__TI_handler_table @ 00000bb0 records: 2, size/record: 4, table size: 8
	index: 0, handler: __TI_decompress_lzss
	index: 1, handler: __TI_decompress_none


GLOBAL SYMBOLS: SORTED ALPHABETICALLY BY Name 

address   name                          
-------   ----                          
00000ba3  C$$EXIT                       
00000277  HabilitaInterrupcao           
000003a1  Habilita_portal_todos         
00000b93  ResetISR                      
20000200  __STACK_END                   
00000200  __STACK_SIZE                  
20000200  __STACK_TOP                   
00000bb8  __TI_CINIT_Base               
00000bc0  __TI_CINIT_Limit              
00000bb0  __TI_Handler_Table_Base       
00000bb8  __TI_Handler_Table_Limit      
00000b0d  __TI_auto_init_nobinit_nopinit
00000aa5  __TI_decompress_lzss          
00000b85  __TI_decompress_none          
ffffffff  __TI_pprof_out_hndl           
ffffffff  __TI_prof_data_size           
ffffffff  __TI_prof_data_start          
00000000  __TI_static_base__            
00000a09  __aeabi_memcpy                
00000a09  __aeabi_memcpy4               
00000a09  __aeabi_memcpy8               
ffffffff  __binit__                     
ffffffff  __c_args__                    
UNDEFED   __mpu_init                    
20000000  __stack                       
20000000  __start___llvm_prf_cnts       
20000000  __stop___llvm_prf_cnts        
00000b51  _c_int00_noargs               
UNDEFED   _system_post_cinit            
00000b9f  _system_pre_init              
00000ba3  abort                         
0000078d  anti_horario                  
ffffffff  binit                         
00000295  configura_interrupcao_gpio    
0000043b  configura_pino_entrada        
000004a9  configura_pino_pull_up        
000003cd  configura_pino_saida          
0000038f  configura_systick             
0000056b  delay                         
00000335  desabilita_interrupcao_gpio   
00000383  desabilita_interrupcao_systick
000003b7  desabilita_portal             
000004ff  destrava_pino                 
0000026d  device_arm                    
00000595  escolhe_digito                
0000065d  escreve_1digito               
000004c7  escrita_pinos                 
00000000  g_pfnVectors                  
00000855  giro                          
00000317  habilita_interrupcao_gpio     
00000377  habilita_interrupcao_systick  
0000036b  habilita_systick              
000006d1  horario                       
00000875  interrupcao                   
000004e7  leitura_pinos                 
0000052b  limpa_display                 
00000353  limpa_interrupcao_gpio        
00000937  main                          
00000a09  memcpy                        
20000200  sentido                       
20000208  tipo_de_velocidade            
20000204  velocidade                    


GLOBAL SYMBOLS: SORTED BY Symbol Address 

address   name                          
-------   ----                          
00000000  __TI_static_base__            
00000000  g_pfnVectors                  
00000200  __STACK_SIZE                  
0000026d  device_arm                    
00000277  HabilitaInterrupcao           
00000295  configura_interrupcao_gpio    
00000317  habilita_interrupcao_gpio     
00000335  desabilita_interrupcao_gpio   
00000353  limpa_interrupcao_gpio        
0000036b  habilita_systick              
00000377  habilita_interrupcao_systick  
00000383  desabilita_interrupcao_systick
0000038f  configura_systick             
000003a1  Habilita_portal_todos         
000003b7  desabilita_portal             
000003cd  configura_pino_saida          
0000043b  configura_pino_entrada        
000004a9  configura_pino_pull_up        
000004c7  escrita_pinos                 
000004e7  leitura_pinos                 
000004ff  destrava_pino                 
0000052b  limpa_display                 
0000056b  delay                         
00000595  escolhe_digito                
0000065d  escreve_1digito               
000006d1  horario                       
0000078d  anti_horario                  
00000855  giro                          
00000875  interrupcao                   
00000937  main                          
00000a09  __aeabi_memcpy                
00000a09  __aeabi_memcpy4               
00000a09  __aeabi_memcpy8               
00000a09  memcpy                        
00000aa5  __TI_decompress_lzss          
00000b0d  __TI_auto_init_nobinit_nopinit
00000b51  _c_int00_noargs               
00000b85  __TI_decompress_none          
00000b93  ResetISR                      
00000b9f  _system_pre_init              
00000ba3  C$$EXIT                       
00000ba3  abort                         
00000bb0  __TI_Handler_Table_Base       
00000bb8  __TI_CINIT_Base               
00000bb8  __TI_Handler_Table_Limit      
00000bc0  __TI_CINIT_Limit              
20000000  __stack                       
20000000  __start___llvm_prf_cnts       
20000000  __stop___llvm_prf_cnts        
20000200  __STACK_END                   
20000200  __STACK_TOP                   
20000200  sentido                       
20000204  velocidade                    
20000208  tipo_de_velocidade            
ffffffff  __TI_pprof_out_hndl           
ffffffff  __TI_prof_data_size           
ffffffff  __TI_prof_data_start          
ffffffff  __binit__                     
ffffffff  __c_args__                    
ffffffff  binit                         
UNDEFED   __mpu_init                    
UNDEFED   _system_post_cinit            

[62 symbols]
