******************************************************************************
                  TI ARM Linker PC v20.2.7                     
******************************************************************************
>> Linked Tue Jun 27 16:07:05 2023

OUTPUT FILE NAME:   <INTERUPTS.out>
ENTRY POINT SYMBOL: "_c_int00_noinit_noargs"  address: 00000699


MEMORY CONFIGURATION

         name            origin    length      used     unused   attr    fill
----------------------  --------  ---------  --------  --------  ----  --------
  FLASH                 00000000   00040000  00000826  0003f7da  R  X
  SRAM                  20000000   00008000  00000200  00007e00  RW X


SEGMENT ALLOCATION MAP

run origin  load origin   length   init length attrs members
----------  ----------- ---------- ----------- ----- -------
00000000    00000000    00000828   00000828    r-x
  00000000    00000000    0000026c   0000026c    r-- .intvecs
  0000026c    0000026c    0000054a   0000054a    r-x .text
  000007b8    000007b8    00000070   00000070    r-- .const
20000000    20000000    00000200   00000000    rw-
  20000000    20000000    00000200   00000000    rw- .stack


SECTION ALLOCATION MAP

 output                                  attributes/
section   page    origin      length       input sections
--------  ----  ----------  ----------   ----------------
.intvecs   0    00000000    0000026c     
                  00000000    0000026c     tm4c123gh6pm_startup_ccs.obj (.intvecs)

.text      0    0000026c    0000054a     
                  0000026c    00000132     driverlib.lib : gpio.obj (.text:GPIOPadConfigSet)
                  0000039e    00000002     --HOLE-- [fill = 0]
                  000003a0    00000110     main.obj (.text)
                  000004b0    000000f4     driverlib.lib : sysctl.obj (.text:SysCtlClockSet)
                  000005a4    00000068                   : interrupt.obj (.text:IntEnable)
                  0000060c    00000056                   : gpio.obj (.text:GPIOIntTypeSet)
                  00000662    00000002     --HOLE-- [fill = 0]
                  00000664    00000034                   : sysctl.obj (.text:SysCtlPeripheralEnable)
                  00000698    0000002c     rtsv7M4_T_le_v4SPD16_eabi.lib : boot_cortex_m.c.obj (.text:_c_int00_noinit_noargs:_c_int00_noinit_noargs)
                  000006c4    0000002a     driverlib.lib : gpio.obj (.text:GPIODirModeSet)
                  000006ee    00000018                   : gpio.obj (.text:GPIOPinTypeGPIOOutput)
                  00000706    00000002     --HOLE-- [fill = 0]
                  00000708    00000014                   : systick.obj (.text:SysTickEnable)
                  0000071c    00000014                   : systick.obj (.text:SysTickIntEnable)
                  00000730    00000012                   : gpio.obj (.text:GPIOPinTypeGPIOInput)
                  00000742    00000010                   : interrupt.obj (.text:IntMasterEnable)
                  00000752    00000002     --HOLE-- [fill = 0]
                  00000754    00000010                   : systick.obj (.text:SysTickPeriodSet)
                  00000764    0000000e                   : gpio.obj (.text:GPIOIntStatus)
                  00000772    0000000c                   : cpu.obj (.text:CPUcpsie)
                  0000077e    0000000c                   : gpio.obj (.text:GPIOIntEnable)
                  0000078a    0000000c     tm4c123gh6pm_startup_ccs.obj (.text)
                  00000796    00000006     driverlib.lib : gpio.obj (.text:GPIOIntClear)
                  0000079c    00000006                   : gpio.obj (.text:GPIOPinRead)
                  000007a2    00000006                   : gpio.obj (.text:GPIOPinWrite)
                  000007a8    00000006                   : sysctl.obj (.text:SysCtlDelay)
                  000007ae    00000004     rtsv7M4_T_le_v4SPD16_eabi.lib : pre_init.c.obj (.text:_system_pre_init)
                  000007b2    00000004                                   : exit.c.obj (.text:abort:abort)

.const     0    000007b8    00000070     
                  000007b8    00000070     driverlib.lib : interrupt.obj (.const)

.cinit     0    00000000    00000000     UNINITIALIZED

.init_array 
*          0    00000000    00000000     UNINITIALIZED

.stack     0    20000000    00000200     UNINITIALIZED
                  20000000    00000004     rtsv7M4_T_le_v4SPD16_eabi.lib : boot_cortex_m.c.obj (.stack)
                  20000004    000001fc     --HOLE--

__llvm_prf_cnts 
*          0    20000000    00000000     UNINITIALIZED

MODULE SUMMARY

       Module                         code   ro data   rw data
       ------                         ----   -------   -------
    .\
       tm4c123gh6pm_startup_ccs.obj   12     620       0      
       main.obj                       272    0         0      
    +--+------------------------------+------+---------+---------+
       Total:                         284    620       0      
                                                              
    C:/Users/marco/CCS12.2.0.00009_win64/TivaWare_C_Series-2.1.4.178/driverlib/ccs/Debug/driverlib.lib
       gpio.obj                       520    0         0      
       sysctl.obj                     302    0         0      
       interrupt.obj                  120    112       0      
       systick.obj                    56     0         0      
       cpu.obj                        12     0         0      
    +--+------------------------------+------+---------+---------+
       Total:                         1010   112       0      
                                                              
    C:\ti\ccs1220\ccs\tools\compiler\ti-cgt-arm_20.2.7.LTS\lib\rtsv7M4_T_le_v4SPD16_eabi.lib
       boot_cortex_m.c.obj            44     0         0      
       exit.c.obj                     4      0         0      
       pre_init.c.obj                 4      0         0      
    +--+------------------------------+------+---------+---------+
       Total:                         52     0         0      
                                                              
       Stack:                         0      0         512    
    +--+------------------------------+------+---------+---------+
       Grand Total:                   1346   732       512    


GLOBAL SYMBOLS: SORTED ALPHABETICALLY BY Name 

address   name                   
-------   ----                   
000007b3  C$$EXIT                
00000773  CPUcpsie               
000006c5  GPIODirModeSet         
00000797  GPIOIntClear           
0000077f  GPIOIntEnable          
00000765  GPIOIntStatus          
0000060d  GPIOIntTypeSet         
0000026d  GPIOPadConfigSet       
0000079d  GPIOPinRead            
00000731  GPIOPinTypeGPIOInput   
000006ef  GPIOPinTypeGPIOOutput  
000007a3  GPIOPinWrite           
000005a5  IntEnable              
00000743  IntMasterEnable        
000003c5  PortFHandler           
0000078b  ResetISR               
000004b1  SysCtlClockSet         
000007a9  SysCtlDelay            
00000665  SysCtlPeripheralEnable 
00000709  SysTickEnable          
000003a1  SysTickHandler         
0000071d  SysTickIntEnable       
00000755  SysTickPeriodSet       
20000200  __STACK_END            
00000200  __STACK_SIZE           
20000200  __STACK_TOP            
ffffffff  __TI_pprof_out_hndl    
ffffffff  __TI_prof_data_size    
ffffffff  __TI_prof_data_start   
00000000  __TI_static_base__     
ffffffff  __binit__              
ffffffff  __c_args__             
UNDEFED   __mpu_init             
20000000  __stack                
20000000  __start___llvm_prf_cnts
20000000  __stop___llvm_prf_cnts 
00000699  _c_int00_noinit_noargs 
000007af  _system_pre_init       
000007b3  abort                  
ffffffff  binit                  
00000000  g_pfnVectors           
00000401  main                   


GLOBAL SYMBOLS: SORTED BY Symbol Address 

address   name                   
-------   ----                   
00000000  __TI_static_base__     
00000000  g_pfnVectors           
00000200  __STACK_SIZE           
0000026d  GPIOPadConfigSet       
000003a1  SysTickHandler         
000003c5  PortFHandler           
00000401  main                   
000004b1  SysCtlClockSet         
000005a5  IntEnable              
0000060d  GPIOIntTypeSet         
00000665  SysCtlPeripheralEnable 
00000699  _c_int00_noinit_noargs 
000006c5  GPIODirModeSet         
000006ef  GPIOPinTypeGPIOOutput  
00000709  SysTickEnable          
0000071d  SysTickIntEnable       
00000731  GPIOPinTypeGPIOInput   
00000743  IntMasterEnable        
00000755  SysTickPeriodSet       
00000765  GPIOIntStatus          
00000773  CPUcpsie               
0000077f  GPIOIntEnable          
0000078b  ResetISR               
00000797  GPIOIntClear           
0000079d  GPIOPinRead            
000007a3  GPIOPinWrite           
000007a9  SysCtlDelay            
000007af  _system_pre_init       
000007b3  C$$EXIT                
000007b3  abort                  
20000000  __stack                
20000000  __start___llvm_prf_cnts
20000000  __stop___llvm_prf_cnts 
20000200  __STACK_END            
20000200  __STACK_TOP            
ffffffff  __TI_pprof_out_hndl    
ffffffff  __TI_prof_data_size    
ffffffff  __TI_prof_data_start   
ffffffff  __binit__              
ffffffff  __c_args__             
ffffffff  binit                  
UNDEFED   __mpu_init             

[42 symbols]
