******************************************************************************
                  TI ARM Linker PC v20.2.7                     
******************************************************************************
>> Linked Tue Jul 11 16:25:30 2023

OUTPUT FILE NAME:   <acende_display.out>
ENTRY POINT SYMBOL: "_c_int00_noargs"  address: 00000d79


MEMORY CONFIGURATION

         name            origin    length      used     unused   attr    fill
----------------------  --------  ---------  --------  --------  ----  --------
  FLASH                 00000000   00040000  00000f46  0003f0ba  R  X
  SRAM                  20000000   00008000  00000208  00007df8  RW X


SEGMENT ALLOCATION MAP

run origin  load origin   length   init length attrs members
----------  ----------- ---------- ----------- ----- -------
00000000    00000000    00000f48   00000f48    r-x
  00000000    00000000    0000026c   0000026c    r-- .intvecs
  0000026c    0000026c    00000bfa   00000bfa    r-x .text
  00000e68    00000e68    000000b0   000000b0    r-- .const
  00000f18    00000f18    00000030   00000030    r-- .cinit
20000000    20000000    00000208   00000000    rw-
  20000000    20000000    00000200   00000000    rw- .stack
  20000200    20000200    00000004   00000000    rw- .bss
  20000204    20000204    00000004   00000000    rw- .data


SECTION ALLOCATION MAP

 output                                  attributes/
section   page    origin      length       input sections
--------  ----  ----------  ----------   ----------------
.intvecs   0    00000000    0000026c     
                  00000000    0000026c     tm4c123gh6pm_startup_ccs.obj (.intvecs)

.text      0    0000026c    00000bfa     
                  0000026c    000006a8     main.obj (.text)
                  00000914    00000132     driverlib.lib : gpio.obj (.text:GPIOPadConfigSet)
                  00000a46    00000002     --HOLE-- [fill = 0]
                  00000a48    000000f4                   : sysctl.obj (.text:SysCtlClockSet)
                  00000b3c    0000009c     rtsv7M4_T_le_v4SPD16_eabi.lib : memcpy_t2.asm.obj (.text)
                  00000bd8    00000068     driverlib.lib : interrupt.obj (.text:IntEnable)
                  00000c40    00000068     rtsv7M4_T_le_v4SPD16_eabi.lib : copy_decompress_lzss.c.obj (.text:decompress:lzss:__TI_decompress_lzss)
                  00000ca8    00000056     driverlib.lib : gpio.obj (.text:GPIOIntTypeSet)
                  00000cfe    00000002     --HOLE-- [fill = 0]
                  00000d00    00000044     rtsv7M4_T_le_v4SPD16_eabi.lib : autoinit.c.obj (.text:__TI_auto_init_nobinit_nopinit:__TI_auto_init_nobinit_nopinit)
                  00000d44    00000034     driverlib.lib : sysctl.obj (.text:SysCtlPeripheralEnable)
                  00000d78    00000034     rtsv7M4_T_le_v4SPD16_eabi.lib : boot_cortex_m.c.obj (.text:_c_int00_noargs:_c_int00_noargs)
                  00000dac    0000002a     driverlib.lib : gpio.obj (.text:GPIODirModeSet)
                  00000dd6    0000001c     rtsv7M4_T_le_v4SPD16_eabi.lib : copy_zero_init.c.obj (.text:decompress:ZI:__TI_zero_init_nomemset:__TI_zero_init_nomemset)
                  00000df2    00000012     driverlib.lib : gpio.obj (.text:GPIOPinTypeGPIOInput)
                  00000e04    00000010                   : interrupt.obj (.text:IntMasterEnable)
                  00000e14    0000000e     rtsv7M4_T_le_v4SPD16_eabi.lib : copy_decompress_none.c.obj (.text:decompress:none:__TI_decompress_none)
                  00000e22    0000000c     driverlib.lib : cpu.obj (.text:CPUcpsie)
                  00000e2e    0000000c                   : gpio.obj (.text:GPIOIntEnable)
                  00000e3a    0000000c     tm4c123gh6pm_startup_ccs.obj (.text)
                  00000e46    00000006     driverlib.lib : gpio.obj (.text:GPIOIntClear)
                  00000e4c    00000006                   : gpio.obj (.text:GPIOPinRead)
                  00000e52    00000006                   : gpio.obj (.text:GPIOPinWrite)
                  00000e58    00000006                   : sysctl.obj (.text:SysCtlDelay)
                  00000e5e    00000004     rtsv7M4_T_le_v4SPD16_eabi.lib : pre_init.c.obj (.text:_system_pre_init)
                  00000e62    00000004                                   : exit.c.obj (.text:abort:abort)

.const     0    00000e68    000000b0     
                  00000e68    00000070     driverlib.lib : interrupt.obj (.const)
                  00000ed8    00000020     main.obj (.const:$P$T0$1)
                  00000ef8    00000020     main.obj (.const:$P$T1$2)

.cinit     0    00000f18    00000030     
                  00000f18    0000000c     (__TI_handler_table)
                  00000f24    00000004     --HOLE-- [fill = 0]
                  00000f28    00000008     (.cinit..bss.load) [load image, compression = zero_init]
                  00000f30    00000008     (.cinit..data.load) [load image, compression = lzss]
                  00000f38    00000010     (__TI_cinit_table)

.init_array 
*          0    00000000    00000000     UNINITIALIZED

.bss       0    20000200    00000004     UNINITIALIZED
                  20000200    00000004     (.common:v)

.data      0    20000204    00000004     UNINITIALIZED
                  20000204    00000004     main.obj (.data)

.stack     0    20000000    00000200     UNINITIALIZED
                  20000000    00000004     rtsv7M4_T_le_v4SPD16_eabi.lib : boot_cortex_m.c.obj (.stack)
                  20000004    000001fc     --HOLE--

__llvm_prf_cnts 
*          0    20000000    00000000     UNINITIALIZED

MODULE SUMMARY

       Module                         code   ro data   rw data
       ------                         ----   -------   -------
    .\
       main.obj                       1704   64        8      
       tm4c123gh6pm_startup_ccs.obj   12     620       0      
    +--+------------------------------+------+---------+---------+
       Total:                         1716   684       8      
                                                              
    C:/Users/marco/CCS12.2.0.00009_win64/TivaWare_C_Series-2.1.4.178/driverlib/ccs/Debug/driverlib.lib
       gpio.obj                       482    0         0      
       sysctl.obj                     302    0         0      
       interrupt.obj                  120    112       0      
       cpu.obj                        12     0         0      
    +--+------------------------------+------+---------+---------+
       Total:                         916    112       0      
                                                              
    C:\ti\ccs1220\ccs\tools\compiler\ti-cgt-arm_20.2.7.LTS\lib\rtsv7M4_T_le_v4SPD16_eabi.lib
       memcpy_t2.asm.obj              156    0         0      
       copy_decompress_lzss.c.obj     104    0         0      
       autoinit.c.obj                 68     0         0      
       boot_cortex_m.c.obj            52     0         0      
       copy_zero_init.c.obj           28     0         0      
       copy_decompress_none.c.obj     14     0         0      
       exit.c.obj                     4      0         0      
       pre_init.c.obj                 4      0         0      
    +--+------------------------------+------+---------+---------+
       Total:                         430    0         0      
                                                              
       Stack:                         0      0         512    
       Linker Generated:              0      44        0      
    +--+------------------------------+------+---------+---------+
       Grand Total:                   3062   840       520    


LINKER GENERATED COPY TABLES

__TI_cinit_table @ 00000f38 records: 2, size/record: 8, table size: 16
	.bss: load addr=00000f28, load size=00000008 bytes, run addr=20000200, run size=00000004 bytes, compression=zero_init
	.data: load addr=00000f30, load size=00000008 bytes, run addr=20000204, run size=00000004 bytes, compression=lzss


LINKER GENERATED HANDLER TABLE

__TI_handler_table @ 00000f18 records: 3, size/record: 4, table size: 12
	index: 0, handler: __TI_decompress_lzss
	index: 1, handler: __TI_decompress_none
	index: 2, handler: __TI_zero_init


GLOBAL SYMBOLS: SORTED ALPHABETICALLY BY Name 

address   name                          
-------   ----                          
00000e63  C$$EXIT                       
00000e23  CPUcpsie                      
00000dad  GPIODirModeSet                
00000e47  GPIOIntClear                  
00000e2f  GPIOIntEnable                 
00000ca9  GPIOIntTypeSet                
00000915  GPIOPadConfigSet              
00000e4d  GPIOPinRead                   
00000df3  GPIOPinTypeGPIOInput          
00000e53  GPIOPinWrite                  
00000bd9  IntEnable                     
00000e05  IntMasterEnable               
00000785  PortFIntHandler               
00000e3b  ResetISR                      
00000a49  SysCtlClockSet                
00000e59  SysCtlDelay                   
00000d45  SysCtlPeripheralEnable        
20000200  __STACK_END                   
00000200  __STACK_SIZE                  
20000200  __STACK_TOP                   
00000f38  __TI_CINIT_Base               
00000f48  __TI_CINIT_Limit              
00000f18  __TI_Handler_Table_Base       
00000f24  __TI_Handler_Table_Limit      
00000d01  __TI_auto_init_nobinit_nopinit
00000c41  __TI_decompress_lzss          
00000e15  __TI_decompress_none          
ffffffff  __TI_pprof_out_hndl           
ffffffff  __TI_prof_data_size           
ffffffff  __TI_prof_data_start          
00000000  __TI_static_base__            
00000dd7  __TI_zero_init_nomemset       
00000b3d  __aeabi_memcpy                
00000b3d  __aeabi_memcpy4               
00000b3d  __aeabi_memcpy8               
ffffffff  __binit__                     
ffffffff  __c_args__                    
UNDEFED   __mpu_init                    
20000000  __stack                       
20000000  __start___llvm_prf_cnts       
20000000  __stop___llvm_prf_cnts        
00000d79  _c_int00_noargs               
UNDEFED   _system_post_cinit            
00000e5f  _system_pre_init              
00000e63  abort                         
ffffffff  binit                         
000002a9  configura_pino_saida          
00000377  delay                         
00000295  desabilita_portal             
00000383  escolhe_digito                
00000477  escreve_quadrado              
000005bb  escreve_quadrado_anti         
00000671  escreve_quadrado_anti_vel     
000004ef  escreve_quadrado_vel          
00000317  escrita_pinos                 
00000000  g_pfnVectors                  
00000281  habilita_portal               
0000026d  habilita_portal2              
00000337  limpa_display                 
0000082f  main                          
00000b3d  memcpy                        
0000045f  quadrado_baixo                
00000447  quadrado_cima                 
20000204  s                             
00000571  set_vel                       
00000729  set_vel_anti                  
20000200  v                             


GLOBAL SYMBOLS: SORTED BY Symbol Address 

address   name                          
-------   ----                          
00000000  __TI_static_base__            
00000000  g_pfnVectors                  
00000200  __STACK_SIZE                  
0000026d  habilita_portal2              
00000281  habilita_portal               
00000295  desabilita_portal             
000002a9  configura_pino_saida          
00000317  escrita_pinos                 
00000337  limpa_display                 
00000377  delay                         
00000383  escolhe_digito                
00000447  quadrado_cima                 
0000045f  quadrado_baixo                
00000477  escreve_quadrado              
000004ef  escreve_quadrado_vel          
00000571  set_vel                       
000005bb  escreve_quadrado_anti         
00000671  escreve_quadrado_anti_vel     
00000729  set_vel_anti                  
00000785  PortFIntHandler               
0000082f  main                          
00000915  GPIOPadConfigSet              
00000a49  SysCtlClockSet                
00000b3d  __aeabi_memcpy                
00000b3d  __aeabi_memcpy4               
00000b3d  __aeabi_memcpy8               
00000b3d  memcpy                        
00000bd9  IntEnable                     
00000c41  __TI_decompress_lzss          
00000ca9  GPIOIntTypeSet                
00000d01  __TI_auto_init_nobinit_nopinit
00000d45  SysCtlPeripheralEnable        
00000d79  _c_int00_noargs               
00000dad  GPIODirModeSet                
00000dd7  __TI_zero_init_nomemset       
00000df3  GPIOPinTypeGPIOInput          
00000e05  IntMasterEnable               
00000e15  __TI_decompress_none          
00000e23  CPUcpsie                      
00000e2f  GPIOIntEnable                 
00000e3b  ResetISR                      
00000e47  GPIOIntClear                  
00000e4d  GPIOPinRead                   
00000e53  GPIOPinWrite                  
00000e59  SysCtlDelay                   
00000e5f  _system_pre_init              
00000e63  C$$EXIT                       
00000e63  abort                         
00000f18  __TI_Handler_Table_Base       
00000f24  __TI_Handler_Table_Limit      
00000f38  __TI_CINIT_Base               
00000f48  __TI_CINIT_Limit              
20000000  __stack                       
20000000  __start___llvm_prf_cnts       
20000000  __stop___llvm_prf_cnts        
20000200  __STACK_END                   
20000200  __STACK_TOP                   
20000200  v                             
20000204  s                             
ffffffff  __TI_pprof_out_hndl           
ffffffff  __TI_prof_data_size           
ffffffff  __TI_prof_data_start          
ffffffff  __binit__                     
ffffffff  __c_args__                    
ffffffff  binit                         
UNDEFED   __mpu_init                    
UNDEFED   _system_post_cinit            

[67 symbols]
