******************************************************************************
                  TI ARM Linker PC v20.2.7                     
******************************************************************************
>> Linked Fri Jun 30 19:56:40 2023

OUTPUT FILE NAME:   <relogio.out>
ENTRY POINT SYMBOL: "_c_int00_noargs"  address: 00001211


MEMORY CONFIGURATION

         name            origin    length      used     unused   attr    fill
----------------------  --------  ---------  --------  --------  ----  --------
  FLASH                 00000000   00040000  00001561  0003ea9f  R  X
  SRAM                  20000000   00008000  000003f8  00007c08  RW X


SEGMENT ALLOCATION MAP

run origin  load origin   length   init length attrs members
----------  ----------- ---------- ----------- ----- -------
00000000    00000000    00001564   00001564    r-x
  00000000    00000000    0000026c   0000026c    r-- .intvecs
  0000026c    0000026c    00001050   00001050    r-x .text
  000012bc    000012bc    00000291   00000291    r-- .const
  00001550    00001550    00000014   00000014    r-- .cinit
20000000    20000000    000003f8   00000000    rw-
  20000000    20000000    00000200   00000000    rw- .stack
  20000200    20000200    000001f8   00000000    rw- .bss


SECTION ALLOCATION MAP

 output                                  attributes/
section   page    origin      length       input sections
--------  ----  ----------  ----------   ----------------
.intvecs   0    00000000    0000026c     
                  00000000    0000026c     tm4c123gh6pm_startup_ccs.obj (.intvecs)

.text      0    0000026c    00001050     
                  0000026c    00000c3c     Nokia5110.obj (.text)
                  00000ea8    00000132     driverlib.lib : gpio.obj (.text:GPIOPadConfigSet)
                  00000fda    00000002     --HOLE-- [fill = 0]
                  00000fdc    000000f4                   : sysctl.obj (.text:SysCtlClockSet)
                  000010d0    00000080     main.obj (.text)
                  00001150    00000048     driverlib.lib : gpio.obj (.text:GPIOPinConfigure)
                  00001198    00000044     rtsv7M4_T_le_v4SPD16_eabi.lib : autoinit.c.obj (.text:__TI_auto_init_nobinit_nopinit:__TI_auto_init_nobinit_nopinit)
                  000011dc    00000034     driverlib.lib : sysctl.obj (.text:SysCtlPeripheralEnable)
                  00001210    00000034     rtsv7M4_T_le_v4SPD16_eabi.lib : boot_cortex_m.c.obj (.text:_c_int00_noargs:_c_int00_noargs)
                  00001244    0000002a     driverlib.lib : gpio.obj (.text:GPIODirModeSet)
                  0000126e    0000001c     rtsv7M4_T_le_v4SPD16_eabi.lib : copy_zero_init.c.obj (.text:decompress:ZI:__TI_zero_init_nomemset:__TI_zero_init_nomemset)
                  0000128a    00000012     driverlib.lib : gpio.obj (.text:GPIOPinTypeUART)
                  0000129c    0000000c     tm4c123gh6pm_startup_ccs.obj (.text)
                  000012a8    00000006     driverlib.lib : sysctl.obj (.text:SysCtlDelay)
                  000012ae    00000006                   : uart.obj (.text:UARTClockSourceSet)
                  000012b4    00000004     rtsv7M4_T_le_v4SPD16_eabi.lib : pre_init.c.obj (.text:_system_pre_init)
                  000012b8    00000004                                   : exit.c.obj (.text:abort:abort)

.const     0    000012bc    00000291     
                  000012bc    000001e5     Nokia5110.obj (.const:ASCII)
                  000014a1    00000003     --HOLE-- [fill = 0]
                  000014a4    00000090     driverlib.lib : gpio.obj (.const:g_pui32GPIOBaseAddrs)
                  00001534    0000000c     Nokia5110.obj (.const:MIX_SIMBOLS)
                  00001540    00000008     Nokia5110.obj (.const:.string:Masks)
                  00001548    00000005     Nokia5110.obj (.const:SPECIAL_SIMBOLS)

.cinit     0    00001550    00000014     
                  00001550    00000008     (.cinit..bss.load) [load image, compression = zero_init]
                  00001558    00000004     (__TI_handler_table)
                  0000155c    00000008     (__TI_cinit_table)

.init_array 
*          0    00000000    00000000     UNINITIALIZED

.bss       0    20000200    000001f8     UNINITIALIZED
                  20000200    000001f8     (.common:Screen)

.stack     0    20000000    00000200     UNINITIALIZED
                  20000000    00000004     rtsv7M4_T_le_v4SPD16_eabi.lib : boot_cortex_m.c.obj (.stack)
                  20000004    000001fc     --HOLE--

__llvm_prf_cnts 
*          0    20000000    00000000     UNINITIALIZED

MODULE SUMMARY

       Module                         code   ro data   rw data
       ------                         ----   -------   -------
    .\
       Nokia5110.obj                  3132   510       504    
       tm4c123gh6pm_startup_ccs.obj   12     620       0      
       main.obj                       128    0         0      
    +--+------------------------------+------+---------+---------+
       Total:                         3272   1130      504    
                                                              
    C:/Users/marco/CCS12.2.0.00009_win64/TivaWare_C_Series-2.1.4.178/driverlib/ccs/Debug/driverlib.lib
       gpio.obj                       438    144       0      
       sysctl.obj                     302    0         0      
       uart.obj                       6      0         0      
    +--+------------------------------+------+---------+---------+
       Total:                         746    144       0      
                                                              
    C:\ti\ccs1220\ccs\tools\compiler\ti-cgt-arm_20.2.7.LTS\lib\rtsv7M4_T_le_v4SPD16_eabi.lib
       autoinit.c.obj                 68     0         0      
       boot_cortex_m.c.obj            52     0         0      
       copy_zero_init.c.obj           28     0         0      
       exit.c.obj                     4      0         0      
       pre_init.c.obj                 4      0         0      
    +--+------------------------------+------+---------+---------+
       Total:                         156    0         0      
                                                              
       Stack:                         0      0         512    
       Linker Generated:              0      20        0      
    +--+------------------------------+------+---------+---------+
       Grand Total:                   4174   1294      1016   


LINKER GENERATED COPY TABLES

__TI_cinit_table @ 0000155c records: 1, size/record: 8, table size: 8
	.bss: load addr=00001550, load size=00000008 bytes, run addr=20000200, run size=000001f8 bytes, compression=zero_init


LINKER GENERATED HANDLER TABLE

__TI_handler_table @ 00001558 records: 1, size/record: 4, table size: 4
	index: 0, handler: __TI_zero_init


GLOBAL SYMBOLS: SORTED ALPHABETICALLY BY Name 

address   name                          
-------   ----                          
000012b9  C$$EXIT                       
000010d1  ConfigureUART                 
00001245  GPIODirModeSet                
00000ea9  GPIOPadConfigSet              
00001151  GPIOPinConfigure              
0000128b  GPIOPinTypeUART               
00001540  Masks                         
000006f9  Nokia5110_Clear               
000009d9  Nokia5110_ClearBuffer         
00000a0d  Nokia5110_ClrPxl              
000006b9  Nokia5110_Cursor              
00000a03  Nokia5110_DisplayBuffer       
00000db1  Nokia5110_DrawChar            
00000729  Nokia5110_DrawFullImage       
00000e1b  Nokia5110_DrawMix             
00000de9  Nokia5110_DrawSpecial         
000002db  Nokia5110_Init                
00000763  Nokia5110_MyDrawing           
000003f5  Nokia5110_OutChar             
00000c93  Nokia5110_OutCharInv          
00000acd  Nokia5110_OutDec              
00000d69  Nokia5110_OutSpecial          
00000435  Nokia5110_OutString           
00000d25  Nokia5110_OutStringInv        
00000461  Nokia5110_OutUDec             
00000e93  Nokia5110_Padding             
000007f5  Nokia5110_PrintBMP            
00000665  Nokia5110_SetCursor           
00000a33  Nokia5110_SetPxl              
00000a59  PLL_Init                      
0000129d  ResetISR                      
20000200  Screen                        
00000fdd  SysCtlClockSet                
000012a9  SysCtlDelay                   
000011dd  SysCtlPeripheralEnable        
000012af  UARTClockSourceSet            
20000200  __STACK_END                   
00000200  __STACK_SIZE                  
20000200  __STACK_TOP                   
0000155c  __TI_CINIT_Base               
00001564  __TI_CINIT_Limit              
00001558  __TI_Handler_Table_Base       
0000155c  __TI_Handler_Table_Limit      
00001199  __TI_auto_init_nobinit_nopinit
ffffffff  __TI_pprof_out_hndl           
ffffffff  __TI_prof_data_size           
ffffffff  __TI_prof_data_start          
00000000  __TI_static_base__            
0000126f  __TI_zero_init_nomemset       
ffffffff  __binit__                     
ffffffff  __c_args__                    
UNDEFED   __mpu_init                    
20000000  __stack                       
20000000  __start___llvm_prf_cnts       
20000000  __stop___llvm_prf_cnts        
00001211  _c_int00_noargs               
UNDEFED   _system_post_cinit            
000012b5  _system_pre_init              
000012b9  abort                         
ffffffff  binit                         
00000000  g_pfnVectors                  
00001101  main                          


GLOBAL SYMBOLS: SORTED BY Symbol Address 

address   name                          
-------   ----                          
00000000  __TI_static_base__            
00000000  g_pfnVectors                  
00000200  __STACK_SIZE                  
000002db  Nokia5110_Init                
000003f5  Nokia5110_OutChar             
00000435  Nokia5110_OutString           
00000461  Nokia5110_OutUDec             
00000665  Nokia5110_SetCursor           
000006b9  Nokia5110_Cursor              
000006f9  Nokia5110_Clear               
00000729  Nokia5110_DrawFullImage       
00000763  Nokia5110_MyDrawing           
000007f5  Nokia5110_PrintBMP            
000009d9  Nokia5110_ClearBuffer         
00000a03  Nokia5110_DisplayBuffer       
00000a0d  Nokia5110_ClrPxl              
00000a33  Nokia5110_SetPxl              
00000a59  PLL_Init                      
00000acd  Nokia5110_OutDec              
00000c93  Nokia5110_OutCharInv          
00000d25  Nokia5110_OutStringInv        
00000d69  Nokia5110_OutSpecial          
00000db1  Nokia5110_DrawChar            
00000de9  Nokia5110_DrawSpecial         
00000e1b  Nokia5110_DrawMix             
00000e93  Nokia5110_Padding             
00000ea9  GPIOPadConfigSet              
00000fdd  SysCtlClockSet                
000010d1  ConfigureUART                 
00001101  main                          
00001151  GPIOPinConfigure              
00001199  __TI_auto_init_nobinit_nopinit
000011dd  SysCtlPeripheralEnable        
00001211  _c_int00_noargs               
00001245  GPIODirModeSet                
0000126f  __TI_zero_init_nomemset       
0000128b  GPIOPinTypeUART               
0000129d  ResetISR                      
000012a9  SysCtlDelay                   
000012af  UARTClockSourceSet            
000012b5  _system_pre_init              
000012b9  C$$EXIT                       
000012b9  abort                         
00001540  Masks                         
00001558  __TI_Handler_Table_Base       
0000155c  __TI_CINIT_Base               
0000155c  __TI_Handler_Table_Limit      
00001564  __TI_CINIT_Limit              
20000000  __stack                       
20000000  __start___llvm_prf_cnts       
20000000  __stop___llvm_prf_cnts        
20000200  Screen                        
20000200  __STACK_END                   
20000200  __STACK_TOP                   
ffffffff  __TI_pprof_out_hndl           
ffffffff  __TI_prof_data_size           
ffffffff  __TI_prof_data_start          
ffffffff  __binit__                     
ffffffff  __c_args__                    
ffffffff  binit                         
UNDEFED   __mpu_init                    
UNDEFED   _system_post_cinit            

[62 symbols]
