******************************************************************************
                  TI ARM Linker PC v20.2.7                     
******************************************************************************
>> Linked Wed Jul 12 09:11:40 2023

OUTPUT FILE NAME:   <nokia_classsico.out>
ENTRY POINT SYMBOL: "_c_int00_noargs"  address: 00001dd5


MEMORY CONFIGURATION

         name            origin    length      used     unused   attr    fill
----------------------  --------  ---------  --------  --------  ----  --------
  FLASH                 00000000   00040000  00002148  0003deb8  R  X
  SRAM                  20000000   00008000  00000809  000077f7  RW X


SEGMENT ALLOCATION MAP

run origin  load origin   length   init length attrs members
----------  ----------- ---------- ----------- ----- -------
00000000    00000000    00002148   00002148    r-x
  00000000    00000000    0000026c   0000026c    r-- .intvecs
  0000026c    0000026c    00001c96   00001c96    r-x .text
  00001f02    00001f02    000001fe   000001fe    r-- .const
  00002100    00002100    00000048   00000048    r-- .cinit
20000000    20000000    0000080c   00000000    rw-
  20000000    20000000    000005ed   00000000    rw- .bss
  200005f0    200005f0    00000200   00000000    rw- .stack
  200007f0    200007f0    0000001c   00000000    rw- .data


SECTION ALLOCATION MAP

 output                                  attributes/
section   page    origin      length       input sections
--------  ----  ----------  ----------   ----------------
.intvecs   0    00000000    0000026c     
                  00000000    0000026c     tm4c123gh6pm_startup_ccs.obj (.intvecs)

.text      0    0000026c    00001c96     
                  0000026c    00000c24     Nokia5110.obj (.text)
                  00000e90    00000978     main.obj (.text)
                  00001808    000001ac     bot.obj (.text)
                  000019b4    00000132     driverlib.lib : gpio.obj (.text:GPIOPadConfigSet)
                  00001ae6    00000002     --HOLE-- [fill = 0]
                  00001ae8    000000f4                   : sysctl.obj (.text:SysCtlClockSet)
                  00001bdc    0000009c     rtsv7M4_T_le_v4SPD16_eabi.lib : memcpy_t2.asm.obj (.text)
                  00001c78    0000007a                                   : memset_t2.asm.obj (.text)
                  00001cf2    00000068                                   : copy_decompress_lzss.c.obj (.text:decompress:lzss:__TI_decompress_lzss)
                  00001d5a    00000002     --HOLE-- [fill = 0]
                  00001d5c    00000044                                   : autoinit.c.obj (.text:__TI_auto_init_nobinit_nopinit:__TI_auto_init_nobinit_nopinit)
                  00001da0    00000034     driverlib.lib : sysctl.obj (.text:SysCtlPeripheralEnable)
                  00001dd4    00000034     rtsv7M4_T_le_v4SPD16_eabi.lib : boot_cortex_m.c.obj (.text:_c_int00_noargs:_c_int00_noargs)
                  00001e08    0000002a     driverlib.lib : gpio.obj (.text:GPIODirModeSet)
                  00001e32    00000018                   : gpio.obj (.text:GPIOPinTypeGPIOOutput)
                  00001e4a    00000002     --HOLE-- [fill = 0]
                  00001e4c    00000014                   : systick.obj (.text:SysTickEnable)
                  00001e60    00000014                   : systick.obj (.text:SysTickIntEnable)
                  00001e74    00000012                   : gpio.obj (.text:GPIOPinTypeGPIOInput)
                  00001e86    00000010                   : interrupt.obj (.text:IntMasterEnable)
                  00001e96    00000002     --HOLE-- [fill = 0]
                  00001e98    00000010                   : systick.obj (.text:SysTickPeriodSet)
                  00001ea8    0000000e     rtsv7M4_T_le_v4SPD16_eabi.lib : copy_decompress_none.c.obj (.text:decompress:none:__TI_decompress_none)
                  00001eb6    0000000c     driverlib.lib : cpu.obj (.text:CPUcpsie)
                  00001ec2    00000002     --HOLE-- [fill = 0]
                  00001ec4    0000000c                   : systick.obj (.text:SysTickValueGet)
                  00001ed0    0000000c     rtsv7M4_T_le_v4SPD16_eabi.lib : copy_zero_init.c.obj (.text:decompress:ZI:__TI_zero_init)
                  00001edc    0000000c     tm4c123gh6pm_startup_ccs.obj (.text)
                  00001ee8    00000006     driverlib.lib : gpio.obj (.text:GPIOPinRead)
                  00001eee    00000006                   : gpio.obj (.text:GPIOPinWrite)
                  00001ef4    00000006                   : sysctl.obj (.text:SysCtlDelay)
                  00001efa    00000004     rtsv7M4_T_le_v4SPD16_eabi.lib : pre_init.c.obj (.text:_system_pre_init)
                  00001efe    00000004                                   : exit.c.obj (.text:abort:abort)

.const     0    00001f02    000001fe     
                  00001f02    000001e5     Nokia5110.obj (.const:ASCII)
                  000020e7    0000000c     Nokia5110.obj (.const:MIX_SIMBOLS)
                  000020f3    00000008     Nokia5110.obj (.const:.string:Masks)
                  000020fb    00000005     Nokia5110.obj (.const:SPECIAL_SIMBOLS)

.cinit     0    00002100    00000048     
                  00002100    00000021     (.cinit..data.load) [load image, compression = lzss]
                  00002121    00000003     --HOLE-- [fill = 0]
                  00002124    0000000c     (__TI_handler_table)
                  00002130    00000008     (.cinit..bss.load) [load image, compression = zero_init]
                  00002138    00000010     (__TI_cinit_table)

.init_array 
*          0    00000000    00000000     UNINITIALIZED

.bss       0    20000000    000005ed     UNINITIALIZED
                  20000000    000003f0     (.common:map)
                  200003f0    000001f8     (.common:Screen)
                  200005e8    00000004     (.common:before_button)
                  200005ec    00000001     (.common:_rand)

.data      0    200007f0    0000001c     UNINITIALIZED
                  200007f0    00000012     main.obj (.data)
                  20000802    00000006     main.obj (.data:speed_up_points)
                  20000808    00000002     main.obj (.data:head)
                  2000080a    00000002     main.obj (.data:tail)

.stack     0    200005f0    00000200     UNINITIALIZED
                  200005f0    00000004     rtsv7M4_T_le_v4SPD16_eabi.lib : boot_cortex_m.c.obj (.stack)
                  200005f4    000001fc     --HOLE--

__llvm_prf_cnts 
*          0    20000000    00000000     UNINITIALIZED

MODULE SUMMARY

       Module                         code   ro data   rw data
       ------                         ----   -------   -------
    .\
       Nokia5110.obj                  3108   510       504    
       main.obj                       2424   0         1041   
       tm4c123gh6pm_startup_ccs.obj   12     620       0      
       bot.obj                        428    0         0      
    +--+------------------------------+------+---------+---------+
       Total:                         5972   1130      1545   
                                                              
    C:/Users/marco/CCS12.2.0.00009_win64/TivaWare_C_Series-2.1.4.178/driverlib/ccs/Debug/driverlib.lib
       gpio.obj                       402    0         0      
       sysctl.obj                     302    0         0      
       systick.obj                    68     0         0      
       interrupt.obj                  16     0         0      
       cpu.obj                        12     0         0      
    +--+------------------------------+------+---------+---------+
       Total:                         800    0         0      
                                                              
    C:\ti\ccs1220\ccs\tools\compiler\ti-cgt-arm_20.2.7.LTS\lib\rtsv7M4_T_le_v4SPD16_eabi.lib
       memcpy_t2.asm.obj              156    0         0      
       memset_t2.asm.obj              122    0         0      
       copy_decompress_lzss.c.obj     104    0         0      
       autoinit.c.obj                 68     0         0      
       boot_cortex_m.c.obj            52     0         0      
       copy_decompress_none.c.obj     14     0         0      
       copy_zero_init.c.obj           12     0         0      
       exit.c.obj                     4      0         0      
       pre_init.c.obj                 4      0         0      
    +--+------------------------------+------+---------+---------+
       Total:                         536    0         0      
                                                              
       Stack:                         0      0         512    
       Linker Generated:              0      69        0      
    +--+------------------------------+------+---------+---------+
       Grand Total:                   7308   1199      2057   


LINKER GENERATED COPY TABLES

__TI_cinit_table @ 00002138 records: 2, size/record: 8, table size: 16
	.data: load addr=00002100, load size=00000021 bytes, run addr=200007f0, run size=0000001c bytes, compression=lzss
	.bss: load addr=00002130, load size=00000008 bytes, run addr=20000000, run size=000005ed bytes, compression=zero_init


LINKER GENERATED HANDLER TABLE

__TI_handler_table @ 00002124 records: 3, size/record: 4, table size: 12
	index: 0, handler: __TI_decompress_lzss
	index: 1, handler: __TI_decompress_none
	index: 2, handler: __TI_zero_init


GLOBAL SYMBOLS: SORTED ALPHABETICALLY BY Name 

address   name                          
-------   ----                          
00001eff  C$$EXIT                       
00001eb7  CPUcpsie                      
00001809  ConfigureButtons              
00001e09  GPIODirModeSet                
000019b5  GPIOPadConfigSet              
00001ee9  GPIOPinRead                   
00001e75  GPIOPinTypeGPIOInput          
00001e33  GPIOPinTypeGPIOOutput         
00001eef  GPIOPinWrite                  
0000185f  GetButton                     
00001e87  IntMasterEnable               
00000e91  MapStart                      
000020f3  Masks                         
000006f9  Nokia5110_Clear               
000009c1  Nokia5110_ClearBuffer         
000009f5  Nokia5110_ClrPxl              
000006b9  Nokia5110_Cursor              
000009eb  Nokia5110_DisplayBuffer       
00000d99  Nokia5110_DrawChar            
00000729  Nokia5110_DrawFullImage       
00000e03  Nokia5110_DrawMix             
00000dd1  Nokia5110_DrawSpecial         
000002db  Nokia5110_Init                
00000763  Nokia5110_MyDrawing           
000003f5  Nokia5110_OutChar             
00000c7b  Nokia5110_OutCharInv          
00000ab5  Nokia5110_OutDec              
00000d51  Nokia5110_OutSpecial          
00000435  Nokia5110_OutString           
00000d0d  Nokia5110_OutStringInv        
00000461  Nokia5110_OutUDec             
00000e7b  Nokia5110_Padding             
000007dd  Nokia5110_PrintBMP            
00000665  Nokia5110_SetCursor           
00000a1b  Nokia5110_SetPxl              
00000a41  PLL_Init                      
00001edd  ResetISR                      
200003f0  Screen                        
00001ae9  SysCtlClockSet                
00001ef5  SysCtlDelay                   
00001da1  SysCtlPeripheralEnable        
00001e4d  SysTickEnable                 
000015d5  SysTickHandler                
00001e61  SysTickIntEnable              
00001e99  SysTickPeriodSet              
00001ec5  SysTickValueGet               
200007f0  __STACK_END                   
00000200  __STACK_SIZE                  
200007f0  __STACK_TOP                   
00002138  __TI_CINIT_Base               
00002148  __TI_CINIT_Limit              
00002124  __TI_Handler_Table_Base       
00002130  __TI_Handler_Table_Limit      
00001d5d  __TI_auto_init_nobinit_nopinit
00001cf3  __TI_decompress_lzss          
00001ea9  __TI_decompress_none          
ffffffff  __TI_pprof_out_hndl           
ffffffff  __TI_prof_data_size           
ffffffff  __TI_prof_data_start          
00000000  __TI_static_base__            
00001ed1  __TI_zero_init                
00001c79  __aeabi_memclr                
00001c79  __aeabi_memclr4               
00001c79  __aeabi_memclr8               
00001bdd  __aeabi_memcpy                
00001bdd  __aeabi_memcpy4               
00001bdd  __aeabi_memcpy8               
00001c7b  __aeabi_memset                
00001c7b  __aeabi_memset4               
00001c7b  __aeabi_memset8               
200007f8  __aux                         
ffffffff  __binit__                     
ffffffff  __c_args__                    
UNDEFED   __mpu_init                    
200005f0  __stack                       
20000000  __start___llvm_prf_cnts       
20000000  __stop___llvm_prf_cnts        
00001dd5  _c_int00_noargs               
200007fc  _food_image                   
20000801  _food_tick_cur                
200007fe  _food_ticks                   
200005ec  _rand                         
200007fd  _squares                      
UNDEFED   _system_post_cinit            
00001efb  _system_pre_init              
20000800  _tick_cur                     
200007ff  _ticks                        
00001eff  abort                         
200005e8  before_button                 
ffffffff  binit                         
00001189  draw                          
200007f4  food_exist                    
00000000  g_pfnVectors                  
20000808  head                          
200007f0  last_button                   
00000f65  lost                          
0000166d  main                          
20000000  map                           
00001bdd  memcpy                        
00001c81  memset                        
00001315  move                          
000010b3  set_food                      
20000802  speed_up_points               
2000080a  tail                          


GLOBAL SYMBOLS: SORTED BY Symbol Address 

address   name                          
-------   ----                          
00000000  __TI_static_base__            
00000000  g_pfnVectors                  
00000200  __STACK_SIZE                  
000002db  Nokia5110_Init                
000003f5  Nokia5110_OutChar             
00000435  Nokia5110_OutString           
00000461  Nokia5110_OutUDec             
00000665  Nokia5110_SetCursor           
000006b9  Nokia5110_Cursor              
000006f9  Nokia5110_Clear               
00000729  Nokia5110_DrawFullImage       
00000763  Nokia5110_MyDrawing           
000007dd  Nokia5110_PrintBMP            
000009c1  Nokia5110_ClearBuffer         
000009eb  Nokia5110_DisplayBuffer       
000009f5  Nokia5110_ClrPxl              
00000a1b  Nokia5110_SetPxl              
00000a41  PLL_Init                      
00000ab5  Nokia5110_OutDec              
00000c7b  Nokia5110_OutCharInv          
00000d0d  Nokia5110_OutStringInv        
00000d51  Nokia5110_OutSpecial          
00000d99  Nokia5110_DrawChar            
00000dd1  Nokia5110_DrawSpecial         
00000e03  Nokia5110_DrawMix             
00000e7b  Nokia5110_Padding             
00000e91  MapStart                      
00000f65  lost                          
000010b3  set_food                      
00001189  draw                          
00001315  move                          
000015d5  SysTickHandler                
0000166d  main                          
00001809  ConfigureButtons              
0000185f  GetButton                     
000019b5  GPIOPadConfigSet              
00001ae9  SysCtlClockSet                
00001bdd  __aeabi_memcpy                
00001bdd  __aeabi_memcpy4               
00001bdd  __aeabi_memcpy8               
00001bdd  memcpy                        
00001c79  __aeabi_memclr                
00001c79  __aeabi_memclr4               
00001c79  __aeabi_memclr8               
00001c7b  __aeabi_memset                
00001c7b  __aeabi_memset4               
00001c7b  __aeabi_memset8               
00001c81  memset                        
00001cf3  __TI_decompress_lzss          
00001d5d  __TI_auto_init_nobinit_nopinit
00001da1  SysCtlPeripheralEnable        
00001dd5  _c_int00_noargs               
00001e09  GPIODirModeSet                
00001e33  GPIOPinTypeGPIOOutput         
00001e4d  SysTickEnable                 
00001e61  SysTickIntEnable              
00001e75  GPIOPinTypeGPIOInput          
00001e87  IntMasterEnable               
00001e99  SysTickPeriodSet              
00001ea9  __TI_decompress_none          
00001eb7  CPUcpsie                      
00001ec5  SysTickValueGet               
00001ed1  __TI_zero_init                
00001edd  ResetISR                      
00001ee9  GPIOPinRead                   
00001eef  GPIOPinWrite                  
00001ef5  SysCtlDelay                   
00001efb  _system_pre_init              
00001eff  C$$EXIT                       
00001eff  abort                         
000020f3  Masks                         
00002124  __TI_Handler_Table_Base       
00002130  __TI_Handler_Table_Limit      
00002138  __TI_CINIT_Base               
00002148  __TI_CINIT_Limit              
20000000  __start___llvm_prf_cnts       
20000000  __stop___llvm_prf_cnts        
20000000  map                           
200003f0  Screen                        
200005e8  before_button                 
200005ec  _rand                         
200005f0  __stack                       
200007f0  __STACK_END                   
200007f0  __STACK_TOP                   
200007f0  last_button                   
200007f4  food_exist                    
200007f8  __aux                         
200007fc  _food_image                   
200007fd  _squares                      
200007fe  _food_ticks                   
200007ff  _ticks                        
20000800  _tick_cur                     
20000801  _food_tick_cur                
20000802  speed_up_points               
20000808  head                          
2000080a  tail                          
ffffffff  __TI_pprof_out_hndl           
ffffffff  __TI_prof_data_size           
ffffffff  __TI_prof_data_start          
ffffffff  __binit__                     
ffffffff  __c_args__                    
ffffffff  binit                         
UNDEFED   __mpu_init                    
UNDEFED   _system_post_cinit            

[104 symbols]
