******************************************************************************
                  TI ARM Linker PC v20.2.7                     
******************************************************************************
>> Linked Thu Jun 15 16:59:57 2023

OUTPUT FILE NAME:   <uart-gpio.out>
ENTRY POINT SYMBOL: "_c_int00_noargs"  address: 0000072d


MEMORY CONFIGURATION

         name            origin    length      used     unused   attr    fill
----------------------  --------  ---------  --------  --------  ----  --------
  FLASH                 00000000   00040000  000008a8  0003f758  R  X
  SRAM                  20000000   00008000  00000204  00007dfc  RW X


SEGMENT ALLOCATION MAP

run origin  load origin   length   init length attrs members
----------  ----------- ---------- ----------- ----- -------
00000000    00000000    000008a8   000008a8    r-x
  00000000    00000000    0000026c   0000026c    r-- .intvecs
  0000026c    0000026c    00000594   00000594    r-x .text
  00000800    00000800    00000090   00000090    r-- .const
  00000890    00000890    00000018   00000018    r-- .cinit
20000000    20000000    00000204   00000000    rw-
  20000000    20000000    00000200   00000000    rw- .stack
  20000200    20000200    00000004   00000000    rw- .data


SECTION ALLOCATION MAP

 output                                  attributes/
section   page    origin      length       input sections
--------  ----  ----------  ----------   ----------------
.intvecs   0    00000000    0000026c     
                  00000000    0000026c     tm4c123gh6pm_startup_ccs.obj (.intvecs)

.text      0    0000026c    00000594     
                  0000026c    00000132     driverlib.lib : gpio.obj (.text:GPIOPadConfigSet)
                  0000039e    00000002     --HOLE-- [fill = 0]
                  000003a0    000000f4                   : sysctl.obj (.text:SysCtlClockSet)
                  00000494    000000d4     main.obj (.text)
                  00000568    0000009c     rtsv7M4_T_le_v4SPD16_eabi.lib : memcpy_t2.asm.obj (.text)
                  00000604    00000068                                   : copy_decompress_lzss.c.obj (.text:decompress:lzss:__TI_decompress_lzss)
                  0000066c    00000048     driverlib.lib : gpio.obj (.text:GPIOPinConfigure)
                  000006b4    00000044     rtsv7M4_T_le_v4SPD16_eabi.lib : autoinit.c.obj (.text:__TI_auto_init_nobinit_nopinit:__TI_auto_init_nobinit_nopinit)
                  000006f8    00000034     driverlib.lib : sysctl.obj (.text:SysCtlPeripheralEnable)
                  0000072c    00000034     rtsv7M4_T_le_v4SPD16_eabi.lib : boot_cortex_m.c.obj (.text:_c_int00_noargs:_c_int00_noargs)
                  00000760    0000002a     driverlib.lib : gpio.obj (.text:GPIODirModeSet)
                  0000078a    00000018                   : gpio.obj (.text:GPIOPinTypeGPIOOutput)
                  000007a2    00000012                   : gpio.obj (.text:GPIOPinTypeGPIOInput)
                  000007b4    00000012                   : gpio.obj (.text:GPIOPinTypeUART)
                  000007c6    0000000e     rtsv7M4_T_le_v4SPD16_eabi.lib : copy_decompress_none.c.obj (.text:decompress:none:__TI_decompress_none)
                  000007d4    0000000c     tm4c123gh6pm_startup_ccs.obj (.text)
                  000007e0    00000006     driverlib.lib : gpio.obj (.text:GPIOPinRead)
                  000007e6    00000006                   : gpio.obj (.text:GPIOPinWrite)
                  000007ec    00000006                   : sysctl.obj (.text:SysCtlDelay)
                  000007f2    00000006                   : uart.obj (.text:UARTClockSourceSet)
                  000007f8    00000004     rtsv7M4_T_le_v4SPD16_eabi.lib : pre_init.c.obj (.text:_system_pre_init)
                  000007fc    00000004                                   : exit.c.obj (.text:abort:abort)

.const     0    00000800    00000090     
                  00000800    00000090     driverlib.lib : gpio.obj (.const:g_pui32GPIOBaseAddrs)

.cinit     0    00000890    00000018     
                  00000890    00000008     (.cinit..data.load) [load image, compression = lzss]
                  00000898    00000008     (__TI_handler_table)
                  000008a0    00000008     (__TI_cinit_table)

.init_array 
*          0    00000000    00000000     UNINITIALIZED

.data      0    20000200    00000004     UNINITIALIZED
                  20000200    00000004     main.obj (.data)

.stack     0    20000000    00000200     UNINITIALIZED
                  20000000    00000004     rtsv7M4_T_le_v4SPD16_eabi.lib : boot_cortex_m.c.obj (.stack)
                  20000004    000001fc     --HOLE--

__llvm_prf_cnts 
*          0    20000000    00000000     UNINITIALIZED

MODULE SUMMARY

       Module                         code   ro data   rw data
       ------                         ----   -------   -------
    .\
       tm4c123gh6pm_startup_ccs.obj   12     620       0      
       main.obj                       212    0         4      
    +--+------------------------------+------+---------+---------+
       Total:                         224    620       4      
                                                              
    C:/Users/marco/CCS12.2.0.00009_win64/TivaWare_C_Series-2.1.4.178/driverlib/ccs/Debug/driverlib.lib
       gpio.obj                       492    144       0      
       sysctl.obj                     302    0         0      
       uart.obj                       6      0         0      
    +--+------------------------------+------+---------+---------+
       Total:                         800    144       0      
                                                              
    C:\ti\ccs1220\ccs\tools\compiler\ti-cgt-arm_20.2.7.LTS\lib\rtsv7M4_T_le_v4SPD16_eabi.lib
       memcpy_t2.asm.obj              156    0         0      
       copy_decompress_lzss.c.obj     104    0         0      
       autoinit.c.obj                 68     0         0      
       boot_cortex_m.c.obj            52     0         0      
       copy_decompress_none.c.obj     14     0         0      
       exit.c.obj                     4      0         0      
       pre_init.c.obj                 4      0         0      
    +--+------------------------------+------+---------+---------+
       Total:                         402    0         0      
                                                              
       Stack:                         0      0         512    
       Linker Generated:              0      24        0      
    +--+------------------------------+------+---------+---------+
       Grand Total:                   1426   788       516    


LINKER GENERATED COPY TABLES

__TI_cinit_table @ 000008a0 records: 1, size/record: 8, table size: 8
	.data: load addr=00000890, load size=00000008 bytes, run addr=20000200, run size=00000004 bytes, compression=lzss


LINKER GENERATED HANDLER TABLE

__TI_handler_table @ 00000898 records: 2, size/record: 4, table size: 8
	index: 0, handler: __TI_decompress_lzss
	index: 1, handler: __TI_decompress_none


GLOBAL SYMBOLS: SORTED ALPHABETICALLY BY Name 

address   name                          
-------   ----                          
000007fd  C$$EXIT                       
00000495  ConfigureUART                 
00000761  GPIODirModeSet                
0000026d  GPIOPadConfigSet              
0000066d  GPIOPinConfigure              
000007e1  GPIOPinRead                   
000007a3  GPIOPinTypeGPIOInput          
0000078b  GPIOPinTypeGPIOOutput         
000007b5  GPIOPinTypeUART               
000007e7  GPIOPinWrite                  
20000200  LED                           
000007d5  ResetISR                      
000003a1  SysCtlClockSet                
000007ed  SysCtlDelay                   
000006f9  SysCtlPeripheralEnable        
000007f3  UARTClockSourceSet            
20000200  __STACK_END                   
00000200  __STACK_SIZE                  
20000200  __STACK_TOP                   
000008a0  __TI_CINIT_Base               
000008a8  __TI_CINIT_Limit              
00000898  __TI_Handler_Table_Base       
000008a0  __TI_Handler_Table_Limit      
000006b5  __TI_auto_init_nobinit_nopinit
00000605  __TI_decompress_lzss          
000007c7  __TI_decompress_none          
ffffffff  __TI_pprof_out_hndl           
ffffffff  __TI_prof_data_size           
ffffffff  __TI_prof_data_start          
00000000  __TI_static_base__            
00000569  __aeabi_memcpy                
00000569  __aeabi_memcpy4               
00000569  __aeabi_memcpy8               
ffffffff  __binit__                     
ffffffff  __c_args__                    
UNDEFED   __mpu_init                    
20000000  __stack                       
20000000  __start___llvm_prf_cnts       
20000000  __stop___llvm_prf_cnts        
0000072d  _c_int00_noargs               
UNDEFED   _system_post_cinit            
000007f9  _system_pre_init              
000007fd  abort                         
ffffffff  binit                         
00000000  g_pfnVectors                  
000004c5  main                          
00000569  memcpy                        


GLOBAL SYMBOLS: SORTED BY Symbol Address 

address   name                          
-------   ----                          
00000000  __TI_static_base__            
00000000  g_pfnVectors                  
00000200  __STACK_SIZE                  
0000026d  GPIOPadConfigSet              
000003a1  SysCtlClockSet                
00000495  ConfigureUART                 
000004c5  main                          
00000569  __aeabi_memcpy                
00000569  __aeabi_memcpy4               
00000569  __aeabi_memcpy8               
00000569  memcpy                        
00000605  __TI_decompress_lzss          
0000066d  GPIOPinConfigure              
000006b5  __TI_auto_init_nobinit_nopinit
000006f9  SysCtlPeripheralEnable        
0000072d  _c_int00_noargs               
00000761  GPIODirModeSet                
0000078b  GPIOPinTypeGPIOOutput         
000007a3  GPIOPinTypeGPIOInput          
000007b5  GPIOPinTypeUART               
000007c7  __TI_decompress_none          
000007d5  ResetISR                      
000007e1  GPIOPinRead                   
000007e7  GPIOPinWrite                  
000007ed  SysCtlDelay                   
000007f3  UARTClockSourceSet            
000007f9  _system_pre_init              
000007fd  C$$EXIT                       
000007fd  abort                         
00000898  __TI_Handler_Table_Base       
000008a0  __TI_CINIT_Base               
000008a0  __TI_Handler_Table_Limit      
000008a8  __TI_CINIT_Limit              
20000000  __stack                       
20000000  __start___llvm_prf_cnts       
20000000  __stop___llvm_prf_cnts        
20000200  LED                           
20000200  __STACK_END                   
20000200  __STACK_TOP                   
ffffffff  __TI_pprof_out_hndl           
ffffffff  __TI_prof_data_size           
ffffffff  __TI_prof_data_start          
ffffffff  __binit__                     
ffffffff  __c_args__                    
ffffffff  binit                         
UNDEFED   __mpu_init                    
UNDEFED   _system_post_cinit            

[47 symbols]
