******************************************************************************
                  TI ARM Linker PC v18.12.1                    
******************************************************************************
>> Linked Mon Jul  1 21:47:03 2019

OUTPUT FILE NAME:   <ESCAPE MAZE.out>
ENTRY POINT SYMBOL: "_c_int00_noargs"  address: 00012b29


MEMORY CONFIGURATION

         name            origin    length      used     unused   attr    fill
----------------------  --------  ---------  --------  --------  ----  --------
  FLASH                 00000000   00040000  00012d7c  0002d284  R  X
  SRAM                  20000000   00008000  00001830  000067d0  RW X


SEGMENT ALLOCATION MAP

run origin  load origin   length   init length attrs members
----------  ----------- ---------- ----------- ----- -------
00000000    00000000    00012d80   00012d80    r-x
  00000000    00000000    0000026c   0000026c    r-- .intvecs
  0000026c    0000026c    0000f3e4   0000f3e4    r-- .const
  0000f650    0000f650    000036dc   000036dc    r-x .text
  00012d30    00012d30    00000050   00000050    r-- .cinit
20000000    20000000    00001834   00000000    rw-
  20000000    20000000    000015c4   00000000    rw- .bss
  200015c8    200015c8    00000200   00000000    rw- .stack
  200017c8    200017c8    0000006c   00000000    rw- .data


SECTION ALLOCATION MAP

 output                                  attributes/
section   page    origin      length       input sections
--------  ----  ----------  ----------   ----------------
.intvecs   0    00000000    0000026c     
                  00000000    0000026c     tm4c123gh6pm_startup_ccs.obj (.intvecs)

.const     0    0000026c    0000f3e4     
                  0000026c    000013b0     main.obj (.const:maze_library)
                  0000161c    000001f8     main.obj (.const:.string:Exit01)
                  00001814    000001f8     main.obj (.const:.string:Exit02)
                  00001a0c    000001f8     main.obj (.const:.string:Frame10)
                  00001c04    000001f8     main.obj (.const:.string:Frame11)
                  00001dfc    000001f8     main.obj (.const:.string:Frame12)
                  00001ff4    000001f8     main.obj (.const:.string:Frame13)
                  000021ec    000001f8     main.obj (.const:.string:Frame14)
                  000023e4    000001f8     main.obj (.const:.string:Frame15)
                  000025dc    000001f8     main.obj (.const:.string:Frame16)
                  000027d4    000001f8     main.obj (.const:.string:Frame17)
                  000029cc    000001f8     main.obj (.const:.string:Frame18)
                  00002bc4    000001f8     main.obj (.const:.string:Frame19)
                  00002dbc    000001f8     main.obj (.const:.string:Frame1)
                  00002fb4    000001f8     main.obj (.const:.string:Frame20)
                  000031ac    000001f8     main.obj (.const:.string:Frame21)
                  000033a4    000001f8     main.obj (.const:.string:Frame22)
                  0000359c    000001f8     main.obj (.const:.string:Frame23)
                  00003794    000001f8     main.obj (.const:.string:Frame24)
                  0000398c    000001f8     main.obj (.const:.string:Frame25)
                  00003b84    000001f8     main.obj (.const:.string:Frame26)
                  00003d7c    000001f8     main.obj (.const:.string:Frame27)
                  00003f74    000001f8     main.obj (.const:.string:Frame28)
                  0000416c    000001f8     main.obj (.const:.string:Frame29)
                  00004364    000001f8     main.obj (.const:.string:Frame2)
                  0000455c    000001f8     main.obj (.const:.string:Frame30)
                  00004754    000001f8     main.obj (.const:.string:Frame31)
                  0000494c    000001f8     main.obj (.const:.string:Frame32)
                  00004b44    000001f8     main.obj (.const:.string:Frame33)
                  00004d3c    000001f8     main.obj (.const:.string:Frame34)
                  00004f34    000001f8     main.obj (.const:.string:Frame35)
                  0000512c    000001f8     main.obj (.const:.string:Frame36)
                  00005324    000001f8     main.obj (.const:.string:Frame37)
                  0000551c    000001f8     main.obj (.const:.string:Frame38)
                  00005714    000001f8     main.obj (.const:.string:Frame39)
                  0000590c    000001f8     main.obj (.const:.string:Frame3)
                  00005b04    000001f8     main.obj (.const:.string:Frame40)
                  00005cfc    000001f8     main.obj (.const:.string:Frame41)
                  00005ef4    000001f8     main.obj (.const:.string:Frame42)
                  000060ec    000001f8     main.obj (.const:.string:Frame43)
                  000062e4    000001f8     main.obj (.const:.string:Frame44)
                  000064dc    000001f8     main.obj (.const:.string:Frame45)
                  000066d4    000001f8     main.obj (.const:.string:Frame46)
                  000068cc    000001f8     main.obj (.const:.string:Frame47)
                  00006ac4    000001f8     main.obj (.const:.string:Frame48)
                  00006cbc    000001f8     main.obj (.const:.string:Frame49)
                  00006eb4    000001f8     main.obj (.const:.string:Frame4)
                  000070ac    000001f8     main.obj (.const:.string:Frame50)
                  000072a4    000001f8     main.obj (.const:.string:Frame51)
                  0000749c    000001f8     main.obj (.const:.string:Frame52)
                  00007694    000001f8     main.obj (.const:.string:Frame53)
                  0000788c    000001f8     main.obj (.const:.string:Frame54)
                  00007a84    000001f8     main.obj (.const:.string:Frame55)
                  00007c7c    000001f8     main.obj (.const:.string:Frame56)
                  00007e74    000001f8     main.obj (.const:.string:Frame57)
                  0000806c    000001f8     main.obj (.const:.string:Frame58)
                  00008264    000001f8     main.obj (.const:.string:Frame59)
                  0000845c    000001f8     main.obj (.const:.string:Frame5)
                  00008654    000001f8     main.obj (.const:.string:Frame60)
                  0000884c    000001f8     main.obj (.const:.string:Frame61)
                  00008a44    000001f8     main.obj (.const:.string:Frame62)
                  00008c3c    000001f8     main.obj (.const:.string:Frame63)
                  00008e34    000001f8     main.obj (.const:.string:Frame64)
                  0000902c    000001f8     main.obj (.const:.string:Frame65)
                  00009224    000001f8     main.obj (.const:.string:Frame66)
                  0000941c    000001f8     main.obj (.const:.string:Frame67)
                  00009614    000001f8     main.obj (.const:.string:Frame68)
                  0000980c    000001f8     main.obj (.const:.string:Frame69)
                  00009a04    000001f8     main.obj (.const:.string:Frame6)
                  00009bfc    000001f8     main.obj (.const:.string:Frame70)
                  00009df4    000001f8     main.obj (.const:.string:Frame71)
                  00009fec    000001f8     main.obj (.const:.string:Frame72)
                  0000a1e4    000001f8     main.obj (.const:.string:Frame73)
                  0000a3dc    000001f8     main.obj (.const:.string:Frame74)
                  0000a5d4    000001f8     main.obj (.const:.string:Frame75)
                  0000a7cc    000001f8     main.obj (.const:.string:Frame76)
                  0000a9c4    000001f8     main.obj (.const:.string:Frame77)
                  0000abbc    000001f8     main.obj (.const:.string:Frame78)
                  0000adb4    000001f8     main.obj (.const:.string:Frame79)
                  0000afac    000001f8     main.obj (.const:.string:Frame7)
                  0000b1a4    000001f8     main.obj (.const:.string:Frame80)
                  0000b39c    000001f8     main.obj (.const:.string:Frame81)
                  0000b594    000001f8     main.obj (.const:.string:Frame82)
                  0000b78c    000001f8     main.obj (.const:.string:Frame83)
                  0000b984    000001f8     main.obj (.const:.string:Frame84)
                  0000bb7c    000001f8     main.obj (.const:.string:Frame85)
                  0000bd74    000001f8     main.obj (.const:.string:Frame86)
                  0000bf6c    000001f8     main.obj (.const:.string:Frame87)
                  0000c164    000001f8     main.obj (.const:.string:Frame88)
                  0000c35c    000001f8     main.obj (.const:.string:Frame89)
                  0000c554    000001f8     main.obj (.const:.string:Frame8)
                  0000c74c    000001f8     main.obj (.const:.string:Frame90)
                  0000c944    000001f8     main.obj (.const:.string:Frame91)
                  0000cb3c    000001f8     main.obj (.const:.string:Frame9)
                  0000cd34    000001f8     main.obj (.const:.string:GameOver01)
                  0000cf2c    000001f8     main.obj (.const:.string:GameOver02)
                  0000d124    000001f8     main.obj (.const:.string:Menu01_BG01)
                  0000d31c    000001f8     main.obj (.const:.string:Menu01_BG02)
                  0000d514    000001f8     main.obj (.const:.string:Menu02_BG01)
                  0000d70c    000001f8     main.obj (.const:.string:Menu02_BG02)
                  0000d904    000001f8     main.obj (.const:.string:Menu03_BG01)
                  0000dafc    000001f8     main.obj (.const:.string:Menu03_BG02)
                  0000dcf4    000001f8     main.obj (.const:.string:OptionAbout)
                  0000deec    000001f8     main.obj (.const:.string:OptionAboutEnd)
                  0000e0e4    000001f8     main.obj (.const:.string:OptionHelp01)
                  0000e2dc    000001f8     main.obj (.const:.string:OptionHelp02)
                  0000e4d4    000001f8     main.obj (.const:.string:OptionHelp03)
                  0000e6cc    000001f8     main.obj (.const:.string:OptionHelp04)
                  0000e8c4    000001f8     main.obj (.const:.string:OptionHelp05)
                  0000eabc    000001f8     main.obj (.const:.string:OptionHelp06)
                  0000ecb4    000001f8     main.obj (.const:.string:OptionHelpEnd)
                  0000eeac    000001f8     main.obj (.const:.string:Sucess01)
                  0000f0a4    000001f8     main.obj (.const:.string:Sucess02)
                  0000f29c    000001e0     Nokia5110.obj (.const:ASCII)
                  0000f47c    00000070     Nokia5110.obj (.const:.string:$P$T0$1)
                  0000f4ec    00000070     driverlib.lib : interrupt.obj (.const)
                  0000f55c    0000006c                   : sysctl.obj (.const:g_pui32Xtals)
                  0000f5c8    00000040     main.obj (.const:$P$T4$5)
                  0000f608    00000010     main.obj (.const:$P$T0$1)
                  0000f618    00000010     main.obj (.const:$P$T1$2)
                  0000f628    00000010     main.obj (.const:$P$T2$3)
                  0000f638    00000010     main.obj (.const:$P$T3$4)
                  0000f648    00000008     Nokia5110.obj (.const:.string:Masks)

.text      0    0000f650    000036dc     
                  0000f650    00001eb8     main.obj (.text)
                  00011508    00000b34     Nokia5110.obj (.text)
                  0001203c    000001b6     rtsv7M4_T_le_v4SPD16_eabi.lib : fd_add_t2.asm.obj (.text)
                  000121f2    00000136                                   : fd_div_t2.asm.obj (.text)
                  00012328    00000132     driverlib.lib : gpio.obj (.text:GPIOPadConfigSet)
                  0001245a    00000002     rtsv7M4_T_le_v4SPD16_eabi.lib : _lock.c.obj (.text:_nop)
                  0001245c    00000110     driverlib.lib : sysctl.obj (.text:SysCtlClockGet)
                  0001256c    000000fc     rtsv7M4_T_le_v4SPD16_eabi.lib : fd_mul_t2.asm.obj (.text)
                  00012668    000000f4     driverlib.lib : sysctl.obj (.text:SysCtlClockSet)
                  0001275c    0000009c     rtsv7M4_T_le_v4SPD16_eabi.lib : memcpy_t2.asm.obj (.text)
                  000127f8    0000007a     driverlib.lib : adc.obj (.text:ADCSequenceStepConfigure)
                  00012872    0000007a     rtsv7M4_T_le_v4SPD16_eabi.lib : memset_t2.asm.obj (.text)
                  000128ec    00000068     driverlib.lib : interrupt.obj (.text:IntEnable)
                  00012954    00000068     rtsv7M4_T_le_v4SPD16_eabi.lib : copy_decompress_lzss.c.obj (.text:decompress:lzss:__TI_decompress_lzss)
                  000129bc    00000060     driverlib.lib : timer.obj (.text:TimerConfigure)
                  00012a1c    00000050                   : adc.obj (.text:ADCSequenceConfigure)
                  00012a6c    00000044     rtsv7M4_T_le_v4SPD16_eabi.lib : autoinit.c.obj (.text:__TI_auto_init_nobinit_nopinit:__TI_auto_init_nobinit_nopinit)
                  00012ab0    00000044                                   : fd_tou_t2.asm.obj (.text)
                  00012af4    00000034     driverlib.lib : sysctl.obj (.text:SysCtlPeripheralEnable)
                  00012b28    00000034     rtsv7M4_T_le_v4SPD16_eabi.lib : boot_cortex_m.c.obj (.text:_c_int00_noargs:_c_int00_noargs)
                  00012b5c    00000034                                   : rand.c.obj (.text:rand)
                  00012b90    0000002e     driverlib.lib : adc.obj (.text:ADCIntStatus)
                  00012bbe    0000002a                   : gpio.obj (.text:GPIODirModeSet)
                  00012be8    00000024     rtsv7M4_T_le_v4SPD16_eabi.lib : rand.c.obj (.text:srand)
                  00012c0c    00000020                                   : u_tofd_t2.asm.obj (.text)
                  00012c2c    0000001e     driverlib.lib : adc.obj (.text:ADCSequenceDataGet)
                  00012c4a    00000018                   : adc.obj (.text:ADCProcessorTrigger)
                  00012c62    00000018                   : gpio.obj (.text:GPIOPinTypeGPIOOutput)
                  00012c7a    00000012                   : gpio.obj (.text:GPIOPinTypeGPIOInput)
                  00012c8c    00000012                   : timer.obj (.text:TimerLoadSet)
                  00012c9e    00000010                   : interrupt.obj (.text:IntMasterEnable)
                  00012cae    0000000e                   : adc.obj (.text:ADCSequenceEnable)
                  00012cbc    0000000e                   : timer.obj (.text:TimerEnable)
                  00012cca    0000000e     rtsv7M4_T_le_v4SPD16_eabi.lib : copy_decompress_none.c.obj (.text:decompress:none:__TI_decompress_none)
                  00012cd8    0000000c     driverlib.lib : cpu.obj (.text:CPUcpsie)
                  00012ce4    0000000c     rtsv7M4_T_le_v4SPD16_eabi.lib : copy_zero_init.c.obj (.text:decompress:ZI:__TI_zero_init)
                  00012cf0    0000000c     tm4c123gh6pm_startup_ccs.obj (.text)
                  00012cfc    0000000a     driverlib.lib : adc.obj (.text:ADCIntClear)
                  00012d06    00000008                   : timer.obj (.text:TimerIntEnable)
                  00012d0e    00000006                   : gpio.obj (.text:GPIOPinRead)
                  00012d14    00000006                   : gpio.obj (.text:GPIOPinWrite)
                  00012d1a    00000006                   : sysctl.obj (.text:SysCtlDelay)
                  00012d20    00000004                   : timer.obj (.text:TimerIntClear)
                  00012d24    00000004     rtsv7M4_T_le_v4SPD16_eabi.lib : pre_init.c.obj (.text:_system_pre_init)
                  00012d28    00000004                                   : exit.c.obj (.text:abort:abort)

.cinit     0    00012d30    00000050     
                  00012d30    00000029     (.cinit..data.load) [load image, compression = lzss]
                  00012d59    00000003     --HOLE-- [fill = 0]
                  00012d5c    0000000c     (__TI_handler_table)
                  00012d68    00000008     (.cinit..bss.load) [load image, compression = zero_init]
                  00012d70    00000010     (__TI_cinit_table)

.init_array 
*          0    00000000    00000000     UNINITIALIZED

.bss       0    20000000    000015c4     UNINITIALIZED
                  20000000    00000fc0     (.common:maze_out)
                  20000fc0    000001f8     (.common:Screen)
                  200011b8    000001f8     (.common:maze_in)
                  200013b0    000001f8     (.common:maze_reout)
                  200015a8    00000010     (.common:ui32ADC0Value)
                  200015b8    00000004     (.common:ui32TempAvg)
                  200015bc    00000004     (.common:ui32TempAvg2)
                  200015c0    00000004     (.common:ui32TempValueC)

.data      0    200017c8    0000006c     UNINITIALIZED
                  200017c8    00000040     main.obj (.data)
                  20001808    00000010     main.obj (.data:p_x)
                  20001818    00000010     main.obj (.data:p_y)
                  20001828    00000008     rtsv7M4_T_le_v4SPD16_eabi.lib : _lock.c.obj (.data:$O1$$)
                  20001830    00000004                                   : rand.c.obj (.data)

.stack     0    200015c8    00000200     UNINITIALIZED
                  200015c8    00000004     rtsv7M4_T_le_v4SPD16_eabi.lib : boot_cortex_m.c.obj (.stack)
                  200015cc    000001fc     --HOLE--

MODULE SUMMARY

       Module                         code    ro data   rw data
       ------                         ----    -------   -------
    .\
       main.obj                       7864    61616     5164   
       Nokia5110.obj                  2868    600       504    
       tm4c123gh6pm_startup_ccs.obj   12      620       0      
    +--+------------------------------+-------+---------+---------+
       Total:                         10744   62836     5668   
                                                               
    C:/ti/TivaWare_C_Series-2.1.4.178/driverlib/ccs/Debug/driverlib.lib
       sysctl.obj                     574     108       0      
       gpio.obj                       402     0         0      
       adc.obj                        326     0         0      
       interrupt.obj                  120     112       0      
       timer.obj                      140     0         0      
       cpu.obj                        12      0         0      
    +--+------------------------------+-------+---------+---------+
       Total:                         1574    220       0      
                                                               
    C:\ti\ccs900\ccs\tools\compiler\ti-cgt-arm_18.12.1.LTS\lib\rtsv7M4_T_le_v4SPD16_eabi.lib
       fd_add_t2.asm.obj              438     0         0      
       fd_div_t2.asm.obj              310     0         0      
       fd_mul_t2.asm.obj              252     0         0      
       memcpy_t2.asm.obj              156     0         0      
       memset_t2.asm.obj              122     0         0      
       copy_decompress_lzss.c.obj     104     0         0      
       rand.c.obj                     88      0         4      
       autoinit.c.obj                 68      0         0      
       fd_tou_t2.asm.obj              68      0         0      
       boot_cortex_m.c.obj            52      0         0      
       u_tofd_t2.asm.obj              32      0         0      
       copy_decompress_none.c.obj     14      0         0      
       copy_zero_init.c.obj           12      0         0      
       _lock.c.obj                    2       0         8      
       exit.c.obj                     4       0         0      
       pre_init.c.obj                 4       0         0      
    +--+------------------------------+-------+---------+---------+
       Total:                         1726    0         12     
                                                               
       Stack:                         0       0         512    
       Linker Generated:              0       77        0      
    +--+------------------------------+-------+---------+---------+
       Grand Total:                   14044   63133     6192   


LINKER GENERATED COPY TABLES

__TI_cinit_table @ 00012d70 records: 2, size/record: 8, table size: 16
	.data: load addr=00012d30, load size=00000029 bytes, run addr=200017c8, run size=0000006c bytes, compression=lzss
	.bss: load addr=00012d68, load size=00000008 bytes, run addr=20000000, run size=000015c4 bytes, compression=zero_init


LINKER GENERATED HANDLER TABLE

__TI_handler_table @ 00012d5c records: 3, size/record: 4, table size: 12
	index: 0, handler: __TI_decompress_lzss
	index: 1, handler: __TI_decompress_none
	index: 2, handler: __TI_zero_init


GLOBAL SYMBOLS: SORTED ALPHABETICALLY BY Name 

address   name                          
-------   ----                          
00012cfd  ADCIntClear                   
00012b91  ADCIntStatus                  
00012c4b  ADCProcessorTrigger           
00012a1d  ADCSequenceConfigure          
00012c2d  ADCSequenceDataGet            
00012caf  ADCSequenceEnable             
000127f9  ADCSequenceStepConfigure      
200017dc  BACK                          
00012d29  C$$EXIT                       
00012cd9  CPUcpsie                      
0000161c  Exit01                        
00001814  Exit02                        
00002dbc  Frame1                        
00001a0c  Frame10                       
00001c04  Frame11                       
00001dfc  Frame12                       
00001ff4  Frame13                       
000021ec  Frame14                       
000023e4  Frame15                       
000025dc  Frame16                       
000027d4  Frame17                       
000029cc  Frame18                       
00002bc4  Frame19                       
00004364  Frame2                        
00002fb4  Frame20                       
000031ac  Frame21                       
000033a4  Frame22                       
0000359c  Frame23                       
00003794  Frame24                       
0000398c  Frame25                       
00003b84  Frame26                       
00003d7c  Frame27                       
00003f74  Frame28                       
0000416c  Frame29                       
0000590c  Frame3                        
0000455c  Frame30                       
00004754  Frame31                       
0000494c  Frame32                       
00004b44  Frame33                       
00004d3c  Frame34                       
00004f34  Frame35                       
0000512c  Frame36                       
00005324  Frame37                       
0000551c  Frame38                       
00005714  Frame39                       
00006eb4  Frame4                        
00005b04  Frame40                       
00005cfc  Frame41                       
00005ef4  Frame42                       
000060ec  Frame43                       
000062e4  Frame44                       
000064dc  Frame45                       
000066d4  Frame46                       
000068cc  Frame47                       
00006ac4  Frame48                       
00006cbc  Frame49                       
0000845c  Frame5                        
000070ac  Frame50                       
000072a4  Frame51                       
0000749c  Frame52                       
00007694  Frame53                       
0000788c  Frame54                       
00007a84  Frame55                       
00007c7c  Frame56                       
00007e74  Frame57                       
0000806c  Frame58                       
00008264  Frame59                       
00009a04  Frame6                        
00008654  Frame60                       
0000884c  Frame61                       
00008a44  Frame62                       
00008c3c  Frame63                       
00008e34  Frame64                       
0000902c  Frame65                       
00009224  Frame66                       
0000941c  Frame67                       
00009614  Frame68                       
0000980c  Frame69                       
0000afac  Frame7                        
00009bfc  Frame70                       
00009df4  Frame71                       
00009fec  Frame72                       
0000a1e4  Frame73                       
0000a3dc  Frame74                       
0000a5d4  Frame75                       
0000a7cc  Frame76                       
0000a9c4  Frame77                       
0000abbc  Frame78                       
0000adb4  Frame79                       
0000c554  Frame8                        
0000b1a4  Frame80                       
0000b39c  Frame81                       
0000b594  Frame82                       
0000b78c  Frame83                       
0000b984  Frame84                       
0000bb7c  Frame85                       
0000bd74  Frame86                       
0000bf6c  Frame87                       
0000c164  Frame88                       
0000c35c  Frame89                       
0000cb3c  Frame9                        
0000c74c  Frame90                       
0000c944  Frame91                       
00012bbf  GPIODirModeSet                
00012329  GPIOPadConfigSet              
00012d0f  GPIOPinRead                   
00012c7b  GPIOPinTypeGPIOInput          
00012c63  GPIOPinTypeGPIOOutput         
00012d15  GPIOPinWrite                  
0000cd34  GameOver01                    
0000cf2c  GameOver02                    
200017c8  HIGH                          
0000f725  ImprimeImagem                 
000128ed  IntEnable                     
00012c9f  IntMasterEnable               
200017d0  LEFT                          
200017cc  LOW                           
0000f648  Masks                         
0000d124  Menu01_BG01                   
0000d31c  Menu01_BG02                   
0000d514  Menu02_BG01                   
0000d70c  Menu02_BG02                   
0000d904  Menu03_BG01                   
0000dafc  Menu03_BG02                   
00011951  Nokia5110_Clear               
00011bad  Nokia5110_ClearBuffer         
00011be1  Nokia5110_ClrPxl              
00011bd7  Nokia5110_DisplayBuffer       
00011981  Nokia5110_DrawFullImage       
00011e57  Nokia5110_DrawImage           
00011ea1  Nokia5110_DrawImage_status    
00011577  Nokia5110_Init                
00011691  Nokia5110_OutChar             
000116d1  Nokia5110_OutString           
000116fd  Nokia5110_OutUDec             
00011fd9  Nokia5110_Pinta_sqre          
000119c9  Nokia5110_PrintBMP            
00011c39  Nokia5110_PrintBMP2           
00011901  Nokia5110_SetCursor           
00011c13  Nokia5110_SetPxl              
00011cf1  Nokia5110_SetPxl_status       
00011d1d  Nokia5110_img                 
00011dbd  Nokia5110_img_16              
0000dcf4  OptionAbout                   
0000deec  OptionAboutEnd                
0000e0e4  OptionHelp01                  
0000e2dc  OptionHelp02                  
0000e4d4  OptionHelp03                  
0000e6cc  OptionHelp04                  
0000e8c4  OptionHelp05                  
0000eabc  OptionHelp06                  
0000ecb4  OptionHelpEnd                 
200017d4  RIGHT                         
00012cf1  ResetISR                      
200017d8  SELECT                        
200017e0  SORT                          
20000fc0  Screen                        
000110c5  Select                        
0001106d  SelectMenu                    
0000eeac  Sucess01                      
0000f0a4  Sucess02                      
0001245d  SysCtlClockGet                
00012669  SysCtlClockSet                
00012d1b  SysCtlDelay                   
00012af5  SysCtlPeripheralEnable        
000111f5  Timer0IntHandler              
000102dd  Timer1IntHandler              
000129bd  TimerConfigure                
00012cbd  TimerEnable                   
00012d21  TimerIntClear                 
00012d07  TimerIntEnable                
00012c8d  TimerLoadSet                  
200017c8  __STACK_END                   
00000200  __STACK_SIZE                  
200017c8  __STACK_TOP                   
00012d70  __TI_CINIT_Base               
00012d80  __TI_CINIT_Limit              
00012d5c  __TI_Handler_Table_Base       
00012d68  __TI_Handler_Table_Limit      
00012a6d  __TI_auto_init_nobinit_nopinit
00012955  __TI_decompress_lzss          
00012ccb  __TI_decompress_none          
ffffffff  __TI_pprof_out_hndl           
ffffffff  __TI_prof_data_size           
ffffffff  __TI_prof_data_start          
00000000  __TI_static_base__            
00012ce5  __TI_zero_init                
00012ab1  __aeabi_d2uiz                 
00012047  __aeabi_dadd                  
000121f3  __aeabi_ddiv                  
0001256d  __aeabi_dmul                  
0001203d  __aeabi_dsub                  
00012873  __aeabi_memclr                
00012873  __aeabi_memclr4               
00012873  __aeabi_memclr8               
0001275d  __aeabi_memcpy                
0001275d  __aeabi_memcpy4               
0001275d  __aeabi_memcpy8               
00012875  __aeabi_memset                
00012875  __aeabi_memset4               
00012875  __aeabi_memset8               
00012c0d  __aeabi_ui2d                  
ffffffff  __binit__                     
ffffffff  __c_args__                    
UNDEFED   __mpu_init                    
200015c8  __stack                       
00012b29  _c_int00_noargs               
20001828  _lock                         
0001245b  _nop                          
UNDEFED   _system_post_cinit            
00012d25  _system_pre_init              
2000182c  _unlock                       
00012d29  abort                         
ffffffff  binit                         
20001800  cont                          
200017e4  cont1                         
200017e8  conta                         
200017ec  cronometro                    
200017f4  esp                           
000107b9  function_exit                 
00000000  g_pfnVectors                  
0000f651  get_matriz_botao              
00010559  init_actor                    
00010755  init_maze                     
0001124d  main                          
200011b8  maze_in                       
0000026c  maze_library                  
20000000  maze_out                      
200013b0  maze_reout                    
000103b5  maze_to_bin                   
00010441  maze_to_hex                   
0001275d  memcpy                        
0001287b  memset                        
20001808  p_x                           
20001818  p_y                           
00012b5d  rand                          
200017f8  saida_x                       
200017fc  saida_y                       
000101c5  selectAbout                   
00010f25  selectHelp                    
000108f5  selectPlay                    
20001804  selection_menu                
00012be9  srand                         
200017f0  status_cronometro             
00010339  sucess                        
200015a8  ui32ADC0Value                 
200015b8  ui32TempAvg                   
200015bc  ui32TempAvg2                  
200015c0  ui32TempValueC                


GLOBAL SYMBOLS: SORTED BY Symbol Address 

address   name                          
-------   ----                          
00000000  __TI_static_base__            
00000000  g_pfnVectors                  
00000200  __STACK_SIZE                  
0000026c  maze_library                  
0000161c  Exit01                        
00001814  Exit02                        
00001a0c  Frame10                       
00001c04  Frame11                       
00001dfc  Frame12                       
00001ff4  Frame13                       
000021ec  Frame14                       
000023e4  Frame15                       
000025dc  Frame16                       
000027d4  Frame17                       
000029cc  Frame18                       
00002bc4  Frame19                       
00002dbc  Frame1                        
00002fb4  Frame20                       
000031ac  Frame21                       
000033a4  Frame22                       
0000359c  Frame23                       
00003794  Frame24                       
0000398c  Frame25                       
00003b84  Frame26                       
00003d7c  Frame27                       
00003f74  Frame28                       
0000416c  Frame29                       
00004364  Frame2                        
0000455c  Frame30                       
00004754  Frame31                       
0000494c  Frame32                       
00004b44  Frame33                       
00004d3c  Frame34                       
00004f34  Frame35                       
0000512c  Frame36                       
00005324  Frame37                       
0000551c  Frame38                       
00005714  Frame39                       
0000590c  Frame3                        
00005b04  Frame40                       
00005cfc  Frame41                       
00005ef4  Frame42                       
000060ec  Frame43                       
000062e4  Frame44                       
000064dc  Frame45                       
000066d4  Frame46                       
000068cc  Frame47                       
00006ac4  Frame48                       
00006cbc  Frame49                       
00006eb4  Frame4                        
000070ac  Frame50                       
000072a4  Frame51                       
0000749c  Frame52                       
00007694  Frame53                       
0000788c  Frame54                       
00007a84  Frame55                       
00007c7c  Frame56                       
00007e74  Frame57                       
0000806c  Frame58                       
00008264  Frame59                       
0000845c  Frame5                        
00008654  Frame60                       
0000884c  Frame61                       
00008a44  Frame62                       
00008c3c  Frame63                       
00008e34  Frame64                       
0000902c  Frame65                       
00009224  Frame66                       
0000941c  Frame67                       
00009614  Frame68                       
0000980c  Frame69                       
00009a04  Frame6                        
00009bfc  Frame70                       
00009df4  Frame71                       
00009fec  Frame72                       
0000a1e4  Frame73                       
0000a3dc  Frame74                       
0000a5d4  Frame75                       
0000a7cc  Frame76                       
0000a9c4  Frame77                       
0000abbc  Frame78                       
0000adb4  Frame79                       
0000afac  Frame7                        
0000b1a4  Frame80                       
0000b39c  Frame81                       
0000b594  Frame82                       
0000b78c  Frame83                       
0000b984  Frame84                       
0000bb7c  Frame85                       
0000bd74  Frame86                       
0000bf6c  Frame87                       
0000c164  Frame88                       
0000c35c  Frame89                       
0000c554  Frame8                        
0000c74c  Frame90                       
0000c944  Frame91                       
0000cb3c  Frame9                        
0000cd34  GameOver01                    
0000cf2c  GameOver02                    
0000d124  Menu01_BG01                   
0000d31c  Menu01_BG02                   
0000d514  Menu02_BG01                   
0000d70c  Menu02_BG02                   
0000d904  Menu03_BG01                   
0000dafc  Menu03_BG02                   
0000dcf4  OptionAbout                   
0000deec  OptionAboutEnd                
0000e0e4  OptionHelp01                  
0000e2dc  OptionHelp02                  
0000e4d4  OptionHelp03                  
0000e6cc  OptionHelp04                  
0000e8c4  OptionHelp05                  
0000eabc  OptionHelp06                  
0000ecb4  OptionHelpEnd                 
0000eeac  Sucess01                      
0000f0a4  Sucess02                      
0000f648  Masks                         
0000f651  get_matriz_botao              
0000f725  ImprimeImagem                 
000101c5  selectAbout                   
000102dd  Timer1IntHandler              
00010339  sucess                        
000103b5  maze_to_bin                   
00010441  maze_to_hex                   
00010559  init_actor                    
00010755  init_maze                     
000107b9  function_exit                 
000108f5  selectPlay                    
00010f25  selectHelp                    
0001106d  SelectMenu                    
000110c5  Select                        
000111f5  Timer0IntHandler              
0001124d  main                          
00011577  Nokia5110_Init                
00011691  Nokia5110_OutChar             
000116d1  Nokia5110_OutString           
000116fd  Nokia5110_OutUDec             
00011901  Nokia5110_SetCursor           
00011951  Nokia5110_Clear               
00011981  Nokia5110_DrawFullImage       
000119c9  Nokia5110_PrintBMP            
00011bad  Nokia5110_ClearBuffer         
00011bd7  Nokia5110_DisplayBuffer       
00011be1  Nokia5110_ClrPxl              
00011c13  Nokia5110_SetPxl              
00011c39  Nokia5110_PrintBMP2           
00011cf1  Nokia5110_SetPxl_status       
00011d1d  Nokia5110_img                 
00011dbd  Nokia5110_img_16              
00011e57  Nokia5110_DrawImage           
00011ea1  Nokia5110_DrawImage_status    
00011fd9  Nokia5110_Pinta_sqre          
0001203d  __aeabi_dsub                  
00012047  __aeabi_dadd                  
000121f3  __aeabi_ddiv                  
00012329  GPIOPadConfigSet              
0001245b  _nop                          
0001245d  SysCtlClockGet                
0001256d  __aeabi_dmul                  
00012669  SysCtlClockSet                
0001275d  __aeabi_memcpy                
0001275d  __aeabi_memcpy4               
0001275d  __aeabi_memcpy8               
0001275d  memcpy                        
000127f9  ADCSequenceStepConfigure      
00012873  __aeabi_memclr                
00012873  __aeabi_memclr4               
00012873  __aeabi_memclr8               
00012875  __aeabi_memset                
00012875  __aeabi_memset4               
00012875  __aeabi_memset8               
0001287b  memset                        
000128ed  IntEnable                     
00012955  __TI_decompress_lzss          
000129bd  TimerConfigure                
00012a1d  ADCSequenceConfigure          
00012a6d  __TI_auto_init_nobinit_nopinit
00012ab1  __aeabi_d2uiz                 
00012af5  SysCtlPeripheralEnable        
00012b29  _c_int00_noargs               
00012b5d  rand                          
00012b91  ADCIntStatus                  
00012bbf  GPIODirModeSet                
00012be9  srand                         
00012c0d  __aeabi_ui2d                  
00012c2d  ADCSequenceDataGet            
00012c4b  ADCProcessorTrigger           
00012c63  GPIOPinTypeGPIOOutput         
00012c7b  GPIOPinTypeGPIOInput          
00012c8d  TimerLoadSet                  
00012c9f  IntMasterEnable               
00012caf  ADCSequenceEnable             
00012cbd  TimerEnable                   
00012ccb  __TI_decompress_none          
00012cd9  CPUcpsie                      
00012ce5  __TI_zero_init                
00012cf1  ResetISR                      
00012cfd  ADCIntClear                   
00012d07  TimerIntEnable                
00012d0f  GPIOPinRead                   
00012d15  GPIOPinWrite                  
00012d1b  SysCtlDelay                   
00012d21  TimerIntClear                 
00012d25  _system_pre_init              
00012d29  C$$EXIT                       
00012d29  abort                         
00012d5c  __TI_Handler_Table_Base       
00012d68  __TI_Handler_Table_Limit      
00012d70  __TI_CINIT_Base               
00012d80  __TI_CINIT_Limit              
20000000  maze_out                      
20000fc0  Screen                        
200011b8  maze_in                       
200013b0  maze_reout                    
200015a8  ui32ADC0Value                 
200015b8  ui32TempAvg                   
200015bc  ui32TempAvg2                  
200015c0  ui32TempValueC                
200015c8  __stack                       
200017c8  HIGH                          
200017c8  __STACK_END                   
200017c8  __STACK_TOP                   
200017cc  LOW                           
200017d0  LEFT                          
200017d4  RIGHT                         
200017d8  SELECT                        
200017dc  BACK                          
200017e0  SORT                          
200017e4  cont1                         
200017e8  conta                         
200017ec  cronometro                    
200017f0  status_cronometro             
200017f4  esp                           
200017f8  saida_x                       
200017fc  saida_y                       
20001800  cont                          
20001804  selection_menu                
20001808  p_x                           
20001818  p_y                           
20001828  _lock                         
2000182c  _unlock                       
ffffffff  __TI_pprof_out_hndl           
ffffffff  __TI_prof_data_size           
ffffffff  __TI_prof_data_start          
ffffffff  __binit__                     
ffffffff  __c_args__                    
ffffffff  binit                         
UNDEFED   __mpu_init                    
UNDEFED   _system_post_cinit            

[249 symbols]
