******************************************************************************
                  TI ARM Linker PC v18.12.1                    
******************************************************************************
>> Linked Tue May 28 18:23:15 2019

OUTPUT FILE NAME:   <IMPRESSAO DISPLAY_TivaAre.out>
ENTRY POINT SYMBOL: "_c_int00_noargs"  address: 000012c1


MEMORY CONFIGURATION

         name            origin    length      used     unused   attr    fill
----------------------  --------  ---------  --------  --------  ----  --------
  FLASH                 00000000   00040000  00001865  0003e79b  R  X
  SRAM                  20000000   00008000  000003f8  00007c08  RW X


SEGMENT ALLOCATION MAP

run origin  load origin   length   init length attrs members
----------  ----------- ---------- ----------- ----- -------
00000000    00000000    0000186c   0000186c    r-x
  00000000    00000000    0000026c   0000026c    r-- .intvecs
  0000026c    0000026c    00001114   00001114    r-x .text
  00001380    00001380    000004d1   000004d1    r-- .const
  00001858    00001858    00000014   00000014    r-- .cinit
20000000    20000000    000003f8   00000000    rw-
  20000000    20000000    00000200   00000000    rw- .stack
  20000200    20000200    000001f8   00000000    rw- .bss


SECTION ALLOCATION MAP

 output                                  attributes/
section   page    origin      length       input sections
--------  ----  ----------  ----------   ----------------
.intvecs   0    00000000    0000026c     
                  00000000    0000026c     tm4c123gh6pm_startup_ccs.obj (.intvecs)

.text      0    0000026c    00001114     
                  0000026c    00000b34     Nokia5110.obj (.text)
                  00000da0    000001e4     main.obj (.text)
                  00000f84    00000132     driverlib.lib : gpio.obj (.text:GPIOPadConfigSet)
                  000010b6    00000002     --HOLE-- [fill = 0]
                  000010b8    000000f4                   : sysctl.obj (.text:SysCtlClockSet)
                  000011ac    0000009c     rtsv7M4_T_le_v4SPD16_eabi.lib : memcpy_t2.asm.obj (.text)
                  00001248    00000044                                   : autoinit.c.obj (.text:__TI_auto_init_nobinit_nopinit:__TI_auto_init_nobinit_nopinit)
                  0000128c    00000034     driverlib.lib : sysctl.obj (.text:SysCtlPeripheralEnable)
                  000012c0    00000034     rtsv7M4_T_le_v4SPD16_eabi.lib : boot_cortex_m.c.obj (.text:_c_int00_noargs:_c_int00_noargs)
                  000012f4    0000002a     driverlib.lib : gpio.obj (.text:GPIODirModeSet)
                  0000131e    00000018                   : gpio.obj (.text:GPIOPinTypeGPIOOutput)
                  00001336    00000012                   : gpio.obj (.text:GPIOPinTypeGPIOInput)
                  00001348    00000012     rtsv7M4_T_le_v4SPD16_eabi.lib : copy_zero_init.c.obj (.text:decompress:ZI:__TI_zero_init_nomemset:__TI_zero_init_nomemset)
                  0000135a    0000000c     tm4c123gh6pm_startup_ccs.obj (.text)
                  00001366    00000006     driverlib.lib : gpio.obj (.text:GPIOPinRead)
                  0000136c    00000006                   : gpio.obj (.text:GPIOPinWrite)
                  00001372    00000006                   : sysctl.obj (.text:SysCtlDelay)
                  00001378    00000004     rtsv7M4_T_le_v4SPD16_eabi.lib : pre_init.c.obj (.text:_system_pre_init)
                  0000137c    00000004                                   : exit.c.obj (.text:abort:abort)

.const     0    00001380    000004d1     
                  00001380    000001f8     main.obj (.const:.string:NomeBitmap)
                  00001578    000001e0     Nokia5110.obj (.const:ASCII)
                  00001758    00000070     Nokia5110.obj (.const:.string:$P$T0$1)
                  000017c8    00000040     main.obj (.const:$P$T4$5)
                  00001808    00000010     main.obj (.const:$P$T0$1)
                  00001818    00000010     main.obj (.const:$P$T1$2)
                  00001828    00000010     main.obj (.const:$P$T2$3)
                  00001838    00000010     main.obj (.const:$P$T3$4)
                  00001848    00000008     Nokia5110.obj (.const:.string:Masks)
                  00001850    00000001     main.obj (.const:.string:$P$T5$6)

.cinit     0    00001858    00000014     
                  00001858    00000008     (.cinit..bss.load) [load image, compression = zero_init]
                  00001860    00000004     (__TI_handler_table)
                  00001864    00000008     (__TI_cinit_table)

.init_array 
*          0    00000000    00000000     UNINITIALIZED

.bss       0    20000200    000001f8     UNINITIALIZED
                  20000200    000001f8     (.common:Screen)

.stack     0    20000000    00000200     UNINITIALIZED
                  20000000    00000004     rtsv7M4_T_le_v4SPD16_eabi.lib : boot_cortex_m.c.obj (.stack)
                  20000004    000001fc     --HOLE--

MODULE SUMMARY

       Module                         code   ro data   rw data
       ------                         ----   -------   -------
    .\
       Nokia5110.obj                  2868   600       504    
       main.obj                       484    633       0      
       tm4c123gh6pm_startup_ccs.obj   12     620       0      
    +--+------------------------------+------+---------+---------+
       Total:                         3364   1853      504    
                                                              
    C:/ti/TivaWare_C_Series-2.1.4.178/driverlib/ccs/Debug/driverlib.lib
       gpio.obj                       402    0         0      
       sysctl.obj                     302    0         0      
    +--+------------------------------+------+---------+---------+
       Total:                         704    0         0      
                                                              
    C:\ti\ccs900\ccs\tools\compiler\ti-cgt-arm_18.12.1.LTS\lib\rtsv7M4_T_le_v4SPD16_eabi.lib
       memcpy_t2.asm.obj              156    0         0      
       autoinit.c.obj                 68     0         0      
       boot_cortex_m.c.obj            52     0         0      
       copy_zero_init.c.obj           18     0         0      
       exit.c.obj                     4      0         0      
       pre_init.c.obj                 4      0         0      
    +--+------------------------------+------+---------+---------+
       Total:                         302    0         0      
                                                              
       Stack:                         0      0         512    
       Linker Generated:              0      20        0      
    +--+------------------------------+------+---------+---------+
       Grand Total:                   4370   1873      1016   


LINKER GENERATED COPY TABLES

__TI_cinit_table @ 00001864 records: 1, size/record: 8, table size: 8
	.bss: load addr=00001858, load size=00000008 bytes, run addr=20000200, run size=000001f8 bytes, compression=zero_init


LINKER GENERATED HANDLER TABLE

__TI_handler_table @ 00001860 records: 1, size/record: 4, table size: 4
	index: 0, handler: __TI_zero_init


GLOBAL SYMBOLS: SORTED ALPHABETICALLY BY Name 

address   name                          
-------   ----                          
0000137d  C$$EXIT                       
000012f5  GPIODirModeSet                
00000f85  GPIOPadConfigSet              
00001367  GPIOPinRead                   
00001337  GPIOPinTypeGPIOInput          
0000131f  GPIOPinTypeGPIOOutput         
0000136d  GPIOPinWrite                  
00000e5f  ImprimeImagem                 
00001848  Masks                         
000006b5  Nokia5110_Clear               
00000911  Nokia5110_ClearBuffer         
00000945  Nokia5110_ClrPxl              
0000093b  Nokia5110_DisplayBuffer       
000006e5  Nokia5110_DrawFullImage       
00000bbb  Nokia5110_DrawImage           
00000c05  Nokia5110_DrawImage_status    
000002db  Nokia5110_Init                
000003f5  Nokia5110_OutChar             
00000435  Nokia5110_OutString           
00000461  Nokia5110_OutUDec             
00000d3d  Nokia5110_Pinta_sqre          
0000072d  Nokia5110_PrintBMP            
0000099d  Nokia5110_PrintBMP2           
00000665  Nokia5110_SetCursor           
00000977  Nokia5110_SetPxl              
00000a55  Nokia5110_SetPxl_status       
00000a81  Nokia5110_img                 
00000b21  Nokia5110_img_16              
00001380  NomeBitmap                    
0000135b  ResetISR                      
20000200  Screen                        
000010b9  SysCtlClockSet                
00001373  SysCtlDelay                   
0000128d  SysCtlPeripheralEnable        
20000200  __STACK_END                   
00000200  __STACK_SIZE                  
20000200  __STACK_TOP                   
00001864  __TI_CINIT_Base               
0000186c  __TI_CINIT_Limit              
00001860  __TI_Handler_Table_Base       
00001864  __TI_Handler_Table_Limit      
00001249  __TI_auto_init_nobinit_nopinit
ffffffff  __TI_pprof_out_hndl           
ffffffff  __TI_prof_data_size           
ffffffff  __TI_prof_data_start          
00000000  __TI_static_base__            
00001349  __TI_zero_init_nomemset       
000011ad  __aeabi_memcpy                
000011ad  __aeabi_memcpy4               
000011ad  __aeabi_memcpy8               
ffffffff  __binit__                     
ffffffff  __c_args__                    
UNDEFED   __mpu_init                    
20000000  __stack                       
000012c1  _c_int00_noargs               
UNDEFED   _system_post_cinit            
00001379  _system_pre_init              
0000137d  abort                         
ffffffff  binit                         
00000000  g_pfnVectors                  
00000da1  get_matriz_botao              
00000e77  main                          
000011ad  memcpy                        


GLOBAL SYMBOLS: SORTED BY Symbol Address 

address   name                          
-------   ----                          
00000000  __TI_static_base__            
00000000  g_pfnVectors                  
00000200  __STACK_SIZE                  
000002db  Nokia5110_Init                
000003f5  Nokia5110_OutChar             
00000435  Nokia5110_OutString           
00000461  Nokia5110_OutUDec             
00000665  Nokia5110_SetCursor           
000006b5  Nokia5110_Clear               
000006e5  Nokia5110_DrawFullImage       
0000072d  Nokia5110_PrintBMP            
00000911  Nokia5110_ClearBuffer         
0000093b  Nokia5110_DisplayBuffer       
00000945  Nokia5110_ClrPxl              
00000977  Nokia5110_SetPxl              
0000099d  Nokia5110_PrintBMP2           
00000a55  Nokia5110_SetPxl_status       
00000a81  Nokia5110_img                 
00000b21  Nokia5110_img_16              
00000bbb  Nokia5110_DrawImage           
00000c05  Nokia5110_DrawImage_status    
00000d3d  Nokia5110_Pinta_sqre          
00000da1  get_matriz_botao              
00000e5f  ImprimeImagem                 
00000e77  main                          
00000f85  GPIOPadConfigSet              
000010b9  SysCtlClockSet                
000011ad  __aeabi_memcpy                
000011ad  __aeabi_memcpy4               
000011ad  __aeabi_memcpy8               
000011ad  memcpy                        
00001249  __TI_auto_init_nobinit_nopinit
0000128d  SysCtlPeripheralEnable        
000012c1  _c_int00_noargs               
000012f5  GPIODirModeSet                
0000131f  GPIOPinTypeGPIOOutput         
00001337  GPIOPinTypeGPIOInput          
00001349  __TI_zero_init_nomemset       
0000135b  ResetISR                      
00001367  GPIOPinRead                   
0000136d  GPIOPinWrite                  
00001373  SysCtlDelay                   
00001379  _system_pre_init              
0000137d  C$$EXIT                       
0000137d  abort                         
00001380  NomeBitmap                    
00001848  Masks                         
00001860  __TI_Handler_Table_Base       
00001864  __TI_CINIT_Base               
00001864  __TI_Handler_Table_Limit      
0000186c  __TI_CINIT_Limit              
20000000  __stack                       
20000200  Screen                        
20000200  __STACK_END                   
20000200  __STACK_TOP                   
ffffffff  __TI_pprof_out_hndl           
ffffffff  __TI_prof_data_size           
ffffffff  __TI_prof_data_start          
ffffffff  __binit__                     
ffffffff  __c_args__                    
ffffffff  binit                         
UNDEFED   __mpu_init                    
UNDEFED   _system_post_cinit            

[63 symbols]
