******************************************************************************
                  TI ARM Linker PC v18.12.1                    
******************************************************************************
>> Linked Sat May 25 07:28:46 2019

OUTPUT FILE NAME:   <IMPRESSAO DISPLAY.out>
ENTRY POINT SYMBOL: "_c_int00_noargs"  address: 00001415


MEMORY CONFIGURATION

         name            origin    length      used     unused   attr    fill
----------------------  --------  ---------  --------  --------  ----  --------
  FLASH                 00000000   00040000  0000175b  0003e8a5  R  X
  SRAM                  20000000   00008000  000003f8  00007c08  RW X


SEGMENT ALLOCATION MAP

run origin  load origin   length   init length attrs members
----------  ----------- ---------- ----------- ----- -------
00000000    00000000    00001764   00001764    r-x
  00000000    00000000    0000026c   0000026c    r-- .intvecs
  0000026c    0000026c    00001202   00001202    r-x .text
  00001470    00001470    000002d9   000002d9    r-- .const
  00001750    00001750    00000014   00000014    r-- .cinit
20000000    20000000    000003f8   00000000    rw-
  20000000    20000000    00000200   00000000    rw- .stack
  20000200    20000200    000001f8   00000000    rw- .bss


SECTION ALLOCATION MAP

 output                                  attributes/
section   page    origin      length       input sections
--------  ----  ----------  ----------   ----------------
.intvecs   0    00000000    0000026c     
                  00000000    0000026c     tm4c123gh6pm_startup_ccs.obj (.intvecs)

.text      0    0000026c    00001202     
                  0000026c    00000b34     Nokia5110.obj (.text)
                  00000da0    00000594     main.obj (.text)
                  00001334    0000009c     rtsv7M4_T_le_v4SPD16_eabi.lib : memcpy_t2.asm.obj (.text)
                  000013d0    00000044                                   : autoinit.c.obj (.text:__TI_auto_init_nobinit_nopinit:__TI_auto_init_nobinit_nopinit)
                  00001414    00000034                                   : boot_cortex_m.c.obj (.text:_c_int00_noargs:_c_int00_noargs)
                  00001448    00000012                                   : copy_zero_init.c.obj (.text:decompress:ZI:__TI_zero_init_nomemset:__TI_zero_init_nomemset)
                  0000145a    0000000c     tm4c123gh6pm_startup_ccs.obj (.text)
                  00001466    00000004     rtsv7M4_T_le_v4SPD16_eabi.lib : pre_init.c.obj (.text:_system_pre_init)
                  0000146a    00000004                                   : exit.c.obj (.text:abort:abort)

.const     0    00001470    000002d9     
                  00001470    000001e0     Nokia5110.obj (.const:ASCII)
                  00001650    00000070     Nokia5110.obj (.const:.string:$P$T0$1)
                  000016c0    00000040     main.obj (.const:$P$T4$5)
                  00001700    00000010     main.obj (.const:$P$T0$1)
                  00001710    00000010     main.obj (.const:$P$T1$2)
                  00001720    00000010     main.obj (.const:$P$T2$3)
                  00001730    00000010     main.obj (.const:$P$T3$4)
                  00001740    00000008     Nokia5110.obj (.const:.string:Masks)
                  00001748    00000001     main.obj (.const:.string:$P$T5$6)

.cinit     0    00001750    00000014     
                  00001750    00000008     (.cinit..bss.load) [load image, compression = zero_init]
                  00001758    00000004     (__TI_handler_table)
                  0000175c    00000008     (__TI_cinit_table)

.init_array 
*          0    00000000    00000000     UNINITIALIZED

.bss       0    20000200    000001f8     UNINITIALIZED
                  20000200    000001f8     (.common:Screen)

.stack     0    20000000    00000200     UNINITIALIZED
                  20000000    00000004     rtsv7M4_T_le_v4SPD16_eabi.lib : boot_cortex_m.c.obj (.stack)
                  20000004    000001fc     --HOLE--

MODULE SUMMARY

       Module                         code   ro data   rw data
       ------                         ----   -------   -------
    .\
       Nokia5110.obj                  2868   600       504    
       main.obj                       1428   129       0      
       tm4c123gh6pm_startup_ccs.obj   12     620       0      
    +--+------------------------------+------+---------+---------+
       Total:                         4308   1349      504    
                                                              
    C:\ti\ccs900\ccs\tools\compiler\ti-cgt-arm_18.12.1.LTS\lib\rtsv7M4_T_le_v4SPD16_eabi.lib
       memcpy_t2.asm.obj              156    0         0      
       autoinit.c.obj                 68     0         0      
       boot_cortex_m.c.obj            52     0         0      
       copy_zero_init.c.obj           18     0         0      
       exit.c.obj                     4      0         0      
       pre_init.c.obj                 4      0         0      
    +--+------------------------------+------+---------+---------+
       Total:                         302    0         0      
                                                              
       Stack:                         0      0         512    
       Linker Generated:              0      20        0      
    +--+------------------------------+------+---------+---------+
       Grand Total:                   4610   1369      1016   


LINKER GENERATED COPY TABLES

__TI_cinit_table @ 0000175c records: 1, size/record: 8, table size: 8
	.bss: load addr=00001750, load size=00000008 bytes, run addr=20000200, run size=000001f8 bytes, compression=zero_init


LINKER GENERATED HANDLER TABLE

__TI_handler_table @ 00001758 records: 1, size/record: 4, table size: 4
	index: 0, handler: __TI_zero_init


GLOBAL SYMBOLS: SORTED ALPHABETICALLY BY Name 

address   name                          
-------   ----                          
0000146b  C$$EXIT                       
00001061  HabilitaInterrupcao           
00001740  Masks                         
000006b5  Nokia5110_Clear               
00000911  Nokia5110_ClearBuffer         
00000945  Nokia5110_ClrPxl              
0000093b  Nokia5110_DisplayBuffer       
000006e5  Nokia5110_DrawFullImage       
00000bbb  Nokia5110_DrawImage           
00000c05  Nokia5110_DrawImage_status    
000002db  Nokia5110_Init                
000003f5  Nokia5110_OutChar             
00000435  Nokia5110_OutString           
00000461  Nokia5110_OutUDec             
00000d3d  Nokia5110_Pinta_sqre          
0000072d  Nokia5110_PrintBMP            
0000099d  Nokia5110_PrintBMP2           
00000665  Nokia5110_SetCursor           
00000977  Nokia5110_SetPxl              
00000a55  Nokia5110_SetPxl_status       
00000a81  Nokia5110_img                 
00000b21  Nokia5110_img_16              
0000145b  ResetISR                      
20000200  Screen                        
20000200  __STACK_END                   
00000200  __STACK_SIZE                  
20000200  __STACK_TOP                   
0000175c  __TI_CINIT_Base               
00001764  __TI_CINIT_Limit              
00001758  __TI_Handler_Table_Base       
0000175c  __TI_Handler_Table_Limit      
000013d1  __TI_auto_init_nobinit_nopinit
ffffffff  __TI_pprof_out_hndl           
ffffffff  __TI_prof_data_size           
ffffffff  __TI_prof_data_start          
00000000  __TI_static_base__            
00001449  __TI_zero_init_nomemset       
00001335  __aeabi_memcpy                
00001335  __aeabi_memcpy4               
00001335  __aeabi_memcpy8               
ffffffff  __binit__                     
ffffffff  __c_args__                    
UNDEFED   __mpu_init                    
20000000  __stack                       
00001415  _c_int00_noargs               
UNDEFED   _system_post_cinit            
00001467  _system_pre_init              
0000146b  abort                         
ffffffff  binit                         
0000107f  configInt_GPIO                
0000117d  configPeriodoSystick          
00000f6b  config_Clock                  
00000df3  configuraPinoDeEntrada        
00000db5  configuraPinoDeSaida          
00001211  configura_pino_pull_up        
00000e89  delay                         
0000116d  desabilitaIntSystick          
00001137  desabilitaInt_GPIO            
00000e69  destrava_pino                 
00000e49  escrita_portal                
00000000  g_pfnVectors                  
00000ead  get_matriz_botao              
00001161  habilitaIntSystick            
00001119  habilitaInt_GPIO              
00000da1  habilitaPortais               
00001229  habilitaPortalAHB             
00001155  habilitaSystick               
00001051  habilita_interrupcao_global   
00000e31  leitura_portal                
0000119d  limpaInt_GPIO                 
0000124d  main                          
00001335  memcpy                        
000011b9  trataIntGPIOF                 


GLOBAL SYMBOLS: SORTED BY Symbol Address 

address   name                          
-------   ----                          
00000000  __TI_static_base__            
00000000  g_pfnVectors                  
00000200  __STACK_SIZE                  
000002db  Nokia5110_Init                
000003f5  Nokia5110_OutChar             
00000435  Nokia5110_OutString           
00000461  Nokia5110_OutUDec             
00000665  Nokia5110_SetCursor           
000006b5  Nokia5110_Clear               
000006e5  Nokia5110_DrawFullImage       
0000072d  Nokia5110_PrintBMP            
00000911  Nokia5110_ClearBuffer         
0000093b  Nokia5110_DisplayBuffer       
00000945  Nokia5110_ClrPxl              
00000977  Nokia5110_SetPxl              
0000099d  Nokia5110_PrintBMP2           
00000a55  Nokia5110_SetPxl_status       
00000a81  Nokia5110_img                 
00000b21  Nokia5110_img_16              
00000bbb  Nokia5110_DrawImage           
00000c05  Nokia5110_DrawImage_status    
00000d3d  Nokia5110_Pinta_sqre          
00000da1  habilitaPortais               
00000db5  configuraPinoDeSaida          
00000df3  configuraPinoDeEntrada        
00000e31  leitura_portal                
00000e49  escrita_portal                
00000e69  destrava_pino                 
00000e89  delay                         
00000ead  get_matriz_botao              
00000f6b  config_Clock                  
00001051  habilita_interrupcao_global   
00001061  HabilitaInterrupcao           
0000107f  configInt_GPIO                
00001119  habilitaInt_GPIO              
00001137  desabilitaInt_GPIO            
00001155  habilitaSystick               
00001161  habilitaIntSystick            
0000116d  desabilitaIntSystick          
0000117d  configPeriodoSystick          
0000119d  limpaInt_GPIO                 
000011b9  trataIntGPIOF                 
00001211  configura_pino_pull_up        
00001229  habilitaPortalAHB             
0000124d  main                          
00001335  __aeabi_memcpy                
00001335  __aeabi_memcpy4               
00001335  __aeabi_memcpy8               
00001335  memcpy                        
000013d1  __TI_auto_init_nobinit_nopinit
00001415  _c_int00_noargs               
00001449  __TI_zero_init_nomemset       
0000145b  ResetISR                      
00001467  _system_pre_init              
0000146b  C$$EXIT                       
0000146b  abort                         
00001740  Masks                         
00001758  __TI_Handler_Table_Base       
0000175c  __TI_CINIT_Base               
0000175c  __TI_Handler_Table_Limit      
00001764  __TI_CINIT_Limit              
20000000  __stack                       
20000200  Screen                        
20000200  __STACK_END                   
20000200  __STACK_TOP                   
ffffffff  __TI_pprof_out_hndl           
ffffffff  __TI_prof_data_size           
ffffffff  __TI_prof_data_start          
ffffffff  __binit__                     
ffffffff  __c_args__                    
ffffffff  binit                         
UNDEFED   __mpu_init                    
UNDEFED   _system_post_cinit            

[73 symbols]
