******************************************************************************
                  TI ARM Linker PC v18.12.1                    
******************************************************************************
>> Linked Tue May  7 11:36:50 2019

OUTPUT FILE NAME:   <PRATICA_BANNER_ROTATIVO_CONVERSAO_EXADECIMAL.out>
ENTRY POINT SYMBOL: "_c_int00_noargs"  address: 00000ddd


MEMORY CONFIGURATION

         name            origin    length      used     unused   attr    fill
----------------------  --------  ---------  --------  --------  ----  --------
  FLASH                 00000000   00040000  00000eda  0003f126  R  X
  SRAM                  20000000   00008000  00000234  00007dcc  RW X


SEGMENT ALLOCATION MAP

run origin  load origin   length   init length attrs members
----------  ----------- ---------- ----------- ----- -------
00000000    00000000    00000ee0   00000ee0    r-x
  00000000    00000000    0000026c   0000026c    r-- .intvecs
  0000026c    0000026c    00000bc6   00000bc6    r-x .text
  00000e34    00000e34    00000080   00000080    r-- .const
  00000eb8    00000eb8    00000028   00000028    r-- .cinit
20000000    20000000    00000234   00000000    rw-
  20000000    20000000    00000200   00000000    rw- .stack
  20000200    20000200    00000034   00000000    rw- .data


SECTION ALLOCATION MAP

 output                                  attributes/
section   page    origin      length       input sections
--------  ----  ----------  ----------   ----------------
.intvecs   0    00000000    0000026c     
                  00000000    0000026c     tm4c123gh6pm_startup_ccs.obj (.intvecs)

.text      0    0000026c    00000bc6     
                  0000026c    00000a28     main.obj (.text)
                  00000c94    0000009c     rtsv7M4_T_le_v4SPD16_eabi.lib : memcpy_t2.asm.obj (.text)
                  00000d30    00000068                                   : copy_decompress_lzss.c.obj (.text:decompress:lzss:__TI_decompress_lzss)
                  00000d98    00000044                                   : autoinit.c.obj (.text:__TI_auto_init_nobinit_nopinit:__TI_auto_init_nobinit_nopinit)
                  00000ddc    00000034                                   : boot_cortex_m.c.obj (.text:_c_int00_noargs:_c_int00_noargs)
                  00000e10    0000000e                                   : copy_decompress_none.c.obj (.text:decompress:none:__TI_decompress_none)
                  00000e1e    0000000c     tm4c123gh6pm_startup_ccs.obj (.text)
                  00000e2a    00000004     rtsv7M4_T_le_v4SPD16_eabi.lib : pre_init.c.obj (.text:_system_pre_init)
                  00000e2e    00000004                                   : exit.c.obj (.text:abort:abort)

.const     0    00000e34    00000080     
                  00000e34    00000040     main.obj (.const:$P$T4$5)
                  00000e74    00000010     main.obj (.const:$P$T0$1)
                  00000e84    00000010     main.obj (.const:$P$T1$2)
                  00000e94    00000010     main.obj (.const:$P$T2$3)
                  00000ea4    00000010     main.obj (.const:$P$T3$4)

.cinit     0    00000eb8    00000028     
                  00000eb8    00000016     (.cinit..data.load) [load image, compression = lzss]
                  00000ece    00000002     --HOLE-- [fill = 0]
                  00000ed0    00000008     (__TI_handler_table)
                  00000ed8    00000008     (__TI_cinit_table)

.init_array 
*          0    00000000    00000000     UNINITIALIZED

.data      0    20000200    00000034     UNINITIALIZED
                  20000200    00000014     main.obj (.data)
                  20000214    00000010     main.obj (.data:vet)
                  20000224    00000010     main.obj (.data:vet_hexadecimal)

.stack     0    20000000    00000200     UNINITIALIZED
                  20000000    00000004     rtsv7M4_T_le_v4SPD16_eabi.lib : boot_cortex_m.c.obj (.stack)
                  20000004    000001fc     --HOLE--

MODULE SUMMARY

       Module                         code   ro data   rw data
       ------                         ----   -------   -------
    .\
       main.obj                       2600   128       52     
       tm4c123gh6pm_startup_ccs.obj   12     620       0      
    +--+------------------------------+------+---------+---------+
       Total:                         2612   748       52     
                                                              
    C:\ti\ccs900\ccs\tools\compiler\ti-cgt-arm_18.12.1.LTS\lib\rtsv7M4_T_le_v4SPD16_eabi.lib
       memcpy_t2.asm.obj              156    0         0      
       copy_decompress_lzss.c.obj     104    0         0      
       autoinit.c.obj                 68     0         0      
       boot_cortex_m.c.obj            52     0         0      
       copy_decompress_none.c.obj     14     0         0      
       exit.c.obj                     4      0         0      
       pre_init.c.obj                 4      0         0      
    +--+------------------------------+------+---------+---------+
       Total:                         402    0         0      
                                                              
       Stack:                         0      0         512    
       Linker Generated:              0      38        0      
    +--+------------------------------+------+---------+---------+
       Grand Total:                   3014   786       564    


LINKER GENERATED COPY TABLES

__TI_cinit_table @ 00000ed8 records: 1, size/record: 8, table size: 8
	.data: load addr=00000eb8, load size=00000016 bytes, run addr=20000200, run size=00000034 bytes, compression=lzss


LINKER GENERATED HANDLER TABLE

__TI_handler_table @ 00000ed0 records: 2, size/record: 4, table size: 8
	index: 0, handler: __TI_decompress_lzss
	index: 1, handler: __TI_decompress_none


GLOBAL SYMBOLS: SORTED ALPHABETICALLY BY Name 

address   name                          
-------   ----                          
00000e2f  C$$EXIT                       
00000897  HabilitaInterrupcao           
00000e1f  ResetISR                      
20000200  __STACK_END                   
00000200  __STACK_SIZE                  
20000200  __STACK_TOP                   
00000ed8  __TI_CINIT_Base               
00000ee0  __TI_CINIT_Limit              
00000ed0  __TI_Handler_Table_Base       
00000ed8  __TI_Handler_Table_Limit      
00000d99  __TI_auto_init_nobinit_nopinit
00000d31  __TI_decompress_lzss          
00000e11  __TI_decompress_none          
ffffffff  __TI_pprof_out_hndl           
ffffffff  __TI_prof_data_size           
ffffffff  __TI_prof_data_start          
00000000  __TI_static_base__            
00000c95  __aeabi_memcpy                
00000c95  __aeabi_memcpy4               
00000c95  __aeabi_memcpy8               
ffffffff  __binit__                     
ffffffff  __c_args__                    
UNDEFED   __mpu_init                    
20000000  __stack                       
00000ddd  _c_int00_noargs               
UNDEFED   _system_post_cinit            
00000e2b  _system_pre_init              
00000e2f  abort                         
ffffffff  binit                         
000008b5  configInt_GPIO                
000009a9  configPeriodoSystick          
000007a7  config_Clock                  
000002bf  configuraPinoDeEntrada        
00000281  configuraPinoDeSaida          
00000a41  configura_pino_pull_up        
20000210  contador                      
00000a75  converte_hexadecimal          
00000355  delay                         
0000099d  desabilitaIntSystick          
00000967  desabilitaInt_GPIO            
00000335  destrava_pino                 
000003a5  escolhe_digito                
0000046d  escreve_digito                
00000669  escreve_vetor                 
00000315  escrita_portal                
00000000  g_pfnVectors                  
000006e9  get_matriz_botao              
00000991  habilitaIntSystick            
00000949  habilitaInt_GPIO              
0000026d  habilitaPortais               
00000a59  habilitaPortalAHB             
00000985  habilitaSystick               
0000088d  habilita_interrupcao_global   
20000200  i                             
000002fd  leitura_portal                
000009c5  limpaInt_GPIO                 
00000379  limpa_display                 
00000b15  main                          
00000c95  memcpy                        
00000ae5  mostra_em_hexadecimal         
20000208  number                        
20000204  numero                        
000009e9  trataIntGPIOF                 
00000aff  trataSystick                  
2000020c  value                         
20000214  vet                           
20000224  vet_hexadecimal               


GLOBAL SYMBOLS: SORTED BY Symbol Address 

address   name                          
-------   ----                          
00000000  __TI_static_base__            
00000000  g_pfnVectors                  
00000200  __STACK_SIZE                  
0000026d  habilitaPortais               
00000281  configuraPinoDeSaida          
000002bf  configuraPinoDeEntrada        
000002fd  leitura_portal                
00000315  escrita_portal                
00000335  destrava_pino                 
00000355  delay                         
00000379  limpa_display                 
000003a5  escolhe_digito                
0000046d  escreve_digito                
00000669  escreve_vetor                 
000006e9  get_matriz_botao              
000007a7  config_Clock                  
0000088d  habilita_interrupcao_global   
00000897  HabilitaInterrupcao           
000008b5  configInt_GPIO                
00000949  habilitaInt_GPIO              
00000967  desabilitaInt_GPIO            
00000985  habilitaSystick               
00000991  habilitaIntSystick            
0000099d  desabilitaIntSystick          
000009a9  configPeriodoSystick          
000009c5  limpaInt_GPIO                 
000009e9  trataIntGPIOF                 
00000a41  configura_pino_pull_up        
00000a59  habilitaPortalAHB             
00000a75  converte_hexadecimal          
00000ae5  mostra_em_hexadecimal         
00000aff  trataSystick                  
00000b15  main                          
00000c95  __aeabi_memcpy                
00000c95  __aeabi_memcpy4               
00000c95  __aeabi_memcpy8               
00000c95  memcpy                        
00000d31  __TI_decompress_lzss          
00000d99  __TI_auto_init_nobinit_nopinit
00000ddd  _c_int00_noargs               
00000e11  __TI_decompress_none          
00000e1f  ResetISR                      
00000e2b  _system_pre_init              
00000e2f  C$$EXIT                       
00000e2f  abort                         
00000ed0  __TI_Handler_Table_Base       
00000ed8  __TI_CINIT_Base               
00000ed8  __TI_Handler_Table_Limit      
00000ee0  __TI_CINIT_Limit              
20000000  __stack                       
20000200  __STACK_END                   
20000200  __STACK_TOP                   
20000200  i                             
20000204  numero                        
20000208  number                        
2000020c  value                         
20000210  contador                      
20000214  vet                           
20000224  vet_hexadecimal               
ffffffff  __TI_pprof_out_hndl           
ffffffff  __TI_prof_data_size           
ffffffff  __TI_prof_data_start          
ffffffff  __binit__                     
ffffffff  __c_args__                    
ffffffff  binit                         
UNDEFED   __mpu_init                    
UNDEFED   _system_post_cinit            

[67 symbols]
