******************************************************************************
                  TI ARM Linker PC v20.2.7                     
******************************************************************************
>> Linked Tue Jun 27 15:45:45 2023

OUTPUT FILE NAME:   <SYSTICK.out>
ENTRY POINT SYMBOL: "_c_int00_noargs"  address: 000005e5


MEMORY CONFIGURATION

         name            origin    length      used     unused   attr    fill
----------------------  --------  ---------  --------  --------  ----  --------
  FLASH                 00000000   00040000  000006e8  0003f918  R  X
  SRAM                  20000000   00008000  00000205  00007dfb  RW X


SEGMENT ALLOCATION MAP

run origin  load origin   length   init length attrs members
----------  ----------- ---------- ----------- ----- -------
00000000    00000000    000006e8   000006e8    r-x
  00000000    00000000    0000026c   0000026c    r-- .intvecs
  0000026c    0000026c    00000464   00000464    r-x .text
  000006d0    000006d0    00000018   00000018    r-- .cinit
20000000    20000000    00000205   00000000    rw-
  20000000    20000000    00000200   00000000    rw- .stack
  20000200    20000200    00000005   00000000    rw- .data


SECTION ALLOCATION MAP

 output                                  attributes/
section   page    origin      length       input sections
--------  ----  ----------  ----------   ----------------
.intvecs   0    00000000    0000026c     
                  00000000    0000026c     tm4c123gh6pm_startup_ccs.obj (.intvecs)

.text      0    0000026c    00000464     
                  0000026c    00000132     driverlib.lib : gpio.obj (.text:GPIOPadConfigSet)
                  0000039e    00000002     --HOLE-- [fill = 0]
                  000003a0    000000c8     main.obj (.text)
                  00000468    0000009c     rtsv7M4_T_le_v4SPD16_eabi.lib : memcpy_t2.asm.obj (.text)
                  00000504    00000068                                   : copy_decompress_lzss.c.obj (.text:decompress:lzss:__TI_decompress_lzss)
                  0000056c    00000044                                   : autoinit.c.obj (.text:__TI_auto_init_nobinit_nopinit:__TI_auto_init_nobinit_nopinit)
                  000005b0    00000034     driverlib.lib : sysctl.obj (.text:SysCtlPeripheralEnable)
                  000005e4    00000034     rtsv7M4_T_le_v4SPD16_eabi.lib : boot_cortex_m.c.obj (.text:_c_int00_noargs:_c_int00_noargs)
                  00000618    0000002a     driverlib.lib : gpio.obj (.text:GPIODirModeSet)
                  00000642    00000018                   : gpio.obj (.text:GPIOPinTypeGPIOOutput)
                  0000065a    00000002     --HOLE-- [fill = 0]
                  0000065c    00000014                   : systick.obj (.text:SysTickEnable)
                  00000670    00000014                   : systick.obj (.text:SysTickIntEnable)
                  00000684    00000012                   : gpio.obj (.text:GPIOPinTypeGPIOInput)
                  00000696    00000002     --HOLE-- [fill = 0]
                  00000698    00000010                   : systick.obj (.text:SysTickPeriodSet)
                  000006a8    0000000e     rtsv7M4_T_le_v4SPD16_eabi.lib : copy_decompress_none.c.obj (.text:decompress:none:__TI_decompress_none)
                  000006b6    0000000c     tm4c123gh6pm_startup_ccs.obj (.text)
                  000006c2    00000006     driverlib.lib : gpio.obj (.text:GPIOPinWrite)
                  000006c8    00000004     rtsv7M4_T_le_v4SPD16_eabi.lib : pre_init.c.obj (.text:_system_pre_init)
                  000006cc    00000004                                   : exit.c.obj (.text:abort:abort)

.cinit     0    000006d0    00000018     
                  000006d0    00000008     (__TI_handler_table)
                  000006d8    00000007     (.cinit..data.load) [load image, compression = lzss]
                  000006df    00000001     --HOLE-- [fill = 0]
                  000006e0    00000008     (__TI_cinit_table)

.init_array 
*          0    00000000    00000000     UNINITIALIZED

.data      0    20000200    00000005     UNINITIALIZED
                  20000200    00000005     main.obj (.data)

.stack     0    20000000    00000200     UNINITIALIZED
                  20000000    00000004     rtsv7M4_T_le_v4SPD16_eabi.lib : boot_cortex_m.c.obj (.stack)
                  20000004    000001fc     --HOLE--

__llvm_prf_cnts 
*          0    20000000    00000000     UNINITIALIZED

MODULE SUMMARY

       Module                         code   ro data   rw data
       ------                         ----   -------   -------
    .\
       tm4c123gh6pm_startup_ccs.obj   12     620       0      
       main.obj                       200    0         5      
    +--+------------------------------+------+---------+---------+
       Total:                         212    620       5      
                                                              
    C:/Users/marco/CCS12.2.0.00009_win64/TivaWare_C_Series-2.1.4.178/driverlib/ccs/Debug/driverlib.lib
       gpio.obj                       396    0         0      
       systick.obj                    56     0         0      
       sysctl.obj                     52     0         0      
    +--+------------------------------+------+---------+---------+
       Total:                         504    0         0      
                                                              
    C:\ti\ccs1220\ccs\tools\compiler\ti-cgt-arm_20.2.7.LTS\lib\rtsv7M4_T_le_v4SPD16_eabi.lib
       memcpy_t2.asm.obj              156    0         0      
       copy_decompress_lzss.c.obj     104    0         0      
       autoinit.c.obj                 68     0         0      
       boot_cortex_m.c.obj            52     0         0      
       copy_decompress_none.c.obj     14     0         0      
       exit.c.obj                     4      0         0      
       pre_init.c.obj                 4      0         0      
    +--+------------------------------+------+---------+---------+
       Total:                         402    0         0      
                                                              
       Stack:                         0      0         512    
       Linker Generated:              0      23        0      
    +--+------------------------------+------+---------+---------+
       Grand Total:                   1118   643       517    


LINKER GENERATED COPY TABLES

__TI_cinit_table @ 000006e0 records: 1, size/record: 8, table size: 8
	.data: load addr=000006d8, load size=00000007 bytes, run addr=20000200, run size=00000005 bytes, compression=lzss


LINKER GENERATED HANDLER TABLE

__TI_handler_table @ 000006d0 records: 2, size/record: 4, table size: 8
	index: 0, handler: __TI_decompress_lzss
	index: 1, handler: __TI_decompress_none


GLOBAL SYMBOLS: SORTED ALPHABETICALLY BY Name 

address   name                          
-------   ----                          
000006cd  C$$EXIT                       
00000619  GPIODirModeSet                
0000026d  GPIOPadConfigSet              
00000685  GPIOPinTypeGPIOInput          
00000643  GPIOPinTypeGPIOOutput         
000006c3  GPIOPinWrite                  
000006b7  ResetISR                      
000005b1  SysCtlPeripheralEnable        
0000065d  SysTickEnable                 
00000671  SysTickIntEnable              
00000699  SysTickPeriodSet              
000003a1  SysTick_Handler               
20000200  __STACK_END                   
00000200  __STACK_SIZE                  
20000200  __STACK_TOP                   
000006e0  __TI_CINIT_Base               
000006e8  __TI_CINIT_Limit              
000006d0  __TI_Handler_Table_Base       
000006d8  __TI_Handler_Table_Limit      
0000056d  __TI_auto_init_nobinit_nopinit
00000505  __TI_decompress_lzss          
000006a9  __TI_decompress_none          
ffffffff  __TI_pprof_out_hndl           
ffffffff  __TI_prof_data_size           
ffffffff  __TI_prof_data_start          
00000000  __TI_static_base__            
00000469  __aeabi_memcpy                
00000469  __aeabi_memcpy4               
00000469  __aeabi_memcpy8               
ffffffff  __binit__                     
ffffffff  __c_args__                    
UNDEFED   __mpu_init                    
20000000  __stack                       
20000000  __start___llvm_prf_cnts       
20000000  __stop___llvm_prf_cnts        
000005e5  _c_int00_noargs               
UNDEFED   _system_post_cinit            
000006c9  _system_pre_init              
000006cd  abort                         
ffffffff  binit                         
00000403  configureDisplay              
000003e5  configureGPIO                 
000003d1  configureSysTick              
00000000  g_pfnVectors                  
20000204  g_sw1Pressed                  
20000200  g_ticks                       
0000043b  main                          
00000469  memcpy                        
00000417  updateDisplay                 


GLOBAL SYMBOLS: SORTED BY Symbol Address 

address   name                          
-------   ----                          
00000000  __TI_static_base__            
00000000  g_pfnVectors                  
00000200  __STACK_SIZE                  
0000026d  GPIOPadConfigSet              
000003a1  SysTick_Handler               
000003d1  configureSysTick              
000003e5  configureGPIO                 
00000403  configureDisplay              
00000417  updateDisplay                 
0000043b  main                          
00000469  __aeabi_memcpy                
00000469  __aeabi_memcpy4               
00000469  __aeabi_memcpy8               
00000469  memcpy                        
00000505  __TI_decompress_lzss          
0000056d  __TI_auto_init_nobinit_nopinit
000005b1  SysCtlPeripheralEnable        
000005e5  _c_int00_noargs               
00000619  GPIODirModeSet                
00000643  GPIOPinTypeGPIOOutput         
0000065d  SysTickEnable                 
00000671  SysTickIntEnable              
00000685  GPIOPinTypeGPIOInput          
00000699  SysTickPeriodSet              
000006a9  __TI_decompress_none          
000006b7  ResetISR                      
000006c3  GPIOPinWrite                  
000006c9  _system_pre_init              
000006cd  C$$EXIT                       
000006cd  abort                         
000006d0  __TI_Handler_Table_Base       
000006d8  __TI_Handler_Table_Limit      
000006e0  __TI_CINIT_Base               
000006e8  __TI_CINIT_Limit              
20000000  __stack                       
20000000  __start___llvm_prf_cnts       
20000000  __stop___llvm_prf_cnts        
20000200  __STACK_END                   
20000200  __STACK_TOP                   
20000200  g_ticks                       
20000204  g_sw1Pressed                  
ffffffff  __TI_pprof_out_hndl           
ffffffff  __TI_prof_data_size           
ffffffff  __TI_prof_data_start          
ffffffff  __binit__                     
ffffffff  __c_args__                    
ffffffff  binit                         
UNDEFED   __mpu_init                    
UNDEFED   _system_post_cinit            

[49 symbols]
