******************************************************************************
                  TI ARM Linker PC v20.2.7                     
******************************************************************************
>> Linked Tue Apr 18 14:32:50 2023

OUTPUT FILE NAME:   <2.out>
ENTRY POINT SYMBOL: "_c_int00_noargs"  address: 000008bd


MEMORY CONFIGURATION

         name            origin    length      used     unused   attr    fill
----------------------  --------  ---------  --------  --------  ----  --------
  FLASH                 00000000   00040000  00000a38  0003f5c8  R  X
  SRAM                  20000000   00008000  00000210  00007df0  RW X


SEGMENT ALLOCATION MAP

run origin  load origin   length   init length attrs members
----------  ----------- ---------- ----------- ----- -------
00000000    00000000    00000a3c   00000a3c    r-x
  00000000    00000000    0000026c   0000026c    r-- .intvecs
  0000026c    0000026c    0000073c   0000073c    r-x .text
  000009a8    000009a8    0000006c   0000006c    r-- .const
  00000a18    00000a18    00000024   00000024    r-- .cinit
20000000    20000000    00000210   00000000    rw-
  20000000    20000000    00000200   00000000    rw- .stack
  20000200    20000200    00000010   00000000    rw- .data


SECTION ALLOCATION MAP

 output                                  attributes/
section   page    origin      length       input sections
--------  ----  ----------  ----------   ----------------
.intvecs   0    00000000    0000026c     
                  00000000    0000026c     tm4c123gh6pm_startup_ccs.obj (.intvecs)

.text      0    0000026c    0000073c     
                  0000026c    0000013c     main.obj (.text)
                  000003a8    00000132     driverlib.lib : gpio.obj (.text:GPIOPadConfigSet)
                  000004da    00000002     --HOLE-- [fill = 0]
                  000004dc    00000110                   : sysctl.obj (.text:SysCtlClockGet)
                  000005ec    000000f4                   : sysctl.obj (.text:SysCtlClockSet)
                  000006e0    0000009c     rtsv7M4_T_le_v4SPD16_eabi.lib : memcpy_t2.asm.obj (.text)
                  0000077c    00000068                                   : copy_decompress_lzss.c.obj (.text:decompress:lzss:__TI_decompress_lzss)
                  000007e4    00000060     driverlib.lib : timer.obj (.text:TimerConfigure)
                  00000844    00000044     rtsv7M4_T_le_v4SPD16_eabi.lib : autoinit.c.obj (.text:__TI_auto_init_nobinit_nopinit:__TI_auto_init_nobinit_nopinit)
                  00000888    00000034     driverlib.lib : sysctl.obj (.text:SysCtlPeripheralEnable)
                  000008bc    00000034     rtsv7M4_T_le_v4SPD16_eabi.lib : boot_cortex_m.c.obj (.text:_c_int00_noargs:_c_int00_noargs)
                  000008f0    0000002a     driverlib.lib : gpio.obj (.text:GPIODirModeSet)
                  0000091a    00000018                   : gpio.obj (.text:GPIOPinTypeGPIOOutput)
                  00000932    00000012                   : timer.obj (.text:TimerLoadSet)
                  00000944    00000010                   : interrupt.obj (.text:IntMasterEnable)
                  00000954    0000000e                   : timer.obj (.text:TimerEnable)
                  00000962    0000000e     rtsv7M4_T_le_v4SPD16_eabi.lib : copy_decompress_none.c.obj (.text:decompress:none:__TI_decompress_none)
                  00000970    0000000c     driverlib.lib : cpu.obj (.text:CPUcpsie)
                  0000097c    0000000c     tm4c123gh6pm_startup_ccs.obj (.text)
                  00000988    00000008     driverlib.lib : timer.obj (.text:TimerIntEnable)
                  00000990    00000006                   : gpio.obj (.text:GPIOPinWrite)
                  00000996    00000006                   : sysctl.obj (.text:SysCtlDelay)
                  0000099c    00000004                   : timer.obj (.text:TimerIntClear)
                  000009a0    00000004     rtsv7M4_T_le_v4SPD16_eabi.lib : pre_init.c.obj (.text:_system_pre_init)
                  000009a4    00000004                                   : exit.c.obj (.text:abort:abort)

.const     0    000009a8    0000006c     
                  000009a8    0000006c     driverlib.lib : sysctl.obj (.const:g_pui32Xtals)

.cinit     0    00000a18    00000024     
                  00000a18    00000012     (.cinit..data.load) [load image, compression = lzss]
                  00000a2a    00000002     --HOLE-- [fill = 0]
                  00000a2c    00000008     (__TI_handler_table)
                  00000a34    00000008     (__TI_cinit_table)

.init_array 
*          0    00000000    00000000     UNINITIALIZED

.data      0    20000200    00000010     UNINITIALIZED
                  20000200    0000000a     main.obj (.data:digits)
                  2000020a    00000002     --HOLE--
                  2000020c    00000004     main.obj (.data)

.stack     0    20000000    00000200     UNINITIALIZED
                  20000000    00000004     rtsv7M4_T_le_v4SPD16_eabi.lib : boot_cortex_m.c.obj (.stack)
                  20000004    000001fc     --HOLE--

__llvm_prf_cnts 
*          0    20000000    00000000     UNINITIALIZED

MODULE SUMMARY

       Module                         code   ro data   rw data
       ------                         ----   -------   -------
    .\
       tm4c123gh6pm_startup_ccs.obj   12     620       0      
       main.obj                       316    0         14     
    +--+------------------------------+------+---------+---------+
       Total:                         328    620       14     
                                                              
    C:/Users/marco/CCS12.2.0.00009_win64/TivaWare_C_Series-2.1.4.178/driverlib/ccs/Debug/driverlib.lib
       sysctl.obj                     574    108       0      
       gpio.obj                       378    0         0      
       timer.obj                      140    0         0      
       interrupt.obj                  16     0         0      
       cpu.obj                        12     0         0      
    +--+------------------------------+------+---------+---------+
       Total:                         1120   108       0      
                                                              
    C:\ti\ccs1220\ccs\tools\compiler\ti-cgt-arm_20.2.7.LTS\lib\rtsv7M4_T_le_v4SPD16_eabi.lib
       memcpy_t2.asm.obj              156    0         0      
       copy_decompress_lzss.c.obj     104    0         0      
       autoinit.c.obj                 68     0         0      
       boot_cortex_m.c.obj            52     0         0      
       copy_decompress_none.c.obj     14     0         0      
       exit.c.obj                     4      0         0      
       pre_init.c.obj                 4      0         0      
    +--+------------------------------+------+---------+---------+
       Total:                         402    0         0      
                                                              
       Stack:                         0      0         512    
       Linker Generated:              0      34        0      
    +--+------------------------------+------+---------+---------+
       Grand Total:                   1850   762       526    


LINKER GENERATED COPY TABLES

__TI_cinit_table @ 00000a34 records: 1, size/record: 8, table size: 8
	.data: load addr=00000a18, load size=00000012 bytes, run addr=20000200, run size=00000010 bytes, compression=lzss


LINKER GENERATED HANDLER TABLE

__TI_handler_table @ 00000a2c records: 2, size/record: 4, table size: 8
	index: 0, handler: __TI_decompress_lzss
	index: 1, handler: __TI_decompress_none


GLOBAL SYMBOLS: SORTED ALPHABETICALLY BY Name 

address   name                          
-------   ----                          
000009a5  C$$EXIT                       
00000971  CPUcpsie                      
000008f1  GPIODirModeSet                
000003a9  GPIOPadConfigSet              
0000091b  GPIOPinTypeGPIOOutput         
00000991  GPIOPinWrite                  
00000945  IntMasterEnable               
0000097d  ResetISR                      
000004dd  SysCtlClockGet                
000005ed  SysCtlClockSet                
00000997  SysCtlDelay                   
00000889  SysCtlPeripheralEnable        
0000033f  Timer0IntHandler              
000007e5  TimerConfigure                
00000955  TimerEnable                   
0000099d  TimerIntClear                 
00000989  TimerIntEnable                
00000933  TimerLoadSet                  
20000200  __STACK_END                   
00000200  __STACK_SIZE                  
20000200  __STACK_TOP                   
00000a34  __TI_CINIT_Base               
00000a3c  __TI_CINIT_Limit              
00000a2c  __TI_Handler_Table_Base       
00000a34  __TI_Handler_Table_Limit      
00000845  __TI_auto_init_nobinit_nopinit
0000077d  __TI_decompress_lzss          
00000963  __TI_decompress_none          
ffffffff  __TI_pprof_out_hndl           
ffffffff  __TI_prof_data_size           
ffffffff  __TI_prof_data_start          
00000000  __TI_static_base__            
000006e1  __aeabi_memcpy                
000006e1  __aeabi_memcpy4               
000006e1  __aeabi_memcpy8               
ffffffff  __binit__                     
ffffffff  __c_args__                    
UNDEFED   __mpu_init                    
20000000  __stack                       
20000000  __start___llvm_prf_cnts       
20000000  __stop___llvm_prf_cnts        
000008bd  _c_int00_noargs               
UNDEFED   _system_post_cinit            
000009a1  _system_pre_init              
000009a5  abort                         
ffffffff  binit                         
2000020c  current_number                
20000200  digits                        
0000026d  display_number                
00000000  g_pfnVectors                  
000002f5  main                          
000006e1  memcpy                        


GLOBAL SYMBOLS: SORTED BY Symbol Address 

address   name                          
-------   ----                          
00000000  __TI_static_base__            
00000000  g_pfnVectors                  
00000200  __STACK_SIZE                  
0000026d  display_number                
000002f5  main                          
0000033f  Timer0IntHandler              
000003a9  GPIOPadConfigSet              
000004dd  SysCtlClockGet                
000005ed  SysCtlClockSet                
000006e1  __aeabi_memcpy                
000006e1  __aeabi_memcpy4               
000006e1  __aeabi_memcpy8               
000006e1  memcpy                        
0000077d  __TI_decompress_lzss          
000007e5  TimerConfigure                
00000845  __TI_auto_init_nobinit_nopinit
00000889  SysCtlPeripheralEnable        
000008bd  _c_int00_noargs               
000008f1  GPIODirModeSet                
0000091b  GPIOPinTypeGPIOOutput         
00000933  TimerLoadSet                  
00000945  IntMasterEnable               
00000955  TimerEnable                   
00000963  __TI_decompress_none          
00000971  CPUcpsie                      
0000097d  ResetISR                      
00000989  TimerIntEnable                
00000991  GPIOPinWrite                  
00000997  SysCtlDelay                   
0000099d  TimerIntClear                 
000009a1  _system_pre_init              
000009a5  C$$EXIT                       
000009a5  abort                         
00000a2c  __TI_Handler_Table_Base       
00000a34  __TI_CINIT_Base               
00000a34  __TI_Handler_Table_Limit      
00000a3c  __TI_CINIT_Limit              
20000000  __stack                       
20000000  __start___llvm_prf_cnts       
20000000  __stop___llvm_prf_cnts        
20000200  __STACK_END                   
20000200  __STACK_TOP                   
20000200  digits                        
2000020c  current_number                
ffffffff  __TI_pprof_out_hndl           
ffffffff  __TI_prof_data_size           
ffffffff  __TI_prof_data_start          
ffffffff  __binit__                     
ffffffff  __c_args__                    
ffffffff  binit                         
UNDEFED   __mpu_init                    
UNDEFED   _system_post_cinit            

[52 symbols]
