******************************************************************************
                  TI ARM Linker PC v20.2.7                     
******************************************************************************
>> Linked Tue May  2 15:37:44 2023

OUTPUT FILE NAME:   <trab_pratico_1.out>
ENTRY POINT SYMBOL: "_c_int00_noinit_noargs"  address: 000004bd


MEMORY CONFIGURATION

         name            origin    length      used     unused   attr    fill
----------------------  --------  ---------  --------  --------  ----  --------
  FLASH                 00000000   00040000  00000552  0003faae  R  X
  SRAM                  20000000   00008000  00000200  00007e00  RW X


SEGMENT ALLOCATION MAP

run origin  load origin   length   init length attrs members
----------  ----------- ---------- ----------- ----- -------
00000000    00000000    00000552   00000552    r-x
  00000000    00000000    0000026c   0000026c    r-- .intvecs
  0000026c    0000026c    000002de   000002de    r-x .text
  0000054a    0000054a    00000008   00000008    r-- .const
20000000    20000000    00000200   00000000    rw-
  20000000    20000000    00000200   00000000    rw- .stack


SECTION ALLOCATION MAP

 output                                  attributes/
section   page    origin      length       input sections
--------  ----  ----------  ----------   ----------------
.intvecs   0    00000000    0000026c     
                  00000000    0000026c     tm4c123gh6pm_startup_ccs.obj (.intvecs)

.text      0    0000026c    000002de     
                  0000026c    00000132     driverlib.lib : gpio.obj (.text:GPIOPadConfigSet)
                  0000039e    00000002     --HOLE-- [fill = 0]
                  000003a0    000000b0     main.obj (.text)
                  00000450    00000038     driverlib.lib : sysctl.obj (.text:SysCtlPeripheralReady)
                  00000488    00000034                   : sysctl.obj (.text:SysCtlPeripheralEnable)
                  000004bc    0000002c     rtsv7M4_T_le_v4SPD16_eabi.lib : boot_cortex_m.c.obj (.text:_c_int00_noinit_noargs:_c_int00_noinit_noargs)
                  000004e8    0000002a     driverlib.lib : gpio.obj (.text:GPIODirModeSet)
                  00000512    00000018                   : gpio.obj (.text:GPIOPinTypeGPIOOutput)
                  0000052a    0000000c     tm4c123gh6pm_startup_ccs.obj (.text)
                  00000536    00000006     driverlib.lib : gpio.obj (.text:GPIOPinWrite)
                  0000053c    00000006                   : sysctl.obj (.text:SysCtlDelay)
                  00000542    00000004     rtsv7M4_T_le_v4SPD16_eabi.lib : pre_init.c.obj (.text:_system_pre_init)
                  00000546    00000004                                   : exit.c.obj (.text:abort:abort)

.const     0    0000054a    00000008     
                  0000054a    00000004     main.obj (.const:.string:PADRAO_QUADRADO1)
                  0000054e    00000004     main.obj (.const:.string:PADRAO_QUADRADO2)

.cinit     0    00000000    00000000     UNINITIALIZED

.init_array 
*          0    00000000    00000000     UNINITIALIZED

.stack     0    20000000    00000200     UNINITIALIZED
                  20000000    00000004     rtsv7M4_T_le_v4SPD16_eabi.lib : boot_cortex_m.c.obj (.stack)
                  20000004    000001fc     --HOLE--

__llvm_prf_cnts 
*          0    20000000    00000000     UNINITIALIZED

MODULE SUMMARY

       Module                         code   ro data   rw data
       ------                         ----   -------   -------
    .\
       tm4c123gh6pm_startup_ccs.obj   12     620       0      
       main.obj                       176    8         0      
    +--+------------------------------+------+---------+---------+
       Total:                         188    628       0      
                                                              
    C:/Users/marco/CCS12.2.0.00009_win64/TivaWare_C_Series-2.1.4.178/driverlib/ccs/Debug/driverlib.lib
       gpio.obj                       378    0         0      
       sysctl.obj                     114    0         0      
    +--+------------------------------+------+---------+---------+
       Total:                         492    0         0      
                                                              
    C:\ti\ccs1220\ccs\tools\compiler\ti-cgt-arm_20.2.7.LTS\lib\rtsv7M4_T_le_v4SPD16_eabi.lib
       boot_cortex_m.c.obj            44     0         0      
       exit.c.obj                     4      0         0      
       pre_init.c.obj                 4      0         0      
    +--+------------------------------+------+---------+---------+
       Total:                         52     0         0      
                                                              
       Stack:                         0      0         512    
    +--+------------------------------+------+---------+---------+
       Grand Total:                   732    628       512    


GLOBAL SYMBOLS: SORTED ALPHABETICALLY BY Name 

address   name                   
-------   ----                   
00000547  C$$EXIT                
000004e9  GPIODirModeSet         
0000026d  GPIOPadConfigSet       
00000513  GPIOPinTypeGPIOOutput  
00000537  GPIOPinWrite           
0000054a  PADRAO_QUADRADO1       
0000054e  PADRAO_QUADRADO2       
0000052b  ResetISR               
0000053d  SysCtlDelay            
00000489  SysCtlPeripheralEnable 
00000451  SysCtlPeripheralReady  
20000200  __STACK_END            
00000200  __STACK_SIZE           
20000200  __STACK_TOP            
ffffffff  __TI_pprof_out_hndl    
ffffffff  __TI_prof_data_size    
ffffffff  __TI_prof_data_start   
00000000  __TI_static_base__     
ffffffff  __binit__              
ffffffff  __c_args__             
UNDEFED   __mpu_init             
20000000  __stack                
20000000  __start___llvm_prf_cnts
20000000  __stop___llvm_prf_cnts 
000004bd  _c_int00_noinit_noargs 
00000543  _system_pre_init       
00000547  abort                  
ffffffff  binit                  
00000000  g_pfnVectors           
000003a1  main                   


GLOBAL SYMBOLS: SORTED BY Symbol Address 

address   name                   
-------   ----                   
00000000  __TI_static_base__     
00000000  g_pfnVectors           
00000200  __STACK_SIZE           
0000026d  GPIOPadConfigSet       
000003a1  main                   
00000451  SysCtlPeripheralReady  
00000489  SysCtlPeripheralEnable 
000004bd  _c_int00_noinit_noargs 
000004e9  GPIODirModeSet         
00000513  GPIOPinTypeGPIOOutput  
0000052b  ResetISR               
00000537  GPIOPinWrite           
0000053d  SysCtlDelay            
00000543  _system_pre_init       
00000547  C$$EXIT                
00000547  abort                  
0000054a  PADRAO_QUADRADO1       
0000054e  PADRAO_QUADRADO2       
20000000  __stack                
20000000  __start___llvm_prf_cnts
20000000  __stop___llvm_prf_cnts 
20000200  __STACK_END            
20000200  __STACK_TOP            
ffffffff  __TI_pprof_out_hndl    
ffffffff  __TI_prof_data_size    
ffffffff  __TI_prof_data_start   
ffffffff  __binit__              
ffffffff  __c_args__             
ffffffff  binit                  
UNDEFED   __mpu_init             

[30 symbols]
