<?xml version="1.0" encoding="ISO-8859-1" ?>
<link_info>
   <banner>TI ARM Linker PC v20.2.7.LTS</banner>
   <copyright>Copyright (c) 1996-2018 Texas Instruments Incorporated</copyright>
   <link_time>0x64a47afb</link_time>
   <link_errors>0x0</link_errors>
   <output_file>relogio_2.out</output_file>
   <entry_point>
      <name>_c_int00_noargs</name>
      <address>0x3741</address>
   </entry_point>
   <input_file_list>
      <input_file id="fl-2">
         <path>.\</path>
         <kind>object</kind>
         <file>Nokia5110.obj</file>
         <name>Nokia5110.obj</name>
      </input_file>
      <input_file id="fl-3">
         <path>.\</path>
         <kind>object</kind>
         <file>main.obj</file>
         <name>main.obj</name>
      </input_file>
      <input_file id="fl-4">
         <path>.\</path>
         <kind>object</kind>
         <file>tm4c123gh6pm_startup_ccs.obj</file>
         <name>tm4c123gh6pm_startup_ccs.obj</name>
      </input_file>
      <input_file id="fl-5">
         <path>.\</path>
         <kind>object</kind>
         <file>uartstdio.obj</file>
         <name>uartstdio.obj</name>
      </input_file>
      <input_file id="fl-a">
         <kind>object</kind>
         <file>&lt;internal&gt;</file>
         <name>&lt;internal&gt;</name>
      </input_file>
      <input_file id="fl-b">
         <path>C:\Users\marco\CCS12.2.0.00009_win64\TivaWare_C_Series-2.1.4.178\driverlib\ccs\Debug\</path>
         <kind>archive</kind>
         <file>driverlib.lib</file>
         <name>gpio.obj</name>
      </input_file>
      <input_file id="fl-c">
         <path>C:\Users\marco\CCS12.2.0.00009_win64\TivaWare_C_Series-2.1.4.178\driverlib\ccs\Debug\</path>
         <kind>archive</kind>
         <file>driverlib.lib</file>
         <name>interrupt.obj</name>
      </input_file>
      <input_file id="fl-d">
         <path>C:\Users\marco\CCS12.2.0.00009_win64\TivaWare_C_Series-2.1.4.178\driverlib\ccs\Debug\</path>
         <kind>archive</kind>
         <file>driverlib.lib</file>
         <name>sysctl.obj</name>
      </input_file>
      <input_file id="fl-e">
         <path>C:\Users\marco\CCS12.2.0.00009_win64\TivaWare_C_Series-2.1.4.178\driverlib\ccs\Debug\</path>
         <kind>archive</kind>
         <file>driverlib.lib</file>
         <name>uart.obj</name>
      </input_file>
      <input_file id="fl-f">
         <path>C:\Users\marco\CCS12.2.0.00009_win64\TivaWare_C_Series-2.1.4.178\driverlib\ccs\Debug\</path>
         <kind>archive</kind>
         <file>driverlib.lib</file>
         <name>cpu.obj</name>
      </input_file>
      <input_file id="fl-c5">
         <path>C:\ti\ccs1220\ccs\tools\compiler\ti-cgt-arm_20.2.7.LTS\lib\</path>
         <kind>archive</kind>
         <file>rtsv7M4_T_le_v4SPD16_eabi.lib</file>
         <name>sscanf.c.obj</name>
      </input_file>
      <input_file id="fl-c6">
         <path>C:\ti\ccs1220\ccs\tools\compiler\ti-cgt-arm_20.2.7.LTS\lib\</path>
         <kind>archive</kind>
         <file>rtsv7M4_T_le_v4SPD16_eabi.lib</file>
         <name>memset_t2.asm.obj</name>
      </input_file>
      <input_file id="fl-c7">
         <path>C:\ti\ccs1220\ccs\tools\compiler\ti-cgt-arm_20.2.7.LTS\lib\</path>
         <kind>archive</kind>
         <file>rtsv7M4_T_le_v4SPD16_eabi.lib</file>
         <name>u_divt2.asm.obj</name>
      </input_file>
      <input_file id="fl-c8">
         <path>C:\ti\ccs1220\ccs\tools\compiler\ti-cgt-arm_20.2.7.LTS\lib\</path>
         <kind>archive</kind>
         <file>rtsv7M4_T_le_v4SPD16_eabi.lib</file>
         <name>copy_zero_init.c.obj</name>
      </input_file>
      <input_file id="fl-c9">
         <path>C:\ti\ccs1220\ccs\tools\compiler\ti-cgt-arm_20.2.7.LTS\lib\</path>
         <kind>archive</kind>
         <file>rtsv7M4_T_le_v4SPD16_eabi.lib</file>
         <name>copy_decompress_none.c.obj</name>
      </input_file>
      <input_file id="fl-ca">
         <path>C:\ti\ccs1220\ccs\tools\compiler\ti-cgt-arm_20.2.7.LTS\lib\</path>
         <kind>archive</kind>
         <file>rtsv7M4_T_le_v4SPD16_eabi.lib</file>
         <name>copy_decompress_lzss.c.obj</name>
      </input_file>
      <input_file id="fl-cb">
         <path>C:\ti\ccs1220\ccs\tools\compiler\ti-cgt-arm_20.2.7.LTS\lib\</path>
         <kind>archive</kind>
         <file>rtsv7M4_T_le_v4SPD16_eabi.lib</file>
         <name>ctype.c.obj</name>
      </input_file>
      <input_file id="fl-cc">
         <path>C:\ti\ccs1220\ccs\tools\compiler\ti-cgt-arm_20.2.7.LTS\lib\</path>
         <kind>archive</kind>
         <file>rtsv7M4_T_le_v4SPD16_eabi.lib</file>
         <name>strncat.c.obj</name>
      </input_file>
      <input_file id="fl-cd">
         <path>C:\ti\ccs1220\ccs\tools\compiler\ti-cgt-arm_20.2.7.LTS\lib\</path>
         <kind>archive</kind>
         <file>rtsv7M4_T_le_v4SPD16_eabi.lib</file>
         <name>boot_cortex_m.c.obj</name>
      </input_file>
      <input_file id="fl-ce">
         <path>C:\ti\ccs1220\ccs\tools\compiler\ti-cgt-arm_20.2.7.LTS\lib\</path>
         <kind>archive</kind>
         <file>rtsv7M4_T_le_v4SPD16_eabi.lib</file>
         <name>_scanfi.c.obj</name>
      </input_file>
      <input_file id="fl-cf">
         <path>C:\ti\ccs1220\ccs\tools\compiler\ti-cgt-arm_20.2.7.LTS\lib\</path>
         <kind>archive</kind>
         <file>rtsv7M4_T_le_v4SPD16_eabi.lib</file>
         <name>div0.asm.obj</name>
      </input_file>
      <input_file id="fl-d0">
         <path>C:\ti\ccs1220\ccs\tools\compiler\ti-cgt-arm_20.2.7.LTS\lib\</path>
         <kind>archive</kind>
         <file>rtsv7M4_T_le_v4SPD16_eabi.lib</file>
         <name>fd_tos_t2.asm.obj</name>
      </input_file>
      <input_file id="fl-d1">
         <path>C:\ti\ccs1220\ccs\tools\compiler\ti-cgt-arm_20.2.7.LTS\lib\</path>
         <kind>archive</kind>
         <file>rtsv7M4_T_le_v4SPD16_eabi.lib</file>
         <name>memcpy_t2.asm.obj</name>
      </input_file>
      <input_file id="fl-d2">
         <path>C:\ti\ccs1220\ccs\tools\compiler\ti-cgt-arm_20.2.7.LTS\lib\</path>
         <kind>archive</kind>
         <file>rtsv7M4_T_le_v4SPD16_eabi.lib</file>
         <name>autoinit.c.obj</name>
      </input_file>
      <input_file id="fl-d3">
         <path>C:\ti\ccs1220\ccs\tools\compiler\ti-cgt-arm_20.2.7.LTS\lib\</path>
         <kind>archive</kind>
         <file>rtsv7M4_T_le_v4SPD16_eabi.lib</file>
         <name>pre_init.c.obj</name>
      </input_file>
      <input_file id="fl-d4">
         <path>C:\ti\ccs1220\ccs\tools\compiler\ti-cgt-arm_20.2.7.LTS\lib\</path>
         <kind>archive</kind>
         <file>rtsv7M4_T_le_v4SPD16_eabi.lib</file>
         <name>cpy_tbl.c.obj</name>
      </input_file>
      <input_file id="fl-d5">
         <path>C:\ti\ccs1220\ccs\tools\compiler\ti-cgt-arm_20.2.7.LTS\lib\</path>
         <kind>archive</kind>
         <file>rtsv7M4_T_le_v4SPD16_eabi.lib</file>
         <name>exit.c.obj</name>
      </input_file>
      <input_file id="fl-d6">
         <path>C:\ti\ccs1220\ccs\tools\compiler\ti-cgt-arm_20.2.7.LTS\lib\</path>
         <kind>archive</kind>
         <file>rtsv7M4_T_le_v4SPD16_eabi.lib</file>
         <name>_lock.c.obj</name>
      </input_file>
      <input_file id="fl-d7">
         <path>C:\ti\ccs1220\ccs\tools\compiler\ti-cgt-arm_20.2.7.LTS\lib\</path>
         <kind>archive</kind>
         <file>rtsv7M4_T_le_v4SPD16_eabi.lib</file>
         <name>args_main.c.obj</name>
      </input_file>
      <input_file id="fl-d8">
         <path>C:\ti\ccs1220\ccs\tools\compiler\ti-cgt-arm_20.2.7.LTS\lib\</path>
         <kind>archive</kind>
         <file>rtsv7M4_T_le_v4SPD16_eabi.lib</file>
         <name>atoi.c.obj</name>
      </input_file>
      <input_file id="fl-d9">
         <path>C:\ti\ccs1220\ccs\tools\compiler\ti-cgt-arm_20.2.7.LTS\lib\</path>
         <kind>archive</kind>
         <file>rtsv7M4_T_le_v4SPD16_eabi.lib</file>
         <name>strchr.c.obj</name>
      </input_file>
      <input_file id="fl-da">
         <path>C:\ti\ccs1220\ccs\tools\compiler\ti-cgt-arm_20.2.7.LTS\lib\</path>
         <kind>archive</kind>
         <file>rtsv7M4_T_le_v4SPD16_eabi.lib</file>
         <name>strcpy.c.obj</name>
      </input_file>
      <input_file id="fl-db">
         <path>C:\ti\ccs1220\ccs\tools\compiler\ti-cgt-arm_20.2.7.LTS\lib\</path>
         <kind>archive</kind>
         <file>rtsv7M4_T_le_v4SPD16_eabi.lib</file>
         <name>strlen.c.obj</name>
      </input_file>
      <input_file id="fl-dc">
         <path>C:\ti\ccs1220\ccs\tools\compiler\ti-cgt-arm_20.2.7.LTS\lib\</path>
         <kind>archive</kind>
         <file>rtsv7M4_T_le_v4SPD16_eabi.lib</file>
         <name>strrchr.c.obj</name>
      </input_file>
      <input_file id="fl-dd">
         <path>C:\ti\ccs1220\ccs\tools\compiler\ti-cgt-arm_20.2.7.LTS\lib\</path>
         <kind>archive</kind>
         <file>rtsv7M4_T_le_v4SPD16_eabi.lib</file>
         <name>strtod.c.obj</name>
      </input_file>
      <input_file id="fl-de">
         <path>C:\ti\ccs1220\ccs\tools\compiler\ti-cgt-arm_20.2.7.LTS\lib\</path>
         <kind>archive</kind>
         <file>rtsv7M4_T_le_v4SPD16_eabi.lib</file>
         <name>strtol.c.obj</name>
      </input_file>
      <input_file id="fl-df">
         <path>C:\ti\ccs1220\ccs\tools\compiler\ti-cgt-arm_20.2.7.LTS\lib\</path>
         <kind>archive</kind>
         <file>rtsv7M4_T_le_v4SPD16_eabi.lib</file>
         <name>strtoll.c.obj</name>
      </input_file>
      <input_file id="fl-e0">
         <path>C:\ti\ccs1220\ccs\tools\compiler\ti-cgt-arm_20.2.7.LTS\lib\</path>
         <kind>archive</kind>
         <file>rtsv7M4_T_le_v4SPD16_eabi.lib</file>
         <name>strtoul.c.obj</name>
      </input_file>
      <input_file id="fl-e1">
         <path>C:\ti\ccs1220\ccs\tools\compiler\ti-cgt-arm_20.2.7.LTS\lib\</path>
         <kind>archive</kind>
         <file>rtsv7M4_T_le_v4SPD16_eabi.lib</file>
         <name>strtoull.c.obj</name>
      </input_file>
      <input_file id="fl-e2">
         <path>C:\ti\ccs1220\ccs\tools\compiler\ti-cgt-arm_20.2.7.LTS\lib\</path>
         <kind>archive</kind>
         <file>rtsv7M4_T_le_v4SPD16_eabi.lib</file>
         <name>errno.c.obj</name>
      </input_file>
      <input_file id="fl-e3">
         <path>C:\ti\ccs1220\ccs\tools\compiler\ti-cgt-arm_20.2.7.LTS\lib\</path>
         <kind>archive</kind>
         <file>rtsv7M4_T_le_v4SPD16_eabi.lib</file>
         <name>s_scalbn.c.obj</name>
      </input_file>
      <input_file id="fl-e4">
         <path>C:\ti\ccs1220\ccs\tools\compiler\ti-cgt-arm_20.2.7.LTS\lib\</path>
         <kind>archive</kind>
         <file>rtsv7M4_T_le_v4SPD16_eabi.lib</file>
         <name>fd_add_t2.asm.obj</name>
      </input_file>
      <input_file id="fl-e5">
         <path>C:\ti\ccs1220\ccs\tools\compiler\ti-cgt-arm_20.2.7.LTS\lib\</path>
         <kind>archive</kind>
         <file>rtsv7M4_T_le_v4SPD16_eabi.lib</file>
         <name>fd_cmp_t2.asm.obj</name>
      </input_file>
      <input_file id="fl-e6">
         <path>C:\ti\ccs1220\ccs\tools\compiler\ti-cgt-arm_20.2.7.LTS\lib\</path>
         <kind>archive</kind>
         <file>rtsv7M4_T_le_v4SPD16_eabi.lib</file>
         <name>fd_div_t2.asm.obj</name>
      </input_file>
      <input_file id="fl-e7">
         <path>C:\ti\ccs1220\ccs\tools\compiler\ti-cgt-arm_20.2.7.LTS\lib\</path>
         <kind>archive</kind>
         <file>rtsv7M4_T_le_v4SPD16_eabi.lib</file>
         <name>fd_mul_t2.asm.obj</name>
      </input_file>
      <input_file id="fl-e8">
         <path>C:\ti\ccs1220\ccs\tools\compiler\ti-cgt-arm_20.2.7.LTS\lib\</path>
         <kind>archive</kind>
         <file>rtsv7M4_T_le_v4SPD16_eabi.lib</file>
         <name>ll_mul_t2.asm.obj</name>
      </input_file>
      <input_file id="fl-e9">
         <path>C:\ti\ccs1220\ccs\tools\compiler\ti-cgt-arm_20.2.7.LTS\lib\</path>
         <kind>archive</kind>
         <file>rtsv7M4_T_le_v4SPD16_eabi.lib</file>
         <name>ull_div_t2.asm.obj</name>
      </input_file>
      <input_file id="fl-ea">
         <path>C:\ti\ccs1220\ccs\tools\compiler\ti-cgt-arm_20.2.7.LTS\lib\</path>
         <kind>archive</kind>
         <file>rtsv7M4_T_le_v4SPD16_eabi.lib</file>
         <name>s_copysign.c.obj</name>
      </input_file>
   </input_file_list>
   <object_component_list>
      <object_component id="oc-12">
         <name>.intvecs</name>
         <load_address>0x0</load_address>
         <run_address>0x0</run_address>
         <size>0x26c</size>
         <input_file_ref idref="fl-4"/>
      </object_component>
      <object_component id="oc-e3">
         <name>.text</name>
         <load_address>0x26c</load_address>
         <run_address>0x26c</run_address>
         <size>0xc3c</size>
         <input_file_ref idref="fl-2"/>
      </object_component>
      <object_component id="oc-1be">
         <name>.text:__TI_scanfi</name>
         <load_address>0xea8</load_address>
         <run_address>0xea8</run_address>
         <size>0xb14</size>
         <input_file_ref idref="fl-ce"/>
      </object_component>
      <object_component id="oc-ef">
         <name>.text</name>
         <load_address>0x19bc</load_address>
         <run_address>0x19bc</run_address>
         <size>0x49c</size>
         <input_file_ref idref="fl-5"/>
      </object_component>
      <object_component id="oc-248">
         <name>.text:strtod</name>
         <load_address>0x1e58</load_address>
         <run_address>0x1e58</run_address>
         <size>0x460</size>
         <input_file_ref idref="fl-dd"/>
      </object_component>
      <object_component id="oc-259">
         <name>.text:strtoll</name>
         <load_address>0x22b8</load_address>
         <run_address>0x22b8</run_address>
         <size>0x1dc</size>
         <input_file_ref idref="fl-df"/>
      </object_component>
      <object_component id="oc-2c7">
         <name>.text</name>
         <load_address>0x2494</load_address>
         <run_address>0x2494</run_address>
         <size>0x1b6</size>
         <input_file_ref idref="fl-e4"/>
      </object_component>
      <object_component id="oc-22b">
         <name>.text</name>
         <load_address>0x264a</load_address>
         <run_address>0x264a</run_address>
         <size>0x2</size>
         <input_file_ref idref="fl-cf"/>
      </object_component>
      <object_component id="oc-9b">
         <name>.text</name>
         <load_address>0x264c</load_address>
         <run_address>0x264c</run_address>
         <size>0x16c</size>
         <input_file_ref idref="fl-3"/>
      </object_component>
      <object_component id="oc-23c">
         <name>.text:strtoull</name>
         <load_address>0x27b8</load_address>
         <run_address>0x27b8</run_address>
         <size>0x15c</size>
         <input_file_ref idref="fl-e1"/>
      </object_component>
      <object_component id="oc-2d1">
         <name>.text</name>
         <load_address>0x2914</load_address>
         <run_address>0x2914</run_address>
         <size>0x136</size>
         <input_file_ref idref="fl-e6"/>
      </object_component>
      <object_component id="oc-166">
         <name>.text:GPIOPadConfigSet</name>
         <load_address>0x2a4a</load_address>
         <run_address>0x2a4a</run_address>
         <size>0x132</size>
         <input_file_ref idref="fl-b"/>
      </object_component>
      <object_component id="oc-253">
         <name>.text:strtol</name>
         <load_address>0x2b7c</load_address>
         <run_address>0x2b7c</run_address>
         <size>0x130</size>
         <input_file_ref idref="fl-de"/>
      </object_component>
      <object_component id="oc-d6">
         <name>.text:SysCtlClockGet</name>
         <load_address>0x2cac</load_address>
         <run_address>0x2cac</run_address>
         <size>0x110</size>
         <input_file_ref idref="fl-d"/>
      </object_component>
      <object_component id="oc-2d6">
         <name>.text:scalbn</name>
         <load_address>0x2dbc</load_address>
         <run_address>0x2dbc</run_address>
         <size>0x110</size>
         <input_file_ref idref="fl-e3"/>
      </object_component>
      <object_component id="oc-242">
         <name>.text:strtoul</name>
         <load_address>0x2ecc</load_address>
         <run_address>0x2ecc</run_address>
         <size>0x110</size>
         <input_file_ref idref="fl-e0"/>
      </object_component>
      <object_component id="oc-2c2">
         <name>.text</name>
         <load_address>0x2fdc</load_address>
         <run_address>0x2fdc</run_address>
         <size>0xfc</size>
         <input_file_ref idref="fl-e7"/>
      </object_component>
      <object_component id="oc-e9">
         <name>.text:SysCtlClockSet</name>
         <load_address>0x30d8</load_address>
         <run_address>0x30d8</run_address>
         <size>0xf4</size>
         <input_file_ref idref="fl-d"/>
      </object_component>
      <object_component id="oc-3b">
         <name>.text</name>
         <load_address>0x31cc</load_address>
         <run_address>0x31cc</run_address>
         <size>0x9c</size>
         <input_file_ref idref="fl-d1"/>
      </object_component>
      <object_component id="oc-2b3">
         <name>.text</name>
         <load_address>0x3268</load_address>
         <run_address>0x3268</run_address>
         <size>0x96</size>
         <input_file_ref idref="fl-e9"/>
      </object_component>
      <object_component id="oc-2cc">
         <name>.text:__aeabi_cdcmple</name>
         <load_address>0x32fe</load_address>
         <run_address>0x32fe</run_address>
         <size>0x86</size>
         <input_file_ref idref="fl-e5"/>
      </object_component>
      <object_component id="oc-8f">
         <name>.text</name>
         <load_address>0x3384</load_address>
         <run_address>0x3384</run_address>
         <size>0x7a</size>
         <input_file_ref idref="fl-c6"/>
      </object_component>
      <object_component id="oc-24e">
         <name>.text</name>
         <load_address>0x33fe</load_address>
         <run_address>0x33fe</run_address>
         <size>0x6e</size>
         <input_file_ref idref="fl-d0"/>
      </object_component>
      <object_component id="oc-1d0">
         <name>.text:_chkmbc</name>
         <load_address>0x346c</load_address>
         <run_address>0x346c</run_address>
         <size>0x68</size>
         <input_file_ref idref="fl-c5"/>
      </object_component>
      <object_component id="oc-15">
         <name>.text:decompress:lzss:__TI_decompress_lzss</name>
         <load_address>0x34d4</load_address>
         <run_address>0x34d4</run_address>
         <size>0x68</size>
         <input_file_ref idref="fl-ca"/>
      </object_component>
      <object_component id="oc-268">
         <name>.text:atoi</name>
         <load_address>0x353c</load_address>
         <run_address>0x353c</run_address>
         <size>0x4c</size>
         <input_file_ref idref="fl-d8"/>
      </object_component>
      <object_component id="oc-ca">
         <name>.text:GPIOPinConfigure</name>
         <load_address>0x3588</load_address>
         <run_address>0x3588</run_address>
         <size>0x48</size>
         <input_file_ref idref="fl-b"/>
      </object_component>
      <object_component id="oc-dc">
         <name>.text:UARTConfigSetExpClk</name>
         <load_address>0x35d0</load_address>
         <run_address>0x35d0</run_address>
         <size>0x46</size>
         <input_file_ref idref="fl-e"/>
      </object_component>
      <object_component id="oc-120">
         <name>.text:__TI_auto_init_nobinit_nopinit:__TI_auto_init_nobinit_nopinit</name>
         <load_address>0x3618</load_address>
         <run_address>0x3618</run_address>
         <size>0x44</size>
         <input_file_ref idref="fl-d2"/>
      </object_component>
      <object_component id="oc-1ae">
         <name>.text</name>
         <load_address>0x365c</load_address>
         <run_address>0x365c</run_address>
         <size>0x40</size>
         <input_file_ref idref="fl-c7"/>
      </object_component>
      <object_component id="oc-193">
         <name>.text:SysCtlPeripheralPresent</name>
         <load_address>0x369c</load_address>
         <run_address>0x369c</run_address>
         <size>0x38</size>
         <input_file_ref idref="fl-d"/>
      </object_component>
      <object_component id="oc-fb">
         <name>.text:sscanf</name>
         <load_address>0x36d4</load_address>
         <run_address>0x36d4</run_address>
         <size>0x38</size>
         <input_file_ref idref="fl-c5"/>
      </object_component>
      <object_component id="oc-c4">
         <name>.text:SysCtlPeripheralEnable</name>
         <load_address>0x370c</load_address>
         <run_address>0x370c</run_address>
         <size>0x34</size>
         <input_file_ref idref="fl-d"/>
      </object_component>
      <object_component id="oc-59">
         <name>.text:_c_int00_noargs:_c_int00_noargs</name>
         <load_address>0x3740</load_address>
         <run_address>0x3740</run_address>
         <size>0x34</size>
         <input_file_ref idref="fl-cd"/>
      </object_component>
      <object_component id="oc-101">
         <name>.text:strncat</name>
         <load_address>0x3774</load_address>
         <run_address>0x3774</run_address>
         <size>0x2e</size>
         <input_file_ref idref="fl-cc"/>
      </object_component>
      <object_component id="oc-160">
         <name>.text:GPIODirModeSet</name>
         <load_address>0x37a2</load_address>
         <run_address>0x37a2</run_address>
         <size>0x2a</size>
         <input_file_ref idref="fl-b"/>
      </object_component>
      <object_component id="oc-171">
         <name>.text:UARTDisable</name>
         <load_address>0x37cc</load_address>
         <run_address>0x37cc</run_address>
         <size>0x20</size>
         <input_file_ref idref="fl-e"/>
      </object_component>
      <object_component id="oc-47">
         <name>.text:decompress:ZI:__TI_zero_init_nomemset:__TI_zero_init_nomemset</name>
         <load_address>0x37ec</load_address>
         <run_address>0x37ec</run_address>
         <size>0x1c</size>
         <input_file_ref idref="fl-c8"/>
      </object_component>
      <object_component id="oc-31e">
         <name>.text:copysign</name>
         <load_address>0x3808</load_address>
         <run_address>0x3808</run_address>
         <size>0x1a</size>
         <input_file_ref idref="fl-ea"/>
      </object_component>
      <object_component id="oc-2ae">
         <name>.text</name>
         <load_address>0x3822</load_address>
         <run_address>0x3822</run_address>
         <size>0x18</size>
         <input_file_ref idref="fl-e8"/>
      </object_component>
      <object_component id="oc-26e">
         <name>.text:strrchr</name>
         <load_address>0x383a</load_address>
         <run_address>0x383a</run_address>
         <size>0x18</size>
         <input_file_ref idref="fl-dc"/>
      </object_component>
      <object_component id="oc-274">
         <name>.text:strchr</name>
         <load_address>0x3852</load_address>
         <run_address>0x3852</run_address>
         <size>0x16</size>
         <input_file_ref idref="fl-d9"/>
      </object_component>
      <object_component id="oc-177">
         <name>.text:UARTEnable</name>
         <load_address>0x3868</load_address>
         <run_address>0x3868</run_address>
         <size>0x14</size>
         <input_file_ref idref="fl-e"/>
      </object_component>
      <object_component id="oc-236">
         <name>.text:strcpy</name>
         <load_address>0x387c</load_address>
         <run_address>0x387c</run_address>
         <size>0x14</size>
         <input_file_ref idref="fl-da"/>
      </object_component>
      <object_component id="oc-262">
         <name>.text:strlen</name>
         <load_address>0x3890</load_address>
         <run_address>0x3890</run_address>
         <size>0x14</size>
         <input_file_ref idref="fl-db"/>
      </object_component>
      <object_component id="oc-d0">
         <name>.text:GPIOPinTypeUART</name>
         <load_address>0x38a4</load_address>
         <run_address>0x38a4</run_address>
         <size>0x12</size>
         <input_file_ref idref="fl-b"/>
      </object_component>
      <object_component id="oc-1c4">
         <name>.text:_inpchar</name>
         <load_address>0x38b6</load_address>
         <run_address>0x38b6</run_address>
         <size>0x12</size>
         <input_file_ref idref="fl-c5"/>
      </object_component>
      <object_component id="oc-f5">
         <name>.text:UARTCharGetNonBlocking</name>
         <load_address>0x38c8</load_address>
         <run_address>0x38c8</run_address>
         <size>0xe</size>
         <input_file_ref idref="fl-e"/>
      </object_component>
      <object_component id="oc-107">
         <name>.text:UARTCharsAvail</name>
         <load_address>0x38d6</load_address>
         <run_address>0x38d6</run_address>
         <size>0xe</size>
         <input_file_ref idref="fl-e"/>
      </object_component>
      <object_component id="oc-1b">
         <name>.text:decompress:none:__TI_decompress_none</name>
         <load_address>0x38e4</load_address>
         <run_address>0x38e4</run_address>
         <size>0xe</size>
         <input_file_ref idref="fl-c9"/>
      </object_component>
      <object_component id="oc-27">
         <name>.text</name>
         <load_address>0x38f2</load_address>
         <run_address>0x38f2</run_address>
         <size>0xc</size>
         <input_file_ref idref="fl-4"/>
      </object_component>
      <object_component id="oc-19f">
         <name>.text:UARTCharGet</name>
         <load_address>0x38fe</load_address>
         <run_address>0x38fe</run_address>
         <size>0xa</size>
         <input_file_ref idref="fl-e"/>
      </object_component>
      <object_component id="oc-199">
         <name>.text:UARTCharPut</name>
         <load_address>0x3908</load_address>
         <run_address>0x3908</run_address>
         <size>0xa</size>
         <input_file_ref idref="fl-e"/>
      </object_component>
      <object_component id="oc-2b8">
         <name>.text:__aeabi_errno_addr</name>
         <load_address>0x3914</load_address>
         <run_address>0x3914</run_address>
         <size>0x8</size>
         <input_file_ref idref="fl-e2"/>
      </object_component>
      <object_component id="oc-1ca">
         <name>.text:_uninpchar</name>
         <load_address>0x391c</load_address>
         <run_address>0x391c</run_address>
         <size>0x8</size>
         <input_file_ref idref="fl-c5"/>
      </object_component>
      <object_component id="oc-e2">
         <name>.text:SysCtlDelay</name>
         <load_address>0x3924</load_address>
         <run_address>0x3924</run_address>
         <size>0x6</size>
         <input_file_ref idref="fl-d"/>
      </object_component>
      <object_component id="oc-95">
         <name>.text:_system_pre_init</name>
         <load_address>0x392a</load_address>
         <run_address>0x392a</run_address>
         <size>0x4</size>
         <input_file_ref idref="fl-d3"/>
      </object_component>
      <object_component id="oc-114">
         <name>.text:abort:abort</name>
         <load_address>0x392e</load_address>
         <run_address>0x392e</run_address>
         <size>0x4</size>
         <input_file_ref idref="fl-d5"/>
      </object_component>
      <object_component id="oc-17f">
         <name>.const:ASCII</name>
         <load_address>0x3938</load_address>
         <run_address>0x3938</run_address>
         <size>0x1e5</size>
         <input_file_ref idref="fl-2"/>
      </object_component>
      <object_component id="oc-25f">
         <name>.const:.string:_ctypes_</name>
         <load_address>0x3b1d</load_address>
         <run_address>0x3b1d</run_address>
         <size>0x101</size>
         <input_file_ref idref="fl-cb"/>
      </object_component>
      <object_component id="oc-2dc">
         <name>.const:$O1$$</name>
         <load_address>0x3c20</load_address>
         <run_address>0x3c20</run_address>
         <size>0xc8</size>
         <input_file_ref idref="fl-dd"/>
      </object_component>
      <object_component id="oc-15b">
         <name>.const:g_pui32GPIOBaseAddrs</name>
         <load_address>0x3ce8</load_address>
         <run_address>0x3ce8</run_address>
         <size>0x90</size>
         <input_file_ref idref="fl-b"/>
      </object_component>
      <object_component id="oc-16d">
         <name>.const:g_pui32Xtals</name>
         <load_address>0x3d78</load_address>
         <run_address>0x3d78</run_address>
         <size>0x6c</size>
         <input_file_ref idref="fl-d"/>
      </object_component>
      <object_component id="oc-231">
         <name>.const:.string</name>
         <load_address>0x3de4</load_address>
         <run_address>0x3de4</run_address>
         <size>0x12</size>
         <input_file_ref idref="fl-5"/>
      </object_component>
      <object_component id="oc-27a">
         <name>.const:$O1$$</name>
         <load_address>0x3df8</load_address>
         <run_address>0x3df8</run_address>
         <size>0x10</size>
         <input_file_ref idref="fl-ce"/>
      </object_component>
      <object_component id="oc-189">
         <name>.const:MIX_SIMBOLS</name>
         <load_address>0x3e08</load_address>
         <run_address>0x3e08</run_address>
         <size>0xc</size>
         <input_file_ref idref="fl-2"/>
      </object_component>
      <object_component id="oc-1ab">
         <name>.const:g_ui32UARTBase</name>
         <load_address>0x3e14</load_address>
         <run_address>0x3e14</run_address>
         <size>0xc</size>
         <input_file_ref idref="fl-5"/>
      </object_component>
      <object_component id="oc-1a5">
         <name>.const:g_ui32UARTPeriph</name>
         <load_address>0x3e20</load_address>
         <run_address>0x3e20</run_address>
         <size>0xc</size>
         <input_file_ref idref="fl-5"/>
      </object_component>
      <object_component id="oc-183">
         <name>.const:.string:Masks</name>
         <load_address>0x3e2c</load_address>
         <run_address>0x3e2c</run_address>
         <size>0x8</size>
         <input_file_ref idref="fl-2"/>
      </object_component>
      <object_component id="oc-186">
         <name>.const:SPECIAL_SIMBOLS</name>
         <load_address>0x3e34</load_address>
         <run_address>0x3e34</run_address>
         <size>0x5</size>
         <input_file_ref idref="fl-2"/>
      </object_component>
      <object_component id="oc-1b3">
         <name>.const</name>
         <load_address>0x3e3c</load_address>
         <run_address>0x3e3c</run_address>
         <size>0x4</size>
         <input_file_ref idref="fl-5"/>
      </object_component>
      <object_component id="oc-372">
         <name>__TI_handler_table</name>
         <load_address>0x3e40</load_address>
         <run_address>0x3e40</run_address>
         <size>0xc</size>
      </object_component>
      <object_component id="oc-375">
         <name>.cinit..bss.load</name>
         <load_address>0x3e50</load_address>
         <run_address>0x3e50</run_address>
         <size>0x8</size>
      </object_component>
      <object_component id="oc-374">
         <name>.cinit..data.load</name>
         <load_address>0x3e58</load_address>
         <run_address>0x3e58</run_address>
         <size>0x7</size>
      </object_component>
      <object_component id="oc-373">
         <name>__TI_cinit_table</name>
         <load_address>0x3e60</load_address>
         <run_address>0x3e60</run_address>
         <size>0x10</size>
      </object_component>
      <object_component id="oc-1a8">
         <name>.data</name>
         <load_address>0x200003f8</load_address>
         <run_address>0x200003f8</run_address>
         <size>0x5</size>
         <input_file_ref idref="fl-5"/>
      </object_component>
      <object_component id="oc-311">
         <name>.data</name>
         <load_address>0x20000400</load_address>
         <run_address>0x20000400</run_address>
         <size>0x4</size>
         <input_file_ref idref="fl-e2"/>
      </object_component>
      <object_component id="oc-182">
         <name>.common:Screen</name>
         <uninitialized>true</uninitialized>
         <run_address>0x20000200</run_address>
         <size>0x1f8</size>
      </object_component>
      <object_component id="oc-24">
         <name>.stack</name>
         <uninitialized>true</uninitialized>
         <run_address>0x20000000</run_address>
         <size>0x4</size>
         <input_file_ref idref="fl-cd"/>
      </object_component>
      <object_component id="oc-377">
         <name>.stack</name>
         <uninitialized>true</uninitialized>
         <run_address>0x20000000</run_address>
         <size>0x0</size>
      </object_component>
      <object_component id="oc-b2">
         <name>.debug_info</name>
         <load_address>0x0</load_address>
         <run_address>0x0</run_address>
         <size>0x300</size>
         <input_file_ref idref="fl-2"/>
      </object_component>
      <object_component id="oc-184">
         <name>.debug_info</name>
         <load_address>0x300</load_address>
         <run_address>0x300</run_address>
         <size>0xcc</size>
         <input_file_ref idref="fl-2"/>
      </object_component>
      <object_component id="oc-180">
         <name>.debug_info</name>
         <load_address>0x3cc</load_address>
         <run_address>0x3cc</run_address>
         <size>0xcb</size>
         <input_file_ref idref="fl-2"/>
      </object_component>
      <object_component id="oc-187">
         <name>.debug_info</name>
         <load_address>0x497</load_address>
         <run_address>0x497</run_address>
         <size>0xdf</size>
         <input_file_ref idref="fl-2"/>
      </object_component>
      <object_component id="oc-18a">
         <name>.debug_info</name>
         <load_address>0x576</load_address>
         <run_address>0x576</run_address>
         <size>0xd7</size>
         <input_file_ref idref="fl-2"/>
      </object_component>
      <object_component id="oc-e4">
         <name>.debug_info</name>
         <load_address>0x64d</load_address>
         <run_address>0x64d</run_address>
         <size>0x15eb</size>
         <input_file_ref idref="fl-2"/>
      </object_component>
      <object_component id="oc-70">
         <name>.debug_info</name>
         <load_address>0x1c38</load_address>
         <run_address>0x1c38</run_address>
         <size>0x26b</size>
         <input_file_ref idref="fl-2"/>
      </object_component>
      <object_component id="oc-36">
         <name>.debug_info</name>
         <load_address>0x1ea3</load_address>
         <run_address>0x1ea3</run_address>
         <size>0x84</size>
         <input_file_ref idref="fl-2"/>
      </object_component>
      <object_component id="oc-ad">
         <name>.debug_info</name>
         <load_address>0x1f27</load_address>
         <run_address>0x1f27</run_address>
         <size>0x2a4</size>
         <input_file_ref idref="fl-2"/>
      </object_component>
      <object_component id="oc-75">
         <name>.debug_info</name>
         <load_address>0x21cb</load_address>
         <run_address>0x21cb</run_address>
         <size>0xbb</size>
         <input_file_ref idref="fl-2"/>
      </object_component>
      <object_component id="oc-18d">
         <name>.debug_info</name>
         <load_address>0x2286</load_address>
         <run_address>0x2286</run_address>
         <size>0x3f</size>
         <input_file_ref idref="fl-2"/>
      </object_component>
      <object_component id="oc-113">
         <name>.debug_info</name>
         <load_address>0x22c5</load_address>
         <run_address>0x22c5</run_address>
         <size>0x640</size>
         <input_file_ref idref="fl-3"/>
      </object_component>
      <object_component id="oc-9d">
         <name>.debug_info</name>
         <load_address>0x2905</load_address>
         <run_address>0x2905</run_address>
         <size>0x512</size>
         <input_file_ref idref="fl-3"/>
      </object_component>
      <object_component id="oc-10e">
         <name>.debug_info</name>
         <load_address>0x2e17</load_address>
         <run_address>0x2e17</run_address>
         <size>0x8b</size>
         <input_file_ref idref="fl-3"/>
      </object_component>
      <object_component id="oc-1e2">
         <name>.debug_info</name>
         <load_address>0x2ea2</load_address>
         <run_address>0x2ea2</run_address>
         <size>0xcc</size>
         <input_file_ref idref="fl-3"/>
      </object_component>
      <object_component id="oc-1b8">
         <name>.debug_info</name>
         <load_address>0x2f6e</load_address>
         <run_address>0x2f6e</run_address>
         <size>0x2c</size>
         <input_file_ref idref="fl-3"/>
      </object_component>
      <object_component id="oc-1dd">
         <name>.debug_info</name>
         <load_address>0x2f9a</load_address>
         <run_address>0x2f9a</run_address>
         <size>0x35</size>
         <input_file_ref idref="fl-3"/>
      </object_component>
      <object_component id="oc-2f">
         <name>.debug_info</name>
         <load_address>0x2fcf</load_address>
         <run_address>0x2fcf</run_address>
         <size>0x2aa</size>
         <input_file_ref idref="fl-4"/>
      </object_component>
      <object_component id="oc-13">
         <name>.debug_info</name>
         <load_address>0x3279</load_address>
         <run_address>0x3279</run_address>
         <size>0xe9</size>
         <input_file_ref idref="fl-4"/>
      </object_component>
      <object_component id="oc-28">
         <name>.debug_info</name>
         <load_address>0x3362</load_address>
         <run_address>0x3362</run_address>
         <size>0x265</size>
         <input_file_ref idref="fl-4"/>
      </object_component>
      <object_component id="oc-1b7">
         <name>.debug_info</name>
         <load_address>0x35c7</load_address>
         <run_address>0x35c7</run_address>
         <size>0x422</size>
         <input_file_ref idref="fl-5"/>
      </object_component>
      <object_component id="oc-1a9">
         <name>.debug_info</name>
         <load_address>0x39e9</load_address>
         <run_address>0x39e9</run_address>
         <size>0x119</size>
         <input_file_ref idref="fl-5"/>
      </object_component>
      <object_component id="oc-1b4">
         <name>.debug_info</name>
         <load_address>0x3b02</load_address>
         <run_address>0x3b02</run_address>
         <size>0x113</size>
         <input_file_ref idref="fl-5"/>
      </object_component>
      <object_component id="oc-1ac">
         <name>.debug_info</name>
         <load_address>0x3c15</load_address>
         <run_address>0x3c15</run_address>
         <size>0x121</size>
         <input_file_ref idref="fl-5"/>
      </object_component>
      <object_component id="oc-1a6">
         <name>.debug_info</name>
         <load_address>0x3d36</load_address>
         <run_address>0x3d36</run_address>
         <size>0x125</size>
         <input_file_ref idref="fl-5"/>
      </object_component>
      <object_component id="oc-f2">
         <name>.debug_info</name>
         <load_address>0x3e5b</load_address>
         <run_address>0x3e5b</run_address>
         <size>0xaf2</size>
         <input_file_ref idref="fl-5"/>
      </object_component>
      <object_component id="oc-15f">
         <name>.debug_info</name>
         <load_address>0x494d</load_address>
         <run_address>0x494d</run_address>
         <size>0x240</size>
         <input_file_ref idref="fl-b"/>
      </object_component>
      <object_component id="oc-15c">
         <name>.debug_info</name>
         <load_address>0x4b8d</load_address>
         <run_address>0x4b8d</run_address>
         <size>0x15b</size>
         <input_file_ref idref="fl-b"/>
      </object_component>
      <object_component id="oc-163">
         <name>.debug_info</name>
         <load_address>0x4ce8</load_address>
         <run_address>0x4ce8</run_address>
         <size>0x2b3</size>
         <input_file_ref idref="fl-b"/>
      </object_component>
      <object_component id="oc-169">
         <name>.debug_info</name>
         <load_address>0x4f9b</load_address>
         <run_address>0x4f9b</run_address>
         <size>0x316</size>
         <input_file_ref idref="fl-b"/>
      </object_component>
      <object_component id="oc-d2">
         <name>.debug_info</name>
         <load_address>0x52b1</load_address>
         <run_address>0x52b1</run_address>
         <size>0x27b</size>
         <input_file_ref idref="fl-b"/>
      </object_component>
      <object_component id="oc-cc">
         <name>.debug_info</name>
         <load_address>0x552c</load_address>
         <run_address>0x552c</run_address>
         <size>0x280</size>
         <input_file_ref idref="fl-b"/>
      </object_component>
      <object_component id="oc-155">
         <name>.debug_info</name>
         <load_address>0x57ac</load_address>
         <run_address>0x57ac</run_address>
         <size>0x18b</size>
         <input_file_ref idref="fl-b"/>
      </object_component>
      <object_component id="oc-15a">
         <name>.debug_info</name>
         <load_address>0x5937</load_address>
         <run_address>0x5937</run_address>
         <size>0x298</size>
         <input_file_ref idref="fl-d"/>
      </object_component>
      <object_component id="oc-16e">
         <name>.debug_info</name>
         <load_address>0x5bcf</load_address>
         <run_address>0x5bcf</run_address>
         <size>0x14d</size>
         <input_file_ref idref="fl-d"/>
      </object_component>
      <object_component id="oc-196">
         <name>.debug_info</name>
         <load_address>0x5d1c</load_address>
         <run_address>0x5d1c</run_address>
         <size>0x283</size>
         <input_file_ref idref="fl-d"/>
      </object_component>
      <object_component id="oc-c6">
         <name>.debug_info</name>
         <load_address>0x5f9f</load_address>
         <run_address>0x5f9f</run_address>
         <size>0x27d</size>
         <input_file_ref idref="fl-d"/>
      </object_component>
      <object_component id="oc-eb">
         <name>.debug_info</name>
         <load_address>0x621c</load_address>
         <run_address>0x621c</run_address>
         <size>0x2db</size>
         <input_file_ref idref="fl-d"/>
      </object_component>
      <object_component id="oc-d8">
         <name>.debug_info</name>
         <load_address>0x64f7</load_address>
         <run_address>0x64f7</run_address>
         <size>0x2b5</size>
         <input_file_ref idref="fl-d"/>
      </object_component>
      <object_component id="oc-209">
         <name>.debug_info</name>
         <load_address>0x67ac</load_address>
         <run_address>0x67ac</run_address>
         <size>0x5f</size>
         <input_file_ref idref="fl-d"/>
      </object_component>
      <object_component id="oc-17e">
         <name>.debug_info</name>
         <load_address>0x680b</load_address>
         <run_address>0x680b</run_address>
         <size>0x227</size>
         <input_file_ref idref="fl-e"/>
      </object_component>
      <object_component id="oc-178">
         <name>.debug_info</name>
         <load_address>0x6a32</load_address>
         <run_address>0x6a32</run_address>
         <size>0x247</size>
         <input_file_ref idref="fl-e"/>
      </object_component>
      <object_component id="oc-173">
         <name>.debug_info</name>
         <load_address>0x6c79</load_address>
         <run_address>0x6c79</run_address>
         <size>0x249</size>
         <input_file_ref idref="fl-e"/>
      </object_component>
      <object_component id="oc-dd">
         <name>.debug_info</name>
         <load_address>0x6ec2</load_address>
         <run_address>0x6ec2</run_address>
         <size>0x326</size>
         <input_file_ref idref="fl-e"/>
      </object_component>
      <object_component id="oc-108">
         <name>.debug_info</name>
         <load_address>0x71e8</load_address>
         <run_address>0x71e8</run_address>
         <size>0x253</size>
         <input_file_ref idref="fl-e"/>
      </object_component>
      <object_component id="oc-19a">
         <name>.debug_info</name>
         <load_address>0x743b</load_address>
         <run_address>0x743b</run_address>
         <size>0x273</size>
         <input_file_ref idref="fl-e"/>
      </object_component>
      <object_component id="oc-f6">
         <name>.debug_info</name>
         <load_address>0x76ae</load_address>
         <run_address>0x76ae</run_address>
         <size>0x263</size>
         <input_file_ref idref="fl-e"/>
      </object_component>
      <object_component id="oc-1a0">
         <name>.debug_info</name>
         <load_address>0x7911</load_address>
         <run_address>0x7911</run_address>
         <size>0x24d</size>
         <input_file_ref idref="fl-e"/>
      </object_component>
      <object_component id="oc-1d7">
         <name>.debug_info</name>
         <load_address>0x7b5e</load_address>
         <run_address>0x7b5e</run_address>
         <size>0x37a</size>
         <input_file_ref idref="fl-c5"/>
      </object_component>
      <object_component id="oc-fc">
         <name>.debug_info</name>
         <load_address>0x7ed8</load_address>
         <run_address>0x7ed8</run_address>
         <size>0x17e</size>
         <input_file_ref idref="fl-c5"/>
      </object_component>
      <object_component id="oc-1cc">
         <name>.debug_info</name>
         <load_address>0x8056</load_address>
         <run_address>0x8056</run_address>
         <size>0x171</size>
         <input_file_ref idref="fl-c5"/>
      </object_component>
      <object_component id="oc-1c7">
         <name>.debug_info</name>
         <load_address>0x81c7</load_address>
         <run_address>0x81c7</run_address>
         <size>0x17e</size>
         <input_file_ref idref="fl-c5"/>
      </object_component>
      <object_component id="oc-1d4">
         <name>.debug_info</name>
         <load_address>0x8345</load_address>
         <run_address>0x8345</run_address>
         <size>0x1de</size>
         <input_file_ref idref="fl-c5"/>
      </object_component>
      <object_component id="oc-90">
         <name>.debug_info</name>
         <load_address>0x8523</load_address>
         <run_address>0x8523</run_address>
         <size>0x147</size>
         <input_file_ref idref="fl-c6"/>
      </object_component>
      <object_component id="oc-1af">
         <name>.debug_info</name>
         <load_address>0x866a</load_address>
         <run_address>0x866a</run_address>
         <size>0x142</size>
         <input_file_ref idref="fl-c7"/>
      </object_component>
      <object_component id="oc-8e">
         <name>.debug_info</name>
         <load_address>0x87ac</load_address>
         <run_address>0x87ac</run_address>
         <size>0x2d4</size>
         <input_file_ref idref="fl-c8"/>
      </object_component>
      <object_component id="oc-48">
         <name>.debug_info</name>
         <load_address>0x8a80</load_address>
         <run_address>0x8a80</run_address>
         <size>0x1d2</size>
         <input_file_ref idref="fl-c8"/>
      </object_component>
      <object_component id="oc-89">
         <name>.debug_info</name>
         <load_address>0x8c52</load_address>
         <run_address>0x8c52</run_address>
         <size>0x46</size>
         <input_file_ref idref="fl-c8"/>
      </object_component>
      <object_component id="oc-bb">
         <name>.debug_info</name>
         <load_address>0x8c98</load_address>
         <run_address>0x8c98</run_address>
         <size>0x2c</size>
         <input_file_ref idref="fl-c8"/>
      </object_component>
      <object_component id="oc-46">
         <name>.debug_info</name>
         <load_address>0x8cc4</load_address>
         <run_address>0x8cc4</run_address>
         <size>0x2a8</size>
         <input_file_ref idref="fl-c9"/>
      </object_component>
      <object_component id="oc-1f">
         <name>.debug_info</name>
         <load_address>0x8f6c</load_address>
         <run_address>0x8f6c</run_address>
         <size>0x1ea</size>
         <input_file_ref idref="fl-c9"/>
      </object_component>
      <object_component id="oc-41">
         <name>.debug_info</name>
         <load_address>0x9156</load_address>
         <run_address>0x9156</run_address>
         <size>0x46</size>
         <input_file_ref idref="fl-c9"/>
      </object_component>
      <object_component id="oc-81">
         <name>.debug_info</name>
         <load_address>0x919c</load_address>
         <run_address>0x919c</run_address>
         <size>0x2c</size>
         <input_file_ref idref="fl-c9"/>
      </object_component>
      <object_component id="oc-7f">
         <name>.debug_info</name>
         <load_address>0x91c8</load_address>
         <run_address>0x91c8</run_address>
         <size>0x29e</size>
         <input_file_ref idref="fl-ca"/>
      </object_component>
      <object_component id="oc-17">
         <name>.debug_info</name>
         <load_address>0x9466</load_address>
         <run_address>0x9466</run_address>
         <size>0x250</size>
         <input_file_ref idref="fl-ca"/>
      </object_component>
      <object_component id="oc-31">
         <name>.debug_info</name>
         <load_address>0x96b6</load_address>
         <run_address>0x96b6</run_address>
         <size>0x60</size>
         <input_file_ref idref="fl-ca"/>
      </object_component>
      <object_component id="oc-b4">
         <name>.debug_info</name>
         <load_address>0x9716</load_address>
         <run_address>0x9716</run_address>
         <size>0x46</size>
         <input_file_ref idref="fl-ca"/>
      </object_component>
      <object_component id="oc-7a">
         <name>.debug_info</name>
         <load_address>0x975c</load_address>
         <run_address>0x975c</run_address>
         <size>0x39</size>
         <input_file_ref idref="fl-ca"/>
      </object_component>
      <object_component id="oc-2e9">
         <name>.debug_info</name>
         <load_address>0x9795</load_address>
         <run_address>0x9795</run_address>
         <size>0xf9</size>
         <input_file_ref idref="fl-cb"/>
      </object_component>
      <object_component id="oc-260">
         <name>.debug_info</name>
         <load_address>0x988e</load_address>
         <run_address>0x988e</run_address>
         <size>0x105</size>
         <input_file_ref idref="fl-cb"/>
      </object_component>
      <object_component id="oc-1d9">
         <name>.debug_info</name>
         <load_address>0x9993</load_address>
         <run_address>0x9993</run_address>
         <size>0x2af</size>
         <input_file_ref idref="fl-cc"/>
      </object_component>
      <object_component id="oc-102">
         <name>.debug_info</name>
         <load_address>0x9c42</load_address>
         <run_address>0x9c42</run_address>
         <size>0x277</size>
         <input_file_ref idref="fl-cc"/>
      </object_component>
      <object_component id="oc-25">
         <name>.debug_info</name>
         <load_address>0x9eb9</load_address>
         <run_address>0x9eb9</run_address>
         <size>0x10b</size>
         <input_file_ref idref="fl-cd"/>
      </object_component>
      <object_component id="oc-5b">
         <name>.debug_info</name>
         <load_address>0x9fc4</load_address>
         <run_address>0x9fc4</run_address>
         <size>0x1a9</size>
         <input_file_ref idref="fl-cd"/>
      </object_component>
      <object_component id="oc-27c">
         <name>.debug_info</name>
         <load_address>0xa16d</load_address>
         <run_address>0xa16d</run_address>
         <size>0x5ce</size>
         <input_file_ref idref="fl-ce"/>
      </object_component>
      <object_component id="oc-1c1">
         <name>.debug_info</name>
         <load_address>0xa73b</load_address>
         <run_address>0xa73b</run_address>
         <size>0xa45</size>
         <input_file_ref idref="fl-ce"/>
      </object_component>
      <object_component id="oc-27e">
         <name>.debug_info</name>
         <load_address>0xb180</load_address>
         <run_address>0xb180</run_address>
         <size>0x9a</size>
         <input_file_ref idref="fl-ce"/>
      </object_component>
      <object_component id="oc-2f9">
         <name>.debug_info</name>
         <load_address>0xb21a</load_address>
         <run_address>0xb21a</run_address>
         <size>0x39</size>
         <input_file_ref idref="fl-ce"/>
      </object_component>
      <object_component id="oc-2f4">
         <name>.debug_info</name>
         <load_address>0xb253</load_address>
         <run_address>0xb253</run_address>
         <size>0x2c</size>
         <input_file_ref idref="fl-ce"/>
      </object_component>
      <object_component id="oc-22d">
         <name>.debug_info</name>
         <load_address>0xb27f</load_address>
         <run_address>0xb27f</run_address>
         <size>0x115</size>
         <input_file_ref idref="fl-cf"/>
      </object_component>
      <object_component id="oc-250">
         <name>.debug_info</name>
         <load_address>0xb394</load_address>
         <run_address>0xb394</run_address>
         <size>0x13e</size>
         <input_file_ref idref="fl-d0"/>
      </object_component>
      <object_component id="oc-3c">
         <name>.debug_info</name>
         <load_address>0xb4d2</load_address>
         <run_address>0xb4d2</run_address>
         <size>0x119</size>
         <input_file_ref idref="fl-d1"/>
      </object_component>
      <object_component id="oc-1f2">
         <name>.debug_info</name>
         <load_address>0xb5eb</load_address>
         <run_address>0xb5eb</run_address>
         <size>0x4b3</size>
         <input_file_ref idref="fl-d2"/>
      </object_component>
      <object_component id="oc-121">
         <name>.debug_info</name>
         <load_address>0xba9e</load_address>
         <run_address>0xba9e</run_address>
         <size>0x1a6</size>
         <input_file_ref idref="fl-d2"/>
      </object_component>
      <object_component id="oc-29a">
         <name>.debug_info</name>
         <load_address>0xbc44</load_address>
         <run_address>0xbc44</run_address>
         <size>0x39</size>
         <input_file_ref idref="fl-d2"/>
      </object_component>
      <object_component id="oc-301">
         <name>.debug_info</name>
         <load_address>0xbc7d</load_address>
         <run_address>0xbc7d</run_address>
         <size>0x39</size>
         <input_file_ref idref="fl-d2"/>
      </object_component>
      <object_component id="oc-29f">
         <name>.debug_info</name>
         <load_address>0xbcb6</load_address>
         <run_address>0xbcb6</run_address>
         <size>0x39</size>
         <input_file_ref idref="fl-d2"/>
      </object_component>
      <object_component id="oc-2a4">
         <name>.debug_info</name>
         <load_address>0xbcef</load_address>
         <run_address>0xbcef</run_address>
         <size>0xcd</size>
         <input_file_ref idref="fl-d2"/>
      </object_component>
      <object_component id="oc-96">
         <name>.debug_info</name>
         <load_address>0xbdbc</load_address>
         <run_address>0xbdbc</run_address>
         <size>0x153</size>
         <input_file_ref idref="fl-d3"/>
      </object_component>
      <object_component id="oc-118">
         <name>.debug_info</name>
         <load_address>0xbf0f</load_address>
         <run_address>0xbf0f</run_address>
         <size>0x122</size>
         <input_file_ref idref="fl-d5"/>
      </object_component>
      <object_component id="oc-2ed">
         <name>.debug_info</name>
         <load_address>0xc031</load_address>
         <run_address>0xc031</run_address>
         <size>0x2b9</size>
         <input_file_ref idref="fl-d8"/>
      </object_component>
      <object_component id="oc-26a">
         <name>.debug_info</name>
         <load_address>0xc2ea</load_address>
         <run_address>0xc2ea</run_address>
         <size>0x17c</size>
         <input_file_ref idref="fl-d8"/>
      </object_component>
      <object_component id="oc-2f1">
         <name>.debug_info</name>
         <load_address>0xc466</load_address>
         <run_address>0xc466</run_address>
         <size>0x29a</size>
         <input_file_ref idref="fl-d9"/>
      </object_component>
      <object_component id="oc-277">
         <name>.debug_info</name>
         <load_address>0xc700</load_address>
         <run_address>0xc700</run_address>
         <size>0x262</size>
         <input_file_ref idref="fl-d9"/>
      </object_component>
      <object_component id="oc-2ad">
         <name>.debug_info</name>
         <load_address>0xc962</load_address>
         <run_address>0xc962</run_address>
         <size>0x2a4</size>
         <input_file_ref idref="fl-da"/>
      </object_component>
      <object_component id="oc-239">
         <name>.debug_info</name>
         <load_address>0xcc06</load_address>
         <run_address>0xcc06</run_address>
         <size>0x24d</size>
         <input_file_ref idref="fl-da"/>
      </object_component>
      <object_component id="oc-2eb">
         <name>.debug_info</name>
         <load_address>0xce53</load_address>
         <run_address>0xce53</run_address>
         <size>0x28f</size>
         <input_file_ref idref="fl-db"/>
      </object_component>
      <object_component id="oc-263">
         <name>.debug_info</name>
         <load_address>0xd0e2</load_address>
         <run_address>0xd0e2</run_address>
         <size>0x245</size>
         <input_file_ref idref="fl-db"/>
      </object_component>
      <object_component id="oc-2ef">
         <name>.debug_info</name>
         <load_address>0xd327</load_address>
         <run_address>0xd327</run_address>
         <size>0x296</size>
         <input_file_ref idref="fl-dc"/>
      </object_component>
      <object_component id="oc-270">
         <name>.debug_info</name>
         <load_address>0xd5bd</load_address>
         <run_address>0xd5bd</run_address>
         <size>0x265</size>
         <input_file_ref idref="fl-dc"/>
      </object_component>
      <object_component id="oc-2e0">
         <name>.debug_info</name>
         <load_address>0xd822</load_address>
         <run_address>0xd822</run_address>
         <size>0x3b1</size>
         <input_file_ref idref="fl-dd"/>
      </object_component>
      <object_component id="oc-2dd">
         <name>.debug_info</name>
         <load_address>0xdbd3</load_address>
         <run_address>0xdbd3</run_address>
         <size>0x123</size>
         <input_file_ref idref="fl-dd"/>
      </object_component>
      <object_component id="oc-249">
         <name>.debug_info</name>
         <load_address>0xdcf6</load_address>
         <run_address>0xdcf6</run_address>
         <size>0x4e0</size>
         <input_file_ref idref="fl-dd"/>
      </object_component>
      <object_component id="oc-2e4">
         <name>.debug_info</name>
         <load_address>0xe1d6</load_address>
         <run_address>0xe1d6</run_address>
         <size>0x321</size>
         <input_file_ref idref="fl-de"/>
      </object_component>
      <object_component id="oc-254">
         <name>.debug_info</name>
         <load_address>0xe4f7</load_address>
         <run_address>0xe4f7</run_address>
         <size>0x28b</size>
         <input_file_ref idref="fl-de"/>
      </object_component>
      <object_component id="oc-2e6">
         <name>.debug_info</name>
         <load_address>0xe782</load_address>
         <run_address>0xe782</run_address>
         <size>0x322</size>
         <input_file_ref idref="fl-df"/>
      </object_component>
      <object_component id="oc-25c">
         <name>.debug_info</name>
         <load_address>0xeaa4</load_address>
         <run_address>0xeaa4</run_address>
         <size>0x2cf</size>
         <input_file_ref idref="fl-df"/>
      </object_component>
      <object_component id="oc-2c1">
         <name>.debug_info</name>
         <load_address>0xed73</load_address>
         <run_address>0xed73</run_address>
         <size>0x322</size>
         <input_file_ref idref="fl-e0"/>
      </object_component>
      <object_component id="oc-243">
         <name>.debug_info</name>
         <load_address>0xf095</load_address>
         <run_address>0xf095</run_address>
         <size>0x231</size>
         <input_file_ref idref="fl-e0"/>
      </object_component>
      <object_component id="oc-2bf">
         <name>.debug_info</name>
         <load_address>0xf2c6</load_address>
         <run_address>0xf2c6</run_address>
         <size>0x323</size>
         <input_file_ref idref="fl-e1"/>
      </object_component>
      <object_component id="oc-23e">
         <name>.debug_info</name>
         <load_address>0xf5e9</load_address>
         <run_address>0xf5e9</run_address>
         <size>0x254</size>
         <input_file_ref idref="fl-e1"/>
      </object_component>
      <object_component id="oc-315">
         <name>.debug_info</name>
         <load_address>0xf83d</load_address>
         <run_address>0xf83d</run_address>
         <size>0x289</size>
         <input_file_ref idref="fl-e2"/>
      </object_component>
      <object_component id="oc-312">
         <name>.debug_info</name>
         <load_address>0xfac6</load_address>
         <run_address>0xfac6</run_address>
         <size>0x10e</size>
         <input_file_ref idref="fl-e2"/>
      </object_component>
      <object_component id="oc-2bb">
         <name>.debug_info</name>
         <load_address>0xfbd4</load_address>
         <run_address>0xfbd4</run_address>
         <size>0x14e</size>
         <input_file_ref idref="fl-e2"/>
      </object_component>
      <object_component id="oc-325">
         <name>.debug_info</name>
         <load_address>0xfd22</load_address>
         <run_address>0xfd22</run_address>
         <size>0x2f8</size>
         <input_file_ref idref="fl-e3"/>
      </object_component>
      <object_component id="oc-2d7">
         <name>.debug_info</name>
         <load_address>0x1001a</load_address>
         <run_address>0x1001a</run_address>
         <size>0x225</size>
         <input_file_ref idref="fl-e3"/>
      </object_component>
      <object_component id="oc-344">
         <name>.debug_info</name>
         <load_address>0x1023f</load_address>
         <run_address>0x1023f</run_address>
         <size>0x39</size>
         <input_file_ref idref="fl-e3"/>
      </object_component>
      <object_component id="oc-326">
         <name>.debug_info</name>
         <load_address>0x10278</load_address>
         <run_address>0x10278</run_address>
         <size>0x2c</size>
         <input_file_ref idref="fl-e3"/>
      </object_component>
      <object_component id="oc-2c9">
         <name>.debug_info</name>
         <load_address>0x102a4</load_address>
         <run_address>0x102a4</run_address>
         <size>0x14c</size>
         <input_file_ref idref="fl-e4"/>
      </object_component>
      <object_component id="oc-2cd">
         <name>.debug_info</name>
         <load_address>0x103f0</load_address>
         <run_address>0x103f0</run_address>
         <size>0x128</size>
         <input_file_ref idref="fl-e5"/>
      </object_component>
      <object_component id="oc-2d4">
         <name>.debug_info</name>
         <load_address>0x10518</load_address>
         <run_address>0x10518</run_address>
         <size>0x13a</size>
         <input_file_ref idref="fl-e6"/>
      </object_component>
      <object_component id="oc-2c4">
         <name>.debug_info</name>
         <load_address>0x10652</load_address>
         <run_address>0x10652</run_address>
         <size>0x13a</size>
         <input_file_ref idref="fl-e7"/>
      </object_component>
      <object_component id="oc-2af">
         <name>.debug_info</name>
         <load_address>0x1078c</load_address>
         <run_address>0x1078c</run_address>
         <size>0x122</size>
         <input_file_ref idref="fl-e8"/>
      </object_component>
      <object_component id="oc-2b6">
         <name>.debug_info</name>
         <load_address>0x108ae</load_address>
         <run_address>0x108ae</run_address>
         <size>0x134</size>
         <input_file_ref idref="fl-e9"/>
      </object_component>
      <object_component id="oc-320">
         <name>.debug_info</name>
         <load_address>0x109e2</load_address>
         <run_address>0x109e2</run_address>
         <size>0x161</size>
         <input_file_ref idref="fl-ea"/>
      </object_component>
      <object_component id="oc-378">
         <name>.debug_info</name>
         <load_address>0x10b43</load_address>
         <run_address>0x10b43</run_address>
         <size>0x9c</size>
      </object_component>
      <object_component id="oc-153">
         <name>.debug_line</name>
         <load_address>0x0</load_address>
         <run_address>0x0</run_address>
         <size>0x32</size>
         <input_file_ref idref="fl-2"/>
      </object_component>
      <object_component id="oc-21d">
         <name>.debug_line</name>
         <load_address>0x32</load_address>
         <run_address>0x32</run_address>
         <size>0x32</size>
         <input_file_ref idref="fl-2"/>
      </object_component>
      <object_component id="oc-21b">
         <name>.debug_line</name>
         <load_address>0x64</load_address>
         <run_address>0x64</run_address>
         <size>0x32</size>
         <input_file_ref idref="fl-2"/>
      </object_component>
      <object_component id="oc-21f">
         <name>.debug_line</name>
         <load_address>0x96</load_address>
         <run_address>0x96</run_address>
         <size>0x32</size>
         <input_file_ref idref="fl-2"/>
      </object_component>
      <object_component id="oc-221">
         <name>.debug_line</name>
         <load_address>0xc8</load_address>
         <run_address>0xc8</run_address>
         <size>0x32</size>
         <input_file_ref idref="fl-2"/>
      </object_component>
      <object_component id="oc-e8">
         <name>.debug_line</name>
         <load_address>0xfa</load_address>
         <run_address>0xfa</run_address>
         <size>0x583</size>
         <input_file_ref idref="fl-2"/>
      </object_component>
      <object_component id="oc-73">
         <name>.debug_line</name>
         <load_address>0x67d</load_address>
         <run_address>0x67d</run_address>
         <size>0x6f</size>
         <input_file_ref idref="fl-2"/>
      </object_component>
      <object_component id="oc-39">
         <name>.debug_line</name>
         <load_address>0x6ec</load_address>
         <run_address>0x6ec</run_address>
         <size>0x20</size>
         <input_file_ref idref="fl-2"/>
      </object_component>
      <object_component id="oc-b0">
         <name>.debug_line</name>
         <load_address>0x70c</load_address>
         <run_address>0x70c</run_address>
         <size>0x73</size>
         <input_file_ref idref="fl-2"/>
      </object_component>
      <object_component id="oc-78">
         <name>.debug_line</name>
         <load_address>0x77f</load_address>
         <run_address>0x77f</run_address>
         <size>0x70</size>
         <input_file_ref idref="fl-2"/>
      </object_component>
      <object_component id="oc-190">
         <name>.debug_line</name>
         <load_address>0x7ef</load_address>
         <run_address>0x7ef</run_address>
         <size>0x32</size>
         <input_file_ref idref="fl-2"/>
      </object_component>
      <object_component id="oc-1dc">
         <name>.debug_line</name>
         <load_address>0x821</load_address>
         <run_address>0x821</run_address>
         <size>0x21e</size>
         <input_file_ref idref="fl-3"/>
      </object_component>
      <object_component id="oc-a0">
         <name>.debug_line</name>
         <load_address>0xa3f</load_address>
         <run_address>0xa3f</run_address>
         <size>0xae</size>
         <input_file_ref idref="fl-3"/>
      </object_component>
      <object_component id="oc-111">
         <name>.debug_line</name>
         <load_address>0xaed</load_address>
         <run_address>0xaed</run_address>
         <size>0x20</size>
         <input_file_ref idref="fl-3"/>
      </object_component>
      <object_component id="oc-1e5">
         <name>.debug_line</name>
         <load_address>0xb0d</load_address>
         <run_address>0xb0d</run_address>
         <size>0x6a</size>
         <input_file_ref idref="fl-3"/>
      </object_component>
      <object_component id="oc-1bb">
         <name>.debug_line</name>
         <load_address>0xb77</load_address>
         <run_address>0xb77</run_address>
         <size>0x6b</size>
         <input_file_ref idref="fl-3"/>
      </object_component>
      <object_component id="oc-1e0">
         <name>.debug_line</name>
         <load_address>0xbe2</load_address>
         <run_address>0xbe2</run_address>
         <size>0x74</size>
         <input_file_ref idref="fl-3"/>
      </object_component>
      <object_component id="oc-6f">
         <name>.debug_line</name>
         <load_address>0xc56</load_address>
         <run_address>0xc56</run_address>
         <size>0x41</size>
         <input_file_ref idref="fl-4"/>
      </object_component>
      <object_component id="oc-2e">
         <name>.debug_line</name>
         <load_address>0xc97</load_address>
         <run_address>0xc97</run_address>
         <size>0x41</size>
         <input_file_ref idref="fl-4"/>
      </object_component>
      <object_component id="oc-2b">
         <name>.debug_line</name>
         <load_address>0xcd8</load_address>
         <run_address>0xcd8</run_address>
         <size>0xa1</size>
         <input_file_ref idref="fl-4"/>
      </object_component>
      <object_component id="oc-235">
         <name>.debug_line</name>
         <load_address>0xd79</load_address>
         <run_address>0xd79</run_address>
         <size>0xcc</size>
         <input_file_ref idref="fl-5"/>
      </object_component>
      <object_component id="oc-228">
         <name>.debug_line</name>
         <load_address>0xe45</load_address>
         <run_address>0xe45</run_address>
         <size>0x76</size>
         <input_file_ref idref="fl-5"/>
      </object_component>
      <object_component id="oc-233">
         <name>.debug_line</name>
         <load_address>0xebb</load_address>
         <run_address>0xebb</run_address>
         <size>0x76</size>
         <input_file_ref idref="fl-5"/>
      </object_component>
      <object_component id="oc-22a">
         <name>.debug_line</name>
         <load_address>0xf31</load_address>
         <run_address>0xf31</run_address>
         <size>0x76</size>
         <input_file_ref idref="fl-5"/>
      </object_component>
      <object_component id="oc-226">
         <name>.debug_line</name>
         <load_address>0xfa7</load_address>
         <run_address>0xfa7</run_address>
         <size>0x76</size>
         <input_file_ref idref="fl-5"/>
      </object_component>
      <object_component id="oc-f0">
         <name>.debug_line</name>
         <load_address>0x101d</load_address>
         <run_address>0x101d</run_address>
         <size>0x2b3</size>
         <input_file_ref idref="fl-5"/>
      </object_component>
      <object_component id="oc-211">
         <name>.debug_line</name>
         <load_address>0x12d0</load_address>
         <run_address>0x12d0</run_address>
         <size>0x82</size>
         <input_file_ref idref="fl-b"/>
      </object_component>
      <object_component id="oc-20f">
         <name>.debug_line</name>
         <load_address>0x1352</load_address>
         <run_address>0x1352</run_address>
         <size>0x7d</size>
         <input_file_ref idref="fl-b"/>
      </object_component>
      <object_component id="oc-162">
         <name>.debug_line</name>
         <load_address>0x13cf</load_address>
         <run_address>0x13cf</run_address>
         <size>0x95</size>
         <input_file_ref idref="fl-b"/>
      </object_component>
      <object_component id="oc-168">
         <name>.debug_line</name>
         <load_address>0x1464</load_address>
         <run_address>0x1464</run_address>
         <size>0xd1</size>
         <input_file_ref idref="fl-b"/>
      </object_component>
      <object_component id="oc-d5">
         <name>.debug_line</name>
         <load_address>0x1535</load_address>
         <run_address>0x1535</run_address>
         <size>0x93</size>
         <input_file_ref idref="fl-b"/>
      </object_component>
      <object_component id="oc-cf">
         <name>.debug_line</name>
         <load_address>0x15c8</load_address>
         <run_address>0x15c8</run_address>
         <size>0xa7</size>
         <input_file_ref idref="fl-b"/>
      </object_component>
      <object_component id="oc-158">
         <name>.debug_line</name>
         <load_address>0x166f</load_address>
         <run_address>0x166f</run_address>
         <size>0x69</size>
         <input_file_ref idref="fl-b"/>
      </object_component>
      <object_component id="oc-208">
         <name>.debug_line</name>
         <load_address>0x16d8</load_address>
         <run_address>0x16d8</run_address>
         <size>0x13d</size>
         <input_file_ref idref="fl-d"/>
      </object_component>
      <object_component id="oc-215">
         <name>.debug_line</name>
         <load_address>0x1815</load_address>
         <run_address>0x1815</run_address>
         <size>0x7f</size>
         <input_file_ref idref="fl-d"/>
      </object_component>
      <object_component id="oc-195">
         <name>.debug_line</name>
         <load_address>0x1894</load_address>
         <run_address>0x1894</run_address>
         <size>0x94</size>
         <input_file_ref idref="fl-d"/>
      </object_component>
      <object_component id="oc-c5">
         <name>.debug_line</name>
         <load_address>0x1928</load_address>
         <run_address>0x1928</run_address>
         <size>0x94</size>
         <input_file_ref idref="fl-d"/>
      </object_component>
      <object_component id="oc-ea">
         <name>.debug_line</name>
         <load_address>0x19bc</load_address>
         <run_address>0x19bc</run_address>
         <size>0xee</size>
         <input_file_ref idref="fl-d"/>
      </object_component>
      <object_component id="oc-d7">
         <name>.debug_line</name>
         <load_address>0x1aaa</load_address>
         <run_address>0x1aaa</run_address>
         <size>0x11a</size>
         <input_file_ref idref="fl-d"/>
      </object_component>
      <object_component id="oc-20c">
         <name>.debug_line</name>
         <load_address>0x1bc4</load_address>
         <run_address>0x1bc4</run_address>
         <size>0x7f</size>
         <input_file_ref idref="fl-d"/>
      </object_component>
      <object_component id="oc-219">
         <name>.debug_line</name>
         <load_address>0x1c43</load_address>
         <run_address>0x1c43</run_address>
         <size>0x82</size>
         <input_file_ref idref="fl-e"/>
      </object_component>
      <object_component id="oc-17b">
         <name>.debug_line</name>
         <load_address>0x1cc5</load_address>
         <run_address>0x1cc5</run_address>
         <size>0x93</size>
         <input_file_ref idref="fl-e"/>
      </object_component>
      <object_component id="oc-172">
         <name>.debug_line</name>
         <load_address>0x1d58</load_address>
         <run_address>0x1d58</run_address>
         <size>0x96</size>
         <input_file_ref idref="fl-e"/>
      </object_component>
      <object_component id="oc-e0">
         <name>.debug_line</name>
         <load_address>0x1dee</load_address>
         <run_address>0x1dee</run_address>
         <size>0xb3</size>
         <input_file_ref idref="fl-e"/>
      </object_component>
      <object_component id="oc-10c">
         <name>.debug_line</name>
         <load_address>0x1ea1</load_address>
         <run_address>0x1ea1</run_address>
         <size>0x92</size>
         <input_file_ref idref="fl-e"/>
      </object_component>
      <object_component id="oc-19d">
         <name>.debug_line</name>
         <load_address>0x1f33</load_address>
         <run_address>0x1f33</run_address>
         <size>0x93</size>
         <input_file_ref idref="fl-e"/>
      </object_component>
      <object_component id="oc-f9">
         <name>.debug_line</name>
         <load_address>0x1fc6</load_address>
         <run_address>0x1fc6</run_address>
         <size>0x92</size>
         <input_file_ref idref="fl-e"/>
      </object_component>
      <object_component id="oc-1a3">
         <name>.debug_line</name>
         <load_address>0x2058</load_address>
         <run_address>0x2058</run_address>
         <size>0x93</size>
         <input_file_ref idref="fl-e"/>
      </object_component>
      <object_component id="oc-287">
         <name>.debug_line</name>
         <load_address>0x20eb</load_address>
         <run_address>0x20eb</run_address>
         <size>0x9d</size>
         <input_file_ref idref="fl-c5"/>
      </object_component>
      <object_component id="oc-100">
         <name>.debug_line</name>
         <load_address>0x2188</load_address>
         <run_address>0x2188</run_address>
         <size>0x42</size>
         <input_file_ref idref="fl-c5"/>
      </object_component>
      <object_component id="oc-1cb">
         <name>.debug_line</name>
         <load_address>0x21ca</load_address>
         <run_address>0x21ca</run_address>
         <size>0x3e</size>
         <input_file_ref idref="fl-c5"/>
      </object_component>
      <object_component id="oc-1c5">
         <name>.debug_line</name>
         <load_address>0x2208</load_address>
         <run_address>0x2208</run_address>
         <size>0x46</size>
         <input_file_ref idref="fl-c5"/>
      </object_component>
      <object_component id="oc-1d3">
         <name>.debug_line</name>
         <load_address>0x224e</load_address>
         <run_address>0x224e</run_address>
         <size>0x71</size>
         <input_file_ref idref="fl-c5"/>
      </object_component>
      <object_component id="oc-93">
         <name>.debug_line</name>
         <load_address>0x22bf</load_address>
         <run_address>0x22bf</run_address>
         <size>0x79</size>
         <input_file_ref idref="fl-c6"/>
      </object_component>
      <object_component id="oc-1b2">
         <name>.debug_line</name>
         <load_address>0x2338</load_address>
         <run_address>0x2338</run_address>
         <size>0x5b</size>
         <input_file_ref idref="fl-c7"/>
      </object_component>
      <object_component id="oc-c1">
         <name>.debug_line</name>
         <load_address>0x2393</load_address>
         <run_address>0x2393</run_address>
         <size>0x92</size>
         <input_file_ref idref="fl-c8"/>
      </object_component>
      <object_component id="oc-4b">
         <name>.debug_line</name>
         <load_address>0x2425</load_address>
         <run_address>0x2425</run_address>
         <size>0x4c</size>
         <input_file_ref idref="fl-c8"/>
      </object_component>
      <object_component id="oc-8c">
         <name>.debug_line</name>
         <load_address>0x2471</load_address>
         <run_address>0x2471</run_address>
         <size>0x34</size>
         <input_file_ref idref="fl-c8"/>
      </object_component>
      <object_component id="oc-be">
         <name>.debug_line</name>
         <load_address>0x24a5</load_address>
         <run_address>0x24a5</run_address>
         <size>0x92</size>
         <input_file_ref idref="fl-c8"/>
      </object_component>
      <object_component id="oc-87">
         <name>.debug_line</name>
         <load_address>0x2537</load_address>
         <run_address>0x2537</run_address>
         <size>0x20</size>
         <input_file_ref idref="fl-c9"/>
      </object_component>
      <object_component id="oc-1d">
         <name>.debug_line</name>
         <load_address>0x2557</load_address>
         <run_address>0x2557</run_address>
         <size>0x55</size>
         <input_file_ref idref="fl-c9"/>
      </object_component>
      <object_component id="oc-44">
         <name>.debug_line</name>
         <load_address>0x25ac</load_address>
         <run_address>0x25ac</run_address>
         <size>0x3a</size>
         <input_file_ref idref="fl-c9"/>
      </object_component>
[...]
            <load_size>0x8</load_size>
            <run_address>0x20000200</run_address>
            <run_size>0x1f8</run_size>
            <compression>zero_init</compression>
         </cprec>
         <cprec>
            <name>.data</name>
            <load_address>0x3e58</load_address>
            <load_size>0x7</load_size>
            <run_address>0x200003f8</run_address>
            <run_size>0xc</run_size>
            <compression>lzss</compression>
         </cprec>
      </cptbl>
   </cptbl_list>
   <handler_table>
      <handler_table_name>__TI_handler_table</handler_table_name>
      <handler>
         <index>0x0</index>
         <name>__TI_decompress_lzss</name>
      </handler>
      <handler>
         <index>0x1</index>
         <name>__TI_decompress_none</name>
      </handler>
      <handler>
         <index>0x2</index>
         <name>__TI_zero_init</name>
      </handler>
   </handler_table>
   <symbol_table>
      <symbol id="sm-1">
         <name>__STACK_TOP</name>
         <value>0x20000200</value>
      </symbol>
      <symbol id="sm-2">
         <name>__start___llvm_prf_cnts</name>
         <value>0x20000000</value>
      </symbol>
      <symbol id="sm-3">
         <name>__stop___llvm_prf_cnts</name>
         <value>0x20000000</value>
      </symbol>
      <symbol id="sm-4">
         <name>__TI_CINIT_Base</name>
         <value>0x3e60</value>
      </symbol>
      <symbol id="sm-5">
         <name>__TI_CINIT_Limit</name>
         <value>0x3e70</value>
      </symbol>
      <symbol id="sm-6">
         <name>__TI_Handler_Table_Base</name>
         <value>0x3e40</value>
      </symbol>
      <symbol id="sm-7">
         <name>__TI_Handler_Table_Limit</name>
         <value>0x3e4c</value>
      </symbol>
      <symbol id="sm-8">
         <name>binit</name>
         <value>0xffffffff</value>
      </symbol>
      <symbol id="sm-9">
         <name>__binit__</name>
         <value>0xffffffff</value>
      </symbol>
      <symbol id="sm-a">
         <name>__STACK_SIZE</name>
         <value>0x200</value>
      </symbol>
      <symbol id="sm-b">
         <name>__STACK_END</name>
         <value>0x20000200</value>
      </symbol>
      <symbol id="sm-c">
         <name>__c_args__</name>
         <value>0xffffffff</value>
      </symbol>
      <symbol id="sm-d">
         <name>__TI_pprof_out_hndl</name>
         <value>0xffffffff</value>
      </symbol>
      <symbol id="sm-e">
         <name>__TI_prof_data_start</name>
         <value>0xffffffff</value>
      </symbol>
      <symbol id="sm-f">
         <name>__TI_prof_data_size</name>
         <value>0xffffffff</value>
      </symbol>
      <symbol id="sm-ef">
         <name>Screen</name>
         <value>0x20000200</value>
      </symbol>
      <symbol id="sm-f0">
         <name>Nokia5110_Cursor</name>
         <value>0x6b9</value>
         <object_component_ref idref="oc-e3"/>
      </symbol>
      <symbol id="sm-f1">
         <name>Nokia5110_SetCursor</name>
         <value>0x665</value>
         <object_component_ref idref="oc-e3"/>
      </symbol>
      <symbol id="sm-f2">
         <name>Nokia5110_ClearBuffer</name>
         <value>0x9d9</value>
         <object_component_ref idref="oc-e3"/>
      </symbol>
      <symbol id="sm-f3">
         <name>Nokia5110_PrintBMP</name>
         <value>0x7f5</value>
         <object_component_ref idref="oc-e3"/>
      </symbol>
      <symbol id="sm-f4">
         <name>Nokia5110_SetPxl</name>
         <value>0xa33</value>
         <object_component_ref idref="oc-e3"/>
      </symbol>
      <symbol id="sm-f5">
         <name>Nokia5110_DisplayBuffer</name>
         <value>0xa03</value>
         <object_component_ref idref="oc-e3"/>
      </symbol>
      <symbol id="sm-f6">
         <name>Nokia5110_OutSpecial</name>
         <value>0xd69</value>
         <object_component_ref idref="oc-e3"/>
      </symbol>
      <symbol id="sm-f7">
         <name>Nokia5110_OutDec</name>
         <value>0xacd</value>
         <object_component_ref idref="oc-e3"/>
      </symbol>
      <symbol id="sm-f8">
         <name>Nokia5110_Init</name>
         <value>0x2db</value>
         <object_component_ref idref="oc-e3"/>
      </symbol>
      <symbol id="sm-f9">
         <name>Nokia5110_DrawFullImage</name>
         <value>0x729</value>
         <object_component_ref idref="oc-e3"/>
      </symbol>
      <symbol id="sm-fa">
         <name>Nokia5110_OutString</name>
         <value>0x435</value>
         <object_component_ref idref="oc-e3"/>
      </symbol>
      <symbol id="sm-fb">
         <name>Nokia5110_Padding</name>
         <value>0xe93</value>
         <object_component_ref idref="oc-e3"/>
      </symbol>
      <symbol id="sm-fc">
         <name>Nokia5110_DrawChar</name>
         <value>0xdb1</value>
         <object_component_ref idref="oc-e3"/>
      </symbol>
      <symbol id="sm-fd">
         <name>Nokia5110_OutStringInv</name>
         <value>0xd25</value>
         <object_component_ref idref="oc-e3"/>
      </symbol>
      <symbol id="sm-fe">
         <name>Nokia5110_OutUDec</name>
         <value>0x461</value>
         <object_component_ref idref="oc-e3"/>
      </symbol>
      <symbol id="sm-ff">
         <name>Nokia5110_DrawMix</name>
         <value>0xe1b</value>
         <object_component_ref idref="oc-e3"/>
      </symbol>
      <symbol id="sm-100">
         <name>PLL_Init</name>
         <value>0xa59</value>
         <object_component_ref idref="oc-e3"/>
      </symbol>
      <symbol id="sm-101">
         <name>Nokia5110_OutChar</name>
         <value>0x3f5</value>
         <object_component_ref idref="oc-e3"/>
      </symbol>
      <symbol id="sm-102">
         <name>Nokia5110_DrawSpecial</name>
         <value>0xde9</value>
         <object_component_ref idref="oc-e3"/>
      </symbol>
      <symbol id="sm-103">
         <name>Nokia5110_MyDrawing</name>
         <value>0x763</value>
         <object_component_ref idref="oc-e3"/>
      </symbol>
      <symbol id="sm-104">
         <name>Nokia5110_OutCharInv</name>
         <value>0xc93</value>
         <object_component_ref idref="oc-e3"/>
      </symbol>
      <symbol id="sm-105">
         <name>Nokia5110_ClrPxl</name>
         <value>0xa0d</value>
         <object_component_ref idref="oc-e3"/>
      </symbol>
      <symbol id="sm-106">
         <name>Nokia5110_Clear</name>
         <value>0x6f9</value>
         <object_component_ref idref="oc-e3"/>
      </symbol>
      <symbol id="sm-107">
         <name>Masks</name>
         <value>0x3e2c</value>
         <object_component_ref idref="oc-183"/>
      </symbol>
      <symbol id="sm-136">
         <name>delayMilliseconds</name>
         <value>0x2687</value>
         <object_component_ref idref="oc-9b"/>
      </symbol>
      <symbol id="sm-137">
         <name>UARTSetup</name>
         <value>0x264d</value>
         <object_component_ref idref="oc-9b"/>
      </symbol>
      <symbol id="sm-138">
         <name>main</name>
         <value>0x26a3</value>
         <object_component_ref idref="oc-9b"/>
      </symbol>
      <symbol id="sm-154">
         <name>ResetISR</name>
         <value>0x38f3</value>
         <object_component_ref idref="oc-27"/>
      </symbol>
      <symbol id="sm-155">
         <name>g_pfnVectors</name>
         <value>0x0</value>
         <object_component_ref idref="oc-12"/>
      </symbol>
      <symbol id="sm-1c4">
         <name>UARTgetc</name>
         <value>0x1b03</value>
         <object_component_ref idref="oc-ef"/>
      </symbol>
      <symbol id="sm-1c5">
         <name>UARTgets</name>
         <value>0x1a49</value>
         <object_component_ref idref="oc-ef"/>
      </symbol>
      <symbol id="sm-1c6">
         <name>UARTStdioConfig</name>
         <value>0x19bd</value>
         <object_component_ref idref="oc-ef"/>
      </symbol>
      <symbol id="sm-1c7">
         <name>UARTwrite</name>
         <value>0x1a03</value>
         <object_component_ref idref="oc-ef"/>
      </symbol>
      <symbol id="sm-1c8">
         <name>UARTprintf</name>
         <value>0x1e23</value>
         <object_component_ref idref="oc-ef"/>
      </symbol>
      <symbol id="sm-1c9">
         <name>UARTvprintf</name>
         <value>0x1b29</value>
         <object_component_ref idref="oc-ef"/>
      </symbol>
      <symbol id="sm-200">
         <name>GPIOPinConfigure</name>
         <value>0x3589</value>
         <object_component_ref idref="oc-ca"/>
      </symbol>
      <symbol id="sm-201">
         <name>GPIOPinTypeUART</name>
         <value>0x38a5</value>
         <object_component_ref idref="oc-d0"/>
      </symbol>
      <symbol id="sm-202">
         <name>GPIODirModeSet</name>
         <value>0x37a3</value>
         <object_component_ref idref="oc-160"/>
      </symbol>
      <symbol id="sm-203">
         <name>GPIOPadConfigSet</name>
         <value>0x2a4b</value>
         <object_component_ref idref="oc-166"/>
      </symbol>
      <symbol id="sm-261">
         <name>SysCtlPeripheralPresent</name>
         <value>0x369d</value>
         <object_component_ref idref="oc-193"/>
      </symbol>
      <symbol id="sm-262">
         <name>SysCtlClockSet</name>
         <value>0x30d9</value>
         <object_component_ref idref="oc-e9"/>
      </symbol>
      <symbol id="sm-263">
         <name>SysCtlDelay</name>
         <value>0x3925</value>
         <object_component_ref idref="oc-e2"/>
      </symbol>
      <symbol id="sm-264">
         <name>SysCtlPeripheralEnable</name>
         <value>0x370d</value>
         <object_component_ref idref="oc-c4"/>
      </symbol>
      <symbol id="sm-265">
         <name>SysCtlClockGet</name>
         <value>0x2cad</value>
         <object_component_ref idref="oc-d6"/>
      </symbol>
      <symbol id="sm-2a8">
         <name>UARTConfigSetExpClk</name>
         <value>0x35d1</value>
         <object_component_ref idref="oc-dc"/>
      </symbol>
      <symbol id="sm-2a9">
         <name>UARTDisable</name>
         <value>0x37cd</value>
         <object_component_ref idref="oc-171"/>
      </symbol>
      <symbol id="sm-2aa">
         <name>UARTCharsAvail</name>
         <value>0x38d7</value>
         <object_component_ref idref="oc-107"/>
      </symbol>
      <symbol id="sm-2ab">
         <name>UARTCharGetNonBlocking</name>
         <value>0x38c9</value>
         <object_component_ref idref="oc-f5"/>
      </symbol>
      <symbol id="sm-2ac">
         <name>UARTCharPut</name>
         <value>0x3909</value>
         <object_component_ref idref="oc-199"/>
      </symbol>
      <symbol id="sm-2ad">
         <name>UARTEnable</name>
         <value>0x3869</value>
         <object_component_ref idref="oc-177"/>
      </symbol>
      <symbol id="sm-2ae">
         <name>UARTCharGet</name>
         <value>0x38ff</value>
         <object_component_ref idref="oc-19f"/>
      </symbol>
      <symbol id="sm-2e6">
         <name>sscanf</name>
         <value>0x36d5</value>
         <object_component_ref idref="oc-fb"/>
      </symbol>
      <symbol id="sm-2f5">
         <name>__aeabi_memset</name>
         <value>0x3387</value>
         <object_component_ref idref="oc-8f"/>
      </symbol>
      <symbol id="sm-2f6">
         <name>memset</name>
         <value>0x338d</value>
         <object_component_ref idref="oc-8f"/>
      </symbol>
      <symbol id="sm-2f7">
         <name>__aeabi_memset8</name>
         <value>0x3387</value>
         <object_component_ref idref="oc-8f"/>
      </symbol>
      <symbol id="sm-2f8">
         <name>__aeabi_memset4</name>
         <value>0x3387</value>
         <object_component_ref idref="oc-8f"/>
      </symbol>
      <symbol id="sm-2f9">
         <name>__aeabi_memclr8</name>
         <value>0x3385</value>
         <object_component_ref idref="oc-8f"/>
      </symbol>
      <symbol id="sm-2fa">
         <name>__aeabi_memclr4</name>
         <value>0x3385</value>
         <object_component_ref idref="oc-8f"/>
      </symbol>
      <symbol id="sm-2fb">
         <name>__aeabi_memclr</name>
         <value>0x3385</value>
         <object_component_ref idref="oc-8f"/>
      </symbol>
      <symbol id="sm-30a">
         <name>__aeabi_uidivmod</name>
         <value>0x365d</value>
         <object_component_ref idref="oc-1ae"/>
      </symbol>
      <symbol id="sm-30b">
         <name>__aeabi_uidiv</name>
         <value>0x365d</value>
         <object_component_ref idref="oc-1ae"/>
      </symbol>
      <symbol id="sm-324">
         <name>__TI_zero_init_nomemset</name>
         <value>0x37ed</value>
         <object_component_ref idref="oc-47"/>
      </symbol>
      <symbol id="sm-33b">
         <name>__TI_decompress_none</name>
         <value>0x38e5</value>
         <object_component_ref idref="oc-1b"/>
      </symbol>
      <symbol id="sm-35e">
         <name>__TI_decompress_lzss</name>
         <value>0x34d5</value>
         <object_component_ref idref="oc-15"/>
      </symbol>
      <symbol id="sm-369">
         <name>_ctypes_</name>
         <value>0x3b1d</value>
         <object_component_ref idref="oc-25f"/>
      </symbol>
      <symbol id="sm-37a">
         <name>strncat</name>
         <value>0x3775</value>
         <object_component_ref idref="oc-101"/>
      </symbol>
      <symbol id="sm-38d">
         <name>__stack</name>
         <value>0x20000000</value>
         <object_component_ref idref="oc-24"/>
      </symbol>
      <symbol id="sm-38e">
         <name>_c_int00_noargs</name>
         <value>0x3741</value>
         <object_component_ref idref="oc-59"/>
      </symbol>
      <symbol id="sm-44e">
         <name>__TI_scanfi</name>
         <value>0xea9</value>
         <object_component_ref idref="oc-1be"/>
      </symbol>
      <symbol id="sm-458">
         <name>__aeabi_idiv0</name>
         <value>0x264b</value>
         <object_component_ref idref="oc-22b"/>
      </symbol>
      <symbol id="sm-459">
         <name>__aeabi_ldiv0</name>
         <value>0x264b</value>
         <object_component_ref idref="oc-22b"/>
      </symbol>
      <symbol id="sm-465">
         <name>__aeabi_d2f</name>
         <value>0x33ff</value>
         <object_component_ref idref="oc-24e"/>
      </symbol>
      <symbol id="sm-480">
         <name>memcpy</name>
         <value>0x31cd</value>
         <object_component_ref idref="oc-3b"/>
      </symbol>
      <symbol id="sm-481">
         <name>__aeabi_memcpy</name>
         <value>0x31cd</value>
         <object_component_ref idref="oc-3b"/>
      </symbol>
      <symbol id="sm-482">
         <name>__aeabi_memcpy8</name>
         <value>0x31cd</value>
         <object_component_ref idref="oc-3b"/>
      </symbol>
      <symbol id="sm-483">
         <name>__aeabi_memcpy4</name>
         <value>0x31cd</value>
         <object_component_ref idref="oc-3b"/>
      </symbol>
      <symbol id="sm-4ab">
         <name>__TI_auto_init_nobinit_nopinit</name>
         <value>0x3619</value>
         <object_component_ref idref="oc-120"/>
      </symbol>
      <symbol id="sm-4b5">
         <name>_system_pre_init</name>
         <value>0x392b</value>
         <object_component_ref idref="oc-95"/>
      </symbol>
      <symbol id="sm-4c1">
         <name>C$$EXIT</name>
         <value>0x392f</value>
         <object_component_ref idref="oc-114"/>
      </symbol>
      <symbol id="sm-4c2">
         <name>abort</name>
         <value>0x392f</value>
         <object_component_ref idref="oc-114"/>
      </symbol>
      <symbol id="sm-4da">
         <name>atoi</name>
         <value>0x353d</value>
         <object_component_ref idref="oc-268"/>
      </symbol>
      <symbol id="sm-4ea">
         <name>strchr</name>
         <value>0x3853</value>
         <object_component_ref idref="oc-274"/>
      </symbol>
      <symbol id="sm-4f8">
         <name>strcpy</name>
         <value>0x387d</value>
         <object_component_ref idref="oc-236"/>
      </symbol>
      <symbol id="sm-506">
         <name>strlen</name>
         <value>0x3891</value>
         <object_component_ref idref="oc-262"/>
      </symbol>
      <symbol id="sm-515">
         <name>strrchr</name>
         <value>0x383b</value>
         <object_component_ref idref="oc-26e"/>
      </symbol>
      <symbol id="sm-575">
         <name>strtold</name>
         <value>0x1e59</value>
         <object_component_ref idref="oc-248"/>
      </symbol>
      <symbol id="sm-576">
         <name>strtod</name>
         <value>0x1e59</value>
         <object_component_ref idref="oc-248"/>
      </symbol>
      <symbol id="sm-59a">
         <name>strtol</name>
         <value>0x2b7d</value>
         <object_component_ref idref="oc-253"/>
      </symbol>
      <symbol id="sm-5c0">
         <name>strtoll</name>
         <value>0x22b9</value>
         <object_component_ref idref="oc-259"/>
      </symbol>
      <symbol id="sm-5e0">
         <name>strtoul</name>
         <value>0x2ecd</value>
         <object_component_ref idref="oc-242"/>
      </symbol>
      <symbol id="sm-603">
         <name>strtoull</name>
         <value>0x27b9</value>
         <object_component_ref idref="oc-23c"/>
      </symbol>
      <symbol id="sm-619">
         <name>__aeabi_errno_addr</name>
         <value>0x3915</value>
         <object_component_ref idref="oc-2b8"/>
      </symbol>
      <symbol id="sm-61a">
         <name>errno</name>
         <value>0x20000400</value>
         <object_component_ref idref="oc-311"/>
      </symbol>
      <symbol id="sm-641">
         <name>scalbn</name>
         <value>0x2dbd</value>
         <object_component_ref idref="oc-2d6"/>
      </symbol>
      <symbol id="sm-642">
         <name>scalbnl</name>
         <value>0x2dbd</value>
         <object_component_ref idref="oc-2d6"/>
      </symbol>
      <symbol id="sm-643">
         <name>ldexpl</name>
         <value>0x2dbd</value>
         <object_component_ref idref="oc-2d6"/>
      </symbol>
      <symbol id="sm-644">
         <name>ldexp</name>
         <value>0x2dbd</value>
         <object_component_ref idref="oc-2d6"/>
      </symbol>
      <symbol id="sm-65b">
         <name>__aeabi_dsub</name>
         <value>0x2495</value>
         <object_component_ref idref="oc-2c7"/>
      </symbol>
      <symbol id="sm-65c">
         <name>__aeabi_dadd</name>
         <value>0x249f</value>
         <object_component_ref idref="oc-2c7"/>
      </symbol>
      <symbol id="sm-66e">
         <name>__aeabi_cdcmpeq</name>
         <value>0x32ff</value>
         <object_component_ref idref="oc-2cc"/>
      </symbol>
      <symbol id="sm-66f">
         <name>__aeabi_cdcmple</name>
         <value>0x32ff</value>
         <object_component_ref idref="oc-2cc"/>
      </symbol>
      <symbol id="sm-683">
         <name>__aeabi_ddiv</name>
         <value>0x2915</value>
         <object_component_ref idref="oc-2d1"/>
      </symbol>
      <symbol id="sm-68e">
         <name>__aeabi_dmul</name>
         <value>0x2fdd</value>
         <object_component_ref idref="oc-2c2"/>
      </symbol>
      <symbol id="sm-697">
         <name>__aeabi_lmul</name>
         <value>0x3823</value>
         <object_component_ref idref="oc-2ae"/>
      </symbol>
      <symbol id="sm-6a4">
         <name>__aeabi_uldivmod</name>
         <value>0x3269</value>
         <object_component_ref idref="oc-2b3"/>
      </symbol>
      <symbol id="sm-6ae">
         <name>copysign</name>
         <value>0x3809</value>
         <object_component_ref idref="oc-31e"/>
      </symbol>
      <symbol id="sm-6af">
         <name>copysignl</name>
         <value>0x3809</value>
         <object_component_ref idref="oc-31e"/>
      </symbol>
      <symbol id="sm-6b0">
         <name>__TI_static_base__</name>
         <value>0x0</value>
      </symbol>
      <symbol id="sm-6b3">
         <name>__mpu_init</name>
         <value>0x0</value>
      </symbol>
      <symbol id="sm-6b4">
         <name>_system_post_cinit</name>
         <value>0x0</value>
      </symbol>
   </symbol_table>
   <title>Link successful</title>
</link_info>
