******************************************************************************
                  TI ARM Linker PC v18.12.1                    
******************************************************************************
>> Linked Sat May 25 05:33:16 2019

OUTPUT FILE NAME:   <Segala.out>
ENTRY POINT SYMBOL: "_c_int00_noargs"  address: 00001f99


MEMORY CONFIGURATION

         name            origin    length      used     unused   attr    fill
----------------------  --------  ---------  --------  --------  ----  --------
  FLASH                 00000000   00040000  0000297a  0003d686  R  X
  SRAM                  20000000   00008000  0000052c  00007ad4  RW X


SEGMENT ALLOCATION MAP

run origin  load origin   length   init length attrs members
----------  ----------- ---------- ----------- ----- -------
00000000    00000000    00002980   00002980    r-x
  00000000    00000000    0000026c   0000026c    r-- .intvecs
  0000026c    0000026c    00001e44   00001e44    r-x .text
  000020b0    000020b0    00000892   00000892    r-- .const
  00002948    00002948    00000038   00000038    r-- .cinit
20000000    20000000    0000052c   00000000    rw-
  20000000    20000000    00000320   00000000    rw- .bss
  20000320    20000320    00000200   00000000    rw- .stack
  20000520    20000520    0000000c   00000000    rw- .data


SECTION ALLOCATION MAP

 output                                  attributes/
section   page    origin      length       input sections
--------  ----  ----------  ----------   ----------------
.intvecs   0    00000000    0000026c     
                  00000000    0000026c     tm4c123gh6pm_startup_ccs.obj (.intvecs)

.text      0    0000026c    00001e44     
                  0000026c    00000b34     Nokia5110.obj (.text)
                  00000da0    00000718     jogo.obj (.text)
                  000014b8    00000650     main.obj (.text)
                  00001b08    00000132     driverlib.lib : gpio.obj (.text:GPIOPadConfigSet)
                  00001c3a    00000002     rtsv7M4_T_le_v4SPD16_eabi.lib : _lock.c.obj (.text:_nop)
                  00001c3c    000000f4     driverlib.lib : sysctl.obj (.text:SysCtlClockSet)
                  00001d30    0000009c     rtsv7M4_T_le_v4SPD16_eabi.lib : memcpy_t2.asm.obj (.text)
                  00001dcc    00000068                                   : copy_decompress_lzss.c.obj (.text:decompress:lzss:__TI_decompress_lzss)
                  00001e34    00000048                                   : hosttime.c.obj (.text:HOSTtime)
                  00001e7c    00000044                                   : autoinit.c.obj (.text:__TI_auto_init_nobinit_nopinit:__TI_auto_init_nobinit_nopinit)
                  00001ec0    00000038     driverlib.lib : sysctl.obj (.text:SysCtlPeripheralReady)
                  00001ef8    00000038     rtsv7M4_T_le_v4SPD16_eabi.lib : trgmsg.c.obj (.text:__TI_writemsg)
                  00001f30    00000034     driverlib.lib : sysctl.obj (.text:SysCtlPeripheralEnable)
                  00001f64    00000034     rtsv7M4_T_le_v4SPD16_eabi.lib : trgmsg.c.obj (.text:__TI_readmsg)
                  00001f98    00000034                                   : boot_cortex_m.c.obj (.text:_c_int00_noargs:_c_int00_noargs)
                  00001fcc    00000034                                   : rand.c.obj (.text:rand)
                  00002000    0000002a     driverlib.lib : gpio.obj (.text:GPIODirModeSet)
                  0000202a    00000002     --HOLE-- [fill = 0]
                  0000202c    00000024     rtsv7M4_T_le_v4SPD16_eabi.lib : rand.c.obj (.text:srand)
                  00002050    00000012     driverlib.lib : gpio.obj (.text:GPIOPinTypeGPIOInput)
                  00002062    00000012     rtsv7M4_T_le_v4SPD16_eabi.lib : copy_zero_init.c.obj (.text:decompress:ZI:__TI_zero_init_nomemset:__TI_zero_init_nomemset)
                  00002074    0000000e                                   : time.c.obj (.text:__time32)
                  00002082    0000000e                                   : copy_decompress_none.c.obj (.text:decompress:none:__TI_decompress_none)
                  00002090    0000000c     tm4c123gh6pm_startup_ccs.obj (.text)
                  0000209c    00000006     driverlib.lib : gpio.obj (.text:GPIOPinRead)
                  000020a2    00000006                   : sysctl.obj (.text:SysCtlDelay)
                  000020a8    00000004     rtsv7M4_T_le_v4SPD16_eabi.lib : pre_init.c.obj (.text:_system_pre_init)
                  000020ac    00000004                                   : exit.c.obj (.text:abort:abort)

.const     0    000020b0    00000892     
                  000020b0    000001f8     jogo.obj (.const:.string:You_in_Bitmap)
                  000022a8    000001f8     jogo.obj (.const:.string:You_lose_Bitmap)
                  000024a0    000001f8     jogo.obj (.const:.string:titulo_Bitmap)
                  00002698    000001e0     Nokia5110.obj (.const:ASCII)
                  00002878    00000070     Nokia5110.obj (.const:.string:$P$T0$1)
                  000028e8    00000020     jogo.obj (.const:.string:bloco_Bitmap)
                  00002908    00000020     jogo.obj (.const:.string:plant_Bitmap)
                  00002928    00000010     jogo.obj (.const:.string:zombie_Bitmap)
                  00002938    00000008     Nokia5110.obj (.const:.string:Masks)
                  00002940    00000002     jogo.obj (.const:.string:hit_Bitmap)

.cinit     0    00002948    00000038     
                  00002948    0000000f     (.cinit..data.load) [load image, compression = lzss]
                  00002957    00000001     --HOLE-- [fill = 0]
                  00002958    0000000c     (__TI_handler_table)
                  00002964    00000004     --HOLE-- [fill = 0]
                  00002968    00000008     (.cinit..bss.load) [load image, compression = zero_init]
                  00002970    00000010     (__TI_cinit_table)

.init_array 
*          0    00000000    00000000     UNINITIALIZED

.bss       0    20000000    00000320     UNINITIALIZED
                  20000000    000001f8     (.common:Screen)
                  200001f8    00000120     rtsv7M4_T_le_v4SPD16_eabi.lib : trgmsg.c.obj (.bss:_CIOBUF_)
                  20000318    00000008     (.common:parmbuf)

.data      0    20000520    0000000c     UNINITIALIZED
                  20000520    00000008     rtsv7M4_T_le_v4SPD16_eabi.lib : _lock.c.obj (.data:$O1$$)
                  20000528    00000004                                   : rand.c.obj (.data)

.stack     0    20000320    00000200     UNINITIALIZED
                  20000320    00000004     rtsv7M4_T_le_v4SPD16_eabi.lib : boot_cortex_m.c.obj (.stack)
                  20000324    000001fc     --HOLE--

MODULE SUMMARY

       Module                         code   ro data   rw data
       ------                         ----   -------   -------
    .\
       Nokia5110.obj                  2868   600       504    
       jogo.obj                       1816   1594      0      
       main.obj                       1616   0         0      
       tm4c123gh6pm_startup_ccs.obj   12     620       0      
    +--+------------------------------+------+---------+---------+
       Total:                         6312   2814      504    
                                                              
    C:/ti/TivaWare_C_Series-2.1.4.178/driverlib/ccs/Debug/driverlib.lib
       gpio.obj                       372    0         0      
       sysctl.obj                     358    0         0      
    +--+------------------------------+------+---------+---------+
       Total:                         730    0         0      
                                                              
    C:\ti\ccs900\ccs\tools\compiler\ti-cgt-arm_18.12.1.LTS\lib\rtsv7M4_T_le_v4SPD16_eabi.lib
       trgmsg.c.obj                   108    0         288    
       memcpy_t2.asm.obj              156    0         0      
       copy_decompress_lzss.c.obj     104    0         0      
       rand.c.obj                     88     0         4      
       hosttime.c.obj                 72     0         0      
       autoinit.c.obj                 68     0         0      
       boot_cortex_m.c.obj            52     0         0      
       copy_zero_init.c.obj           18     0         0      
       copy_decompress_none.c.obj     14     0         0      
       time.c.obj                     14     0         0      
       _lock.c.obj                    2      0         8      
       hostopen.c.obj                 0      0         8      
       exit.c.obj                     4      0         0      
       pre_init.c.obj                 4      0         0      
    +--+------------------------------+------+---------+---------+
       Total:                         704    0         308    
                                                              
       Stack:                         0      0         512    
       Linker Generated:              0      51        0      
    +--+------------------------------+------+---------+---------+
       Grand Total:                   7746   2865      1324   


LINKER GENERATED COPY TABLES

__TI_cinit_table @ 00002970 records: 2, size/record: 8, table size: 16
	.data: load addr=00002948, load size=0000000f bytes, run addr=20000520, run size=0000000c bytes, compression=lzss
	.bss: load addr=00002968, load size=00000008 bytes, run addr=20000000, run size=00000320 bytes, compression=zero_init


LINKER GENERATED HANDLER TABLE

__TI_handler_table @ 00002958 records: 3, size/record: 4, table size: 12
	index: 0, handler: __TI_decompress_lzss
	index: 1, handler: __TI_decompress_none
	index: 2, handler: __TI_zero_init


GLOBAL SYMBOLS: SORTED ALPHABETICALLY BY Name 

address   name                          
-------   ----                          
000020ad  C$$EXIT                       
00001f27  C$$IO$$                       
00000dd1  DeawLose                      
00000edf  DesenhaBloco                  
00000de9  DesenhaJogo                   
0000101d  DetectaColisao                
000010e9  DetectaColisaoZumbi           
0000122f  DiminuiPlantas                
00001291  DiminuiZumbis                 
00000da1  DrawTittle                    
00000db9  DrawWin                       
00002001  GPIODirModeSet                
00001b09  GPIOPadConfigSet              
0000209d  GPIOPinRead                   
00002051  GPIOPinTypeGPIOInput          
00001e35  HOSTtime                      
00002938  Masks                         
000012e5  MostraRegras                  
000006b5  Nokia5110_Clear               
00000911  Nokia5110_ClearBuffer         
00000945  Nokia5110_ClrPxl              
0000093b  Nokia5110_DisplayBuffer       
000006e5  Nokia5110_DrawFullImage       
00000bbb  Nokia5110_DrawImage           
00000c05  Nokia5110_DrawImage_status    
000002db  Nokia5110_Init                
000003f5  Nokia5110_OutChar             
00000435  Nokia5110_OutString           
00000461  Nokia5110_OutUDec             
00000d3d  Nokia5110_Pinta_sqre          
0000072d  Nokia5110_PrintBMP            
0000099d  Nokia5110_PrintBMP2           
00000665  Nokia5110_SetCursor           
00000977  Nokia5110_SetPxl              
00000a55  Nokia5110_SetPxl_status       
00000a81  Nokia5110_img                 
00000b21  Nokia5110_img_16              
00002091  ResetISR                      
20000000  Screen                        
00001c3d  SysCtlClockSet                
000020a3  SysCtlDelay                   
00001f31  SysCtlPeripheralEnable        
00001ec1  SysCtlPeripheralReady         
000020b0  You_in_Bitmap                 
000022a8  You_lose_Bitmap               
200001f8  __CIOBUF_                     
20000520  __STACK_END                   
00000200  __STACK_SIZE                  
20000520  __STACK_TOP                   
00002970  __TI_CINIT_Base               
00002980  __TI_CINIT_Limit              
00002958  __TI_Handler_Table_Base       
00002964  __TI_Handler_Table_Limit      
00001e7d  __TI_auto_init_nobinit_nopinit
00001dcd  __TI_decompress_lzss          
00002083  __TI_decompress_none          
ffffffff  __TI_pprof_out_hndl           
ffffffff  __TI_prof_data_size           
ffffffff  __TI_prof_data_start          
00001f65  __TI_readmsg                  
00000000  __TI_static_base__            
00001ef9  __TI_writemsg                 
00002063  __TI_zero_init_nomemset       
00001d31  __aeabi_memcpy                
00001d31  __aeabi_memcpy4               
00001d31  __aeabi_memcpy8               
ffffffff  __binit__                     
ffffffff  __c_args__                    
UNDEFED   __mpu_init                    
20000320  __stack                       
00002075  __time32                      
00001f99  _c_int00_noargs               
20000520  _lock                         
00001c3b  _nop                          
UNDEFED   _system_post_cinit            
000020a9  _system_pre_init              
20000524  _unlock                       
000020ad  abort                         
ffffffff  binit                         
000028e8  bloco_Bitmap                  
00000000  g_pfnVectors                  
00002940  hit_Bitmap                    
000014b9  main                          
00001d31  memcpy                        
20000318  parmbuf                       
00002908  plant_Bitmap                  
00001fcd  rand                          
0000202d  srand                         
00002075  time                          
000024a0  titulo_Bitmap                 
00002928  zombie_Bitmap                 


GLOBAL SYMBOLS: SORTED BY Symbol Address 

address   name                          
-------   ----                          
00000000  __TI_static_base__            
00000000  g_pfnVectors                  
00000200  __STACK_SIZE                  
000002db  Nokia5110_Init                
000003f5  Nokia5110_OutChar             
00000435  Nokia5110_OutString           
00000461  Nokia5110_OutUDec             
00000665  Nokia5110_SetCursor           
000006b5  Nokia5110_Clear               
000006e5  Nokia5110_DrawFullImage       
0000072d  Nokia5110_PrintBMP            
00000911  Nokia5110_ClearBuffer         
0000093b  Nokia5110_DisplayBuffer       
00000945  Nokia5110_ClrPxl              
00000977  Nokia5110_SetPxl              
0000099d  Nokia5110_PrintBMP2           
00000a55  Nokia5110_SetPxl_status       
00000a81  Nokia5110_img                 
00000b21  Nokia5110_img_16              
00000bbb  Nokia5110_DrawImage           
00000c05  Nokia5110_DrawImage_status    
00000d3d  Nokia5110_Pinta_sqre          
00000da1  DrawTittle                    
00000db9  DrawWin                       
00000dd1  DeawLose                      
00000de9  DesenhaJogo                   
00000edf  DesenhaBloco                  
0000101d  DetectaColisao                
000010e9  DetectaColisaoZumbi           
0000122f  DiminuiPlantas                
00001291  DiminuiZumbis                 
000012e5  MostraRegras                  
000014b9  main                          
00001b09  GPIOPadConfigSet              
00001c3b  _nop                          
00001c3d  SysCtlClockSet                
00001d31  __aeabi_memcpy                
00001d31  __aeabi_memcpy4               
00001d31  __aeabi_memcpy8               
00001d31  memcpy                        
00001dcd  __TI_decompress_lzss          
00001e35  HOSTtime                      
00001e7d  __TI_auto_init_nobinit_nopinit
00001ec1  SysCtlPeripheralReady         
00001ef9  __TI_writemsg                 
00001f27  C$$IO$$                       
00001f31  SysCtlPeripheralEnable        
00001f65  __TI_readmsg                  
00001f99  _c_int00_noargs               
00001fcd  rand                          
00002001  GPIODirModeSet                
0000202d  srand                         
00002051  GPIOPinTypeGPIOInput          
00002063  __TI_zero_init_nomemset       
00002075  __time32                      
00002075  time                          
00002083  __TI_decompress_none          
00002091  ResetISR                      
0000209d  GPIOPinRead                   
000020a3  SysCtlDelay                   
000020a9  _system_pre_init              
000020ad  C$$EXIT                       
000020ad  abort                         
000020b0  You_in_Bitmap                 
000022a8  You_lose_Bitmap               
000024a0  titulo_Bitmap                 
000028e8  bloco_Bitmap                  
00002908  plant_Bitmap                  
00002928  zombie_Bitmap                 
00002938  Masks                         
00002940  hit_Bitmap                    
00002958  __TI_Handler_Table_Base       
00002964  __TI_Handler_Table_Limit      
00002970  __TI_CINIT_Base               
00002980  __TI_CINIT_Limit              
20000000  Screen                        
200001f8  __CIOBUF_                     
20000318  parmbuf                       
20000320  __stack                       
20000520  __STACK_END                   
20000520  __STACK_TOP                   
20000520  _lock                         
20000524  _unlock                       
ffffffff  __TI_pprof_out_hndl           
ffffffff  __TI_prof_data_size           
ffffffff  __TI_prof_data_start          
ffffffff  __binit__                     
ffffffff  __c_args__                    
ffffffff  binit                         
UNDEFED   __mpu_init                    
UNDEFED   _system_post_cinit            

[91 symbols]
