******************************************************************************
                  TI ARM Linker PC v20.2.7                     
******************************************************************************
>> Linked Tue Apr 18 15:38:11 2023

OUTPUT FILE NAME:   <projeto_tivaware.out>
ENTRY POINT SYMBOL: "_c_int00_noargs"  address: 000008b5


MEMORY CONFIGURATION

         name            origin    length      used     unused   attr    fill
----------------------  --------  ---------  --------  --------  ----  --------
  FLASH                 00000000   00040000  00000a30  0003f5d0  R  X
  SRAM                  20000000   00008000  00000210  00007df0  RW X


SEGMENT ALLOCATION MAP

run origin  load origin   length   init length attrs members
----------  ----------- ---------- ----------- ----- -------
00000000    00000000    00000a34   00000a34    r-x
  00000000    00000000    0000026c   0000026c    r-- .intvecs
  0000026c    0000026c    00000734   00000734    r-x .text
  000009a0    000009a0    0000006c   0000006c    r-- .const
  00000a10    00000a10    00000024   00000024    r-- .cinit
20000000    20000000    00000210   00000000    rw-
  20000000    20000000    00000200   00000000    rw- .stack
  20000200    20000200    00000010   00000000    rw- .data


SECTION ALLOCATION MAP

 output                                  attributes/
section   page    origin      length       input sections
--------  ----  ----------  ----------   ----------------
.intvecs   0    00000000    0000026c     
                  00000000    0000026c     tm4c123gh6pm_startup_ccs.obj (.intvecs)

.text      0    0000026c    00000734     
                  0000026c    00000134     main.obj (.text)
                  000003a0    00000132     driverlib.lib : gpio.obj (.text:GPIOPadConfigSet)
                  000004d2    00000002     --HOLE-- [fill = 0]
                  000004d4    00000110                   : sysctl.obj (.text:SysCtlClockGet)
                  000005e4    000000f4                   : sysctl.obj (.text:SysCtlClockSet)
                  000006d8    0000009c     rtsv7M4_T_le_v4SPD16_eabi.lib : memcpy_t2.asm.obj (.text)
                  00000774    00000068                                   : copy_decompress_lzss.c.obj (.text:decompress:lzss:__TI_decompress_lzss)
                  000007dc    00000060     driverlib.lib : timer.obj (.text:TimerConfigure)
                  0000083c    00000044     rtsv7M4_T_le_v4SPD16_eabi.lib : autoinit.c.obj (.text:__TI_auto_init_nobinit_nopinit:__TI_auto_init_nobinit_nopinit)
                  00000880    00000034     driverlib.lib : sysctl.obj (.text:SysCtlPeripheralEnable)
                  000008b4    00000034     rtsv7M4_T_le_v4SPD16_eabi.lib : boot_cortex_m.c.obj (.text:_c_int00_noargs:_c_int00_noargs)
                  000008e8    0000002a     driverlib.lib : gpio.obj (.text:GPIODirModeSet)
                  00000912    00000018                   : gpio.obj (.text:GPIOPinTypeGPIOOutput)
                  0000092a    00000012                   : timer.obj (.text:TimerLoadSet)
                  0000093c    00000010                   : interrupt.obj (.text:IntMasterEnable)
                  0000094c    0000000e                   : timer.obj (.text:TimerEnable)
                  0000095a    0000000e     rtsv7M4_T_le_v4SPD16_eabi.lib : copy_decompress_none.c.obj (.text:decompress:none:__TI_decompress_none)
                  00000968    0000000c     driverlib.lib : cpu.obj (.text:CPUcpsie)
                  00000974    0000000c     tm4c123gh6pm_startup_ccs.obj (.text)
                  00000980    00000008     driverlib.lib : timer.obj (.text:TimerIntEnable)
                  00000988    00000006                   : gpio.obj (.text:GPIOPinWrite)
                  0000098e    00000006                   : sysctl.obj (.text:SysCtlDelay)
                  00000994    00000004                   : timer.obj (.text:TimerIntClear)
                  00000998    00000004     rtsv7M4_T_le_v4SPD16_eabi.lib : pre_init.c.obj (.text:_system_pre_init)
                  0000099c    00000004                                   : exit.c.obj (.text:abort:abort)

.const     0    000009a0    0000006c     
                  000009a0    0000006c     driverlib.lib : sysctl.obj (.const:g_pui32Xtals)

.cinit     0    00000a10    00000024     
                  00000a10    00000012     (.cinit..data.load) [load image, compression = lzss]
                  00000a22    00000002     --HOLE-- [fill = 0]
                  00000a24    00000008     (__TI_handler_table)
                  00000a2c    00000008     (__TI_cinit_table)

.init_array 
*          0    00000000    00000000     UNINITIALIZED

.data      0    20000200    00000010     UNINITIALIZED
                  20000200    0000000a     main.obj (.data:digits)
                  2000020a    00000002     --HOLE--
                  2000020c    00000004     main.obj (.data)

.stack     0    20000000    00000200     UNINITIALIZED
                  20000000    00000004     rtsv7M4_T_le_v4SPD16_eabi.lib : boot_cortex_m.c.obj (.stack)
                  20000004    000001fc     --HOLE--

__llvm_prf_cnts 
*          0    20000000    00000000     UNINITIALIZED

MODULE SUMMARY

       Module                         code   ro data   rw data
       ------                         ----   -------   -------
    .\
       tm4c123gh6pm_startup_ccs.obj   12     620       0      
       main.obj                       308    0         14     
    +--+------------------------------+------+---------+---------+
       Total:                         320    620       14     
                                                              
    C:/Users/marco/CCS12.2.0.00009_win64/TivaWare_C_Series-2.1.4.178/driverlib/ccs/Debug/driverlib.lib
       sysctl.obj                     574    108       0      
       gpio.obj                       378    0         0      
       timer.obj                      140    0         0      
       interrupt.obj                  16     0         0      
       cpu.obj                        12     0         0      
    +--+------------------------------+------+---------+---------+
       Total:                         1120   108       0      
                                                              
    C:\ti\ccs1220\ccs\tools\compiler\ti-cgt-arm_20.2.7.LTS\lib\rtsv7M4_T_le_v4SPD16_eabi.lib
       memcpy_t2.asm.obj              156    0         0      
       copy_decompress_lzss.c.obj     104    0         0      
       autoinit.c.obj                 68     0         0      
       boot_cortex_m.c.obj            52     0         0      
       copy_decompress_none.c.obj     14     0         0      
       exit.c.obj                     4      0         0      
       pre_init.c.obj                 4      0         0      
    +--+------------------------------+------+---------+---------+
       Total:                         402    0         0      
                                                              
       Stack:                         0      0         512    
       Linker Generated:              0      34        0      
    +--+------------------------------+------+---------+---------+
       Grand Total:                   1842   762       526    


LINKER GENERATED COPY TABLES

__TI_cinit_table @ 00000a2c records: 1, size/record: 8, table size: 8
	.data: load addr=00000a10, load size=00000012 bytes, run addr=20000200, run size=00000010 bytes, compression=lzss


LINKER GENERATED HANDLER TABLE

__TI_handler_table @ 00000a24 records: 2, size/record: 4, table size: 8
	index: 0, handler: __TI_decompress_lzss
	index: 1, handler: __TI_decompress_none


GLOBAL SYMBOLS: SORTED ALPHABETICALLY BY Name 

address   name                          
-------   ----                          
0000099d  C$$EXIT                       
00000969  CPUcpsie                      
000008e9  GPIODirModeSet                
000003a1  GPIOPadConfigSet              
00000913  GPIOPinTypeGPIOOutput         
00000989  GPIOPinWrite                  
0000093d  IntMasterEnable               
00000975  ResetISR                      
000004d5  SysCtlClockGet                
000005e5  SysCtlClockSet                
0000098f  SysCtlDelay                   
00000881  SysCtlPeripheralEnable        
00000337  Timer0IntHandler              
000007dd  TimerConfigure                
0000094d  TimerEnable                   
00000995  TimerIntClear                 
00000981  TimerIntEnable                
0000092b  TimerLoadSet                  
20000200  __STACK_END                   
00000200  __STACK_SIZE                  
20000200  __STACK_TOP                   
00000a2c  __TI_CINIT_Base               
00000a34  __TI_CINIT_Limit              
00000a24  __TI_Handler_Table_Base       
00000a2c  __TI_Handler_Table_Limit      
0000083d  __TI_auto_init_nobinit_nopinit
00000775  __TI_decompress_lzss          
0000095b  __TI_decompress_none          
ffffffff  __TI_pprof_out_hndl           
ffffffff  __TI_prof_data_size           
ffffffff  __TI_prof_data_start          
00000000  __TI_static_base__            
000006d9  __aeabi_memcpy                
000006d9  __aeabi_memcpy4               
000006d9  __aeabi_memcpy8               
ffffffff  __binit__                     
ffffffff  __c_args__                    
UNDEFED   __mpu_init                    
20000000  __stack                       
20000000  __start___llvm_prf_cnts       
20000000  __stop___llvm_prf_cnts        
000008b5  _c_int00_noargs               
UNDEFED   _system_post_cinit            
00000999  _system_pre_init              
0000099d  abort                         
ffffffff  binit                         
2000020c  current_number                
20000200  digits                        
0000026d  display_number                
00000000  g_pfnVectors                  
000002f5  main                          
000006d9  memcpy                        


GLOBAL SYMBOLS: SORTED BY Symbol Address 

address   name                          
-------   ----                          
00000000  __TI_static_base__            
00000000  g_pfnVectors                  
00000200  __STACK_SIZE                  
0000026d  display_number                
000002f5  main                          
00000337  Timer0IntHandler              
000003a1  GPIOPadConfigSet              
000004d5  SysCtlClockGet                
000005e5  SysCtlClockSet                
000006d9  __aeabi_memcpy                
000006d9  __aeabi_memcpy4               
000006d9  __aeabi_memcpy8               
000006d9  memcpy                        
00000775  __TI_decompress_lzss          
000007dd  TimerConfigure                
0000083d  __TI_auto_init_nobinit_nopinit
00000881  SysCtlPeripheralEnable        
000008b5  _c_int00_noargs               
000008e9  GPIODirModeSet                
00000913  GPIOPinTypeGPIOOutput         
0000092b  TimerLoadSet                  
0000093d  IntMasterEnable               
0000094d  TimerEnable                   
0000095b  __TI_decompress_none          
00000969  CPUcpsie                      
00000975  ResetISR                      
00000981  TimerIntEnable                
00000989  GPIOPinWrite                  
0000098f  SysCtlDelay                   
00000995  TimerIntClear                 
00000999  _system_pre_init              
0000099d  C$$EXIT                       
0000099d  abort                         
00000a24  __TI_Handler_Table_Base       
00000a2c  __TI_CINIT_Base               
00000a2c  __TI_Handler_Table_Limit      
00000a34  __TI_CINIT_Limit              
20000000  __stack                       
20000000  __start___llvm_prf_cnts       
20000000  __stop___llvm_prf_cnts        
20000200  __STACK_END                   
20000200  __STACK_TOP                   
20000200  digits                        
2000020c  current_number                
ffffffff  __TI_pprof_out_hndl           
ffffffff  __TI_prof_data_size           
ffffffff  __TI_prof_data_start          
ffffffff  __binit__                     
ffffffff  __c_args__                    
ffffffff  binit                         
UNDEFED   __mpu_init                    
UNDEFED   _system_post_cinit            

[52 symbols]
