******************************************************************************
                  TI ARM Linker PC v18.12.4                    
******************************************************************************
>> Linked Thu Apr 29 20:07:52 2021

OUTPUT FILE NAME:   <Exemplo_I2C_BMP180.out>
ENTRY POINT SYMBOL: "_c_int00_noargs"  address: 00002129


MEMORY CONFIGURATION

         name            origin    length      used     unused   attr    fill
----------------------  --------  ---------  --------  --------  ----  --------
  FLASH                 00000000   00040000  00002446  0003dbba  R  X
  SRAM                  20000000   00008000  00000598  00007a68  RW X


SEGMENT ALLOCATION MAP

run origin  load origin   length   init length attrs members
----------  ----------- ---------- ----------- ----- -------
00000000    00000000    00002448   00002448    r-x
  00000000    00000000    0000026c   0000026c    r-- .intvecs
  0000026c    0000026c    000020de   000020de    r-x .text
  0000234c    0000234c    000000c4   000000c4    r-- .const
  00002410    00002410    00000038   00000038    r-- .cinit
20000000    20000000    00000598   00000000    rw-
  20000000    20000000    00000400   00000000    rw- .stack
  20000400    20000400    00000188   00000000    rw- .bss
  20000588    20000588    00000010   00000000    rw- .data


SECTION ALLOCATION MAP

 output                                  attributes/
section   page    origin      length       input sections
--------  ----  ----------  ----------   ----------------
.intvecs   0    00000000    0000026c     
                  00000000    0000026c     startup_ccs.obj (.intvecs)

.text      0    0000026c    000020de     
                  0000026c    0000058c     rtsv7M4_T_le_v4SPD16_eabi.lib : e_powf.c.obj (.text:powf)
                  000007f8    000002b0     i2c_bmp_main.obj (.text:main)
                  00000aa8    000001f8     sensorlib.lib : bmp180.obj (.text:BMP180Callback)
                  00000ca0    000001ee     uartstdio.obj (.text:UARTvprintf)
                  00000e8e    00000002     startup_ccs.obj (.text:FaultISR)
                  00000e90    000001e8     sensorlib.lib : bmp180.obj (.text:BMP180DataPressureGetFloat)
                  00001078    0000016c     driverlib.lib : gpio.obj (.text:GPIOPadConfigSet)
                  000011e4    00000118                   : sysctl.obj (.text:SysCtlClockGet)
                  000012fc    00000104     rgb.obj (.text:RGBInit)
                  00001400    000000f2     sensorlib.lib : i2cm_drv.obj (.text:I2CMIntHandler)
                  000014f2    00000002     startup_ccs.obj (.text:IntDefaultHandler)
                  000014f4    000000d0     rtsv7M4_T_le_v4SPD16_eabi.lib : s_scalbnf.c.obj (.text:scalbnf)
                  000015c4    000000c0     rgb.obj (.text:RGBEnable)
                  00001684    0000009c     rtsv7M4_T_le_v4SPD16_eabi.lib : memcpy_t2.asm.obj (.text)
                  00001720    0000009a     sensorlib.lib : i2cm_drv.obj (.text:I2CMStateIdle)
                  000017ba    00000002     startup_ccs.obj (.text:NmiSR)
                  000017bc    00000090     rgb.obj (.text:RGBColorSet)
                  0000184c    00000088     sensorlib.lib : i2cm_drv.obj (.text:I2CMCommand)
                  000018d4    00000084                   : bmp180.obj (.text:BMP180DataTemperatureGetFloat)
                  00001958    00000078     rgb.obj (.text:RGBBlinkRateSet)
                  000019d0    00000068     driverlib.lib : interrupt.obj (.text:IntDisable)
                  00001a38    00000068                   : interrupt.obj (.text:IntEnable)
                  00001aa0    00000068     rgb.obj (.text:RGBDisable)
                  00001b08    00000068     rtsv7M4_T_le_v4SPD16_eabi.lib : copy_decompress_lzss.c.obj (.text:decompress:lzss:__TI_decompress_lzss)
                  00001b70    00000064     i2c_bmp_main.obj (.text:ConfigureUART)
                  00001bd4    00000064     driverlib.lib : interrupt.obj (.text:IntIsEnabled)
                  00001c38    00000060     uartstdio.obj (.text:UARTStdioConfig)
                  00001c98    0000005e     sensorlib.lib : i2cm_drv.obj (.text:I2CMStateWritePause)
                  00001cf6    00000002     rtsv7M4_T_le_v4SPD16_eabi.lib : div0.asm.obj (.text)
                  00001cf8    00000058     sensorlib.lib : bmp180.obj (.text:BMP180DataRead)
                  00001d50    00000054                   : bmp180.obj (.text:BMP180Init)
                  00001da4    00000050                   : i2cm_drv.obj (.text:I2CMStateWriteFinal)
                  00001df4    00000050     uartstdio.obj (.text:UARTwrite)
                  00001e44    00000050     rtsv7M4_T_le_v4SPD16_eabi.lib : fs_toull_t2.asm.obj (.text)
                  00001e94    0000004c     driverlib.lib : i2c.obj (.text:I2CMasterInitExpClk)
                  00001ee0    0000004a     sensorlib.lib : i2cm_drv.obj (.text:I2CMStateReadNext)
                  00001f2a    00000048                   : i2cm_drv.obj (.text:I2CMStateWriteNext)
                  00001f72    00000044                   : i2cm_drv.obj (.text:I2CMStateCallback)
                  00001fb6    00000002     --HOLE-- [fill = 0]
                  00001fb8    00000044     rtsv7M4_T_le_v4SPD16_eabi.lib : autoinit.c.obj (.text:__TI_auto_init_nobinit_nopinit:__TI_auto_init_nobinit_nopinit)
                  00001ffc    00000042     sensorlib.lib : i2cm_drv.obj (.text:I2CMStateReadFinal)
                  0000203e    00000040     rtsv7M4_T_le_v4SPD16_eabi.lib : u_divt2.asm.obj (.text)
                  0000207e    0000003e     sensorlib.lib : i2cm_drv.obj (.text:I2CMStateReadPause)
                  000020bc    00000038     rgb.obj (.text:RGBBlinkIntHandler)
                  000020f4    00000034     sensorlib.lib : i2cm_drv.obj (.text:I2CMInit)
                  00002128    00000034     rtsv7M4_T_le_v4SPD16_eabi.lib : boot_cortex_m.c.obj (.text:_c_int00_noargs:_c_int00_noargs)
                  0000215c    00000030     i2c_bmp_main.obj (.text:SysTickIntHandler)
                  0000218c    0000002c     driverlib.lib : gpio.obj (.text:GPIODirModeSet)
                  000021b8    0000002a     sensorlib.lib : i2cm_drv.obj (.text:I2CMStateReadFirst)
                  000021e2    00000002     --HOLE-- [fill = 0]
                  000021e4    00000028     rtsv7M4_T_le_v4SPD16_eabi.lib : e_sqrtf.c.obj (.text:sqrtf)
                  0000220c    00000020     sensorlib.lib : i2cm_drv.obj (.text:I2CMStateReadOne)
                  0000222c    0000001c     rtsv7M4_T_le_v4SPD16_eabi.lib : copy_zero_init.c.obj (.text:decompress:ZI:__TI_zero_init_nomemset:__TI_zero_init_nomemset)
                  00002248    0000001a     sensorlib.lib : i2cm_drv.obj (.text:I2CMStateReadWait)
                  00002262    0000001a     uartstdio.obj (.text:UARTprintf)
                  0000227c    00000018     rtsv7M4_T_le_v4SPD16_eabi.lib : s_copysignf.c.obj (.text:copysignf)
                  00002294    00000016     driverlib.lib : gpio.obj (.text:GPIOPinTypeI2CSCL)
                  000022aa    00000002     --HOLE-- [fill = 0]
                  000022ac    00000014     rgb.obj (.text:RGBIntensitySet)
                  000022c0    00000010     i2c_bmp_main.obj (.text:BMP180AppCallback)
                  000022d0    0000000e     rtsv7M4_T_le_v4SPD16_eabi.lib : copy_decompress_none.c.obj (.text:decompress:none:__TI_decompress_none)
                  000022de    00000002     --HOLE-- [fill = 0]
                  000022e0    0000000c     i2c_bmp_main.obj (.text:BMP180I2CIntHandler)
                  000022ec    0000000c     driverlib.lib : interrupt.obj (.text:IntTrigger)
                  000022f8    0000000a                   : i2c.obj (.text:I2CMasterEnable)
                  00002302    00000008                   : i2c.obj (.text:I2CMasterIntClear)
                  0000230a    00000008                   : i2c.obj (.text:I2CMasterIntEnableEx)
                  00002312    00000008                   : i2c.obj (.text:I2CMasterSlaveAddrSet)
                  0000231a    00000002     --HOLE-- [fill = 0]
                  0000231c    00000008     rtsv7M4_T_le_v4SPD16_eabi.lib : errno.c.obj (.text:__aeabi_errno_addr)
                  00002324    00000006     driverlib.lib : gpio.obj (.text:GPIOPinWrite)
                  0000232a    00000006     startup_ccs.obj (.text:ResetISR)
                  00002330    00000006     driverlib.lib : uart.obj (.text:UARTClockSourceSet)
                  00002336    00000004                   : i2c.obj (.text:I2CMasterControl)
                  0000233a    00000004                   : i2c.obj (.text:I2CMasterDataGet)
                  0000233e    00000004                   : i2c.obj (.text:I2CMasterDataPut)
                  00002342    00000004     rtsv7M4_T_le_v4SPD16_eabi.lib : pre_init.c.obj (.text:_system_pre_init)
                  00002346    00000004                                   : exit.c.obj (.text:abort:abort)

.const     0    0000234c    000000c4     
                  0000234c    0000006c     driverlib.lib : sysctl.obj (.const:g_pui32Xtals)
                  000023b8    00000018     rtsv7M4_T_le_v4SPD16_eabi.lib : e_powf.c.obj (.const:$O1$$)
                  000023d0    00000014     driverlib.lib : interrupt.obj (.const:g_pui32Dii16Regs)
                  000023e4    00000014                   : interrupt.obj (.const:g_pui32EnRegs)
                  000023f8    0000000c     uartstdio.obj (.const:g_ui32UARTBase)
                  00002404    0000000c     uartstdio.obj (.const:g_ui32UARTPeriph)

.cinit     0    00002410    00000038     
                  00002410    0000000d     (.cinit..data.load) [load image, compression = lzss]
                  0000241d    00000003     --HOLE-- [fill = 0]
                  00002420    0000000c     (__TI_handler_table)
                  0000242c    00000004     --HOLE-- [fill = 0]
                  00002430    00000008     (.cinit..bss.load) [load image, compression = zero_init]
                  00002438    00000010     (__TI_cinit_table)

.init_array 
*          0    00000000    00000000     UNINITIALIZED

.bss       0    20000400    00000188     UNINITIALIZED
                  20000400    00000124     (.common:g_sI2CInst)
                  20000524    00000044     (.common:g_sBMP180Inst)
                  20000568    0000000c     rgb.obj (.bss:g_ui32Colors)
                  20000574    0000000c     (.common:g_pui32Colors)
                  20000580    00000004     rgb.obj (.bss)
                  20000584    00000004     (.common:g_vui8DataFlag)

.data      0    20000588    00000010     UNINITIALIZED
                  20000588    00000005     uartstdio.obj (.data)
                  2000058d    00000003     --HOLE--
                  20000590    00000004     rgb.obj (.data)
                  20000594    00000004     rtsv7M4_T_le_v4SPD16_eabi.lib : errno.c.obj (.data)

.stack     0    20000000    00000400     UNINITIALIZED
                  20000000    00000004     rtsv7M4_T_le_v4SPD16_eabi.lib : boot_cortex_m.c.obj (.stack)
                  20000004    000003fc     --HOLE--

.binit     0    00000000    00000000     

MODULE SUMMARY

       Module                       code   ro data   rw data
       ------                       ----   -------   -------
    .\
       i2c_bmp_main.obj             864    0         376    
       startup_ccs.obj              12     620       0      
    +--+----------------------------+------+---------+---------+
       Total:                       876    620       376    
                                                            
    .\drivers\
       rgb.obj                      896    0         20     
    +--+----------------------------+------+---------+---------+
       Total:                       896    0         20     
                                                            
    .\utils\
       uartstdio.obj                696    24        5      
    +--+----------------------------+------+---------+---------+
       Total:                       696    24        5      
                                                            
    C:/ti/TivaWare_C_Series-2.2.0.295/driverlib/ccs/Debug/driverlib.lib
       gpio.obj                     436    0         0      
       sysctl.obj                   280    108       0      
       interrupt.obj                320    40        0      
       i2c.obj                      122    0         0      
       uart.obj                     6      0         0      
    +--+----------------------------+------+---------+---------+
       Total:                       1164   148       0      
                                                            
    C:/ti/TivaWare_C_Series-2.2.0.295/sensorlib/ccs/Debug/sensorlib.lib
       bmp180.obj                   1296   0         0      
       i2cm_drv.obj                 1200   0         0      
    +--+----------------------------+------+---------+---------+
       Total:                       2496   0         0      
                                                            
    C:\ti\ccs930\ccs\tools\compiler\ti-cgt-arm_18.12.4.LTS\lib\rtsv7M4_T_le_v4SPD16_eabi.lib
       e_powf.c.obj                 1420   24        0      
       s_scalbnf.c.obj              208    0         0      
       memcpy_t2.asm.obj            156    0         0      
       copy_decompress_lzss.c.obj   104    0         0      
       fs_toull_t2.asm.obj          80     0         0      
       autoinit.c.obj               68     0         0      
       u_divt2.asm.obj              64     0         0      
       boot_cortex_m.c.obj          52     0         0      
       e_sqrtf.c.obj                40     0         0      
       copy_zero_init.c.obj         28     0         0      
       s_copysignf.c.obj            24     0         0      
       copy_decompress_none.c.obj   14     0         0      
       errno.c.obj                  8      0         4      
       exit.c.obj                   4      0         0      
       pre_init.c.obj               4      0         0      
       div0.asm.obj                 2      0         0      
    +--+----------------------------+------+---------+---------+
       Total:                       2276   24        4      
                                                            
       Stack:                       0      0         1024   
       Linker Generated:            0      49        0      
    +--+----------------------------+------+---------+---------+
       Grand Total:                 8404   865       1429   


LINKER GENERATED COPY TABLES

__TI_cinit_table @ 00002438 records: 2, size/record: 8, table size: 16
	.data: load addr=00002410, load size=0000000d bytes, run addr=20000588, run size=00000010 bytes, compression=lzss
	.bss: load addr=00002430, load size=00000008 bytes, run addr=20000400, run size=00000188 bytes, compression=zero_init


LINKER GENERATED HANDLER TABLE

__TI_handler_table @ 00002420 records: 3, size/record: 4, table size: 12
	index: 0, handler: __TI_decompress_lzss
	index: 1, handler: __TI_decompress_none
	index: 2, handler: __TI_zero_init


GLOBAL SYMBOLS: SORTED ALPHABETICALLY BY Name 

address   name                          
-------   ----                          
000022c1  BMP180AppCallback             
00000e91  BMP180DataPressureGetFloat    
00001cf9  BMP180DataRead                
000018d5  BMP180DataTemperatureGetFloat 
000022e1  BMP180I2CIntHandler           
00001d51  BMP180Init                    
00002347  C$$EXIT                       
00001b71  ConfigureUART                 
0000218d  GPIODirModeSet                
00001079  GPIOPadConfigSet              
00002295  GPIOPinTypeI2CSCL             
00002325  GPIOPinWrite                  
0000184d  I2CMCommand                   
000020f5  I2CMInit                      
00001401  I2CMIntHandler                
00002337  I2CMasterControl              
0000233b  I2CMasterDataGet              
0000233f  I2CMasterDataPut              
000022f9  I2CMasterEnable               
00001e95  I2CMasterInitExpClk           
00002303  I2CMasterIntClear             
0000230b  I2CMasterIntEnableEx          
00002313  I2CMasterSlaveAddrSet         
000019d1  IntDisable                    
00001a39  IntEnable                     
00001bd5  IntIsEnabled                  
000022ed  IntTrigger                    
000020bd  RGBBlinkIntHandler            
00001959  RGBBlinkRateSet               
000017bd  RGBColorSet                   
00001aa1  RGBDisable                    
000015c5  RGBEnable                     
000012fd  RGBInit                       
000022ad  RGBIntensitySet               
0000232b  ResetISR                      
000011e5  SysCtlClockGet                
0000215d  SysTickIntHandler             
00002331  UARTClockSourceSet            
00001c39  UARTStdioConfig               
00002263  UARTprintf                    
00000ca1  UARTvprintf                   
00001df5  UARTwrite                     
20000400  __STACK_END                   
00000400  __STACK_SIZE                  
20000400  __STACK_TOP                   
00002438  __TI_CINIT_Base               
00002448  __TI_CINIT_Limit              
00002420  __TI_Handler_Table_Base       
0000242c  __TI_Handler_Table_Limit      
00001fb9  __TI_auto_init_nobinit_nopinit
00001b09  __TI_decompress_lzss          
000022d1  __TI_decompress_none          
ffffffff  __TI_pprof_out_hndl           
ffffffff  __TI_prof_data_size           
ffffffff  __TI_prof_data_start          
00000000  __TI_static_base__            
0000222d  __TI_zero_init_nomemset       
0000231d  __aeabi_errno_addr            
00001e45  __aeabi_f2ulz                 
00001cf7  __aeabi_idiv0                 
00001cf7  __aeabi_ldiv0                 
00001685  __aeabi_memcpy                
00001685  __aeabi_memcpy4               
00001685  __aeabi_memcpy8               
0000203f  __aeabi_uidiv                 
0000203f  __aeabi_uidivmod              
ffffffff  __binit__                     
ffffffff  __c_args__                    
UNDEFED   __mpu_init                    
20000000  __stack                       
00002129  _c_int00_noargs               
UNDEFED   _system_post_cinit            
00002343  _system_pre_init              
00002347  abort                         
ffffffff  binit                         
0000227d  copysignf                     
20000594  errno                         
00000000  g_pfnVectors                  
20000574  g_pui32Colors                 
20000524  g_sBMP180Inst                 
20000400  g_sI2CInst                    
20000584  g_vui8DataFlag                
000014f5  ldexpf                        
000007f9  main                          
00001685  memcpy                        
0000026d  powf                          
000014f5  scalbnf                       
000021e5  sqrtf                         


GLOBAL SYMBOLS: SORTED BY Symbol Address 

address   name                          
-------   ----                          
00000000  __TI_static_base__            
00000000  g_pfnVectors                  
0000026d  powf                          
00000400  __STACK_SIZE                  
000007f9  main                          
00000ca1  UARTvprintf                   
00000e91  BMP180DataPressureGetFloat    
00001079  GPIOPadConfigSet              
000011e5  SysCtlClockGet                
000012fd  RGBInit                       
00001401  I2CMIntHandler                
000014f5  ldexpf                        
000014f5  scalbnf                       
000015c5  RGBEnable                     
00001685  __aeabi_memcpy                
00001685  __aeabi_memcpy4               
00001685  __aeabi_memcpy8               
00001685  memcpy                        
000017bd  RGBColorSet                   
0000184d  I2CMCommand                   
000018d5  BMP180DataTemperatureGetFloat 
00001959  RGBBlinkRateSet               
000019d1  IntDisable                    
00001a39  IntEnable                     
00001aa1  RGBDisable                    
00001b09  __TI_decompress_lzss          
00001b71  ConfigureUART                 
00001bd5  IntIsEnabled                  
00001c39  UARTStdioConfig               
00001cf7  __aeabi_idiv0                 
00001cf7  __aeabi_ldiv0                 
00001cf9  BMP180DataRead                
00001d51  BMP180Init                    
00001df5  UARTwrite                     
00001e45  __aeabi_f2ulz                 
00001e95  I2CMasterInitExpClk           
00001fb9  __TI_auto_init_nobinit_nopinit
0000203f  __aeabi_uidiv                 
0000203f  __aeabi_uidivmod              
000020bd  RGBBlinkIntHandler            
000020f5  I2CMInit                      
00002129  _c_int00_noargs               
0000215d  SysTickIntHandler             
0000218d  GPIODirModeSet                
000021e5  sqrtf                         
0000222d  __TI_zero_init_nomemset       
00002263  UARTprintf                    
0000227d  copysignf                     
00002295  GPIOPinTypeI2CSCL             
000022ad  RGBIntensitySet               
000022c1  BMP180AppCallback             
000022d1  __TI_decompress_none          
000022e1  BMP180I2CIntHandler           
000022ed  IntTrigger                    
000022f9  I2CMasterEnable               
00002303  I2CMasterIntClear             
0000230b  I2CMasterIntEnableEx          
00002313  I2CMasterSlaveAddrSet         
0000231d  __aeabi_errno_addr            
00002325  GPIOPinWrite                  
0000232b  ResetISR                      
00002331  UARTClockSourceSet            
00002337  I2CMasterControl              
0000233b  I2CMasterDataGet              
0000233f  I2CMasterDataPut              
00002343  _system_pre_init              
00002347  C$$EXIT                       
00002347  abort                         
00002420  __TI_Handler_Table_Base       
0000242c  __TI_Handler_Table_Limit      
00002438  __TI_CINIT_Base               
00002448  __TI_CINIT_Limit              
20000000  __stack                       
20000400  __STACK_END                   
20000400  __STACK_TOP                   
20000400  g_sI2CInst                    
20000524  g_sBMP180Inst                 
20000574  g_pui32Colors                 
20000584  g_vui8DataFlag                
20000594  errno                         
ffffffff  __TI_pprof_out_hndl           
ffffffff  __TI_prof_data_size           
ffffffff  __TI_prof_data_start          
ffffffff  __binit__                     
ffffffff  __c_args__                    
ffffffff  binit                         
UNDEFED   __mpu_init                    
UNDEFED   _system_post_cinit            

[88 symbols]
