******************************************************************************
                  TI ARM Linker PC v20.2.7                     
******************************************************************************
>> Linked Tue Jun 20 13:13:47 2023

OUTPUT FILE NAME:   <uart_gpio2.out>
ENTRY POINT SYMBOL: "_c_int00_noargs"  address: 000004e5


MEMORY CONFIGURATION

         name            origin    length      used     unused   attr    fill
----------------------  --------  ---------  --------  --------  ----  --------
  FLASH                 00000000   00040000  00000552  0003faae  R  X
  SRAM                  20000000   00008000  00000201  00007dff  RW X


SEGMENT ALLOCATION MAP

run origin  load origin   length   init length attrs members
----------  ----------- ---------- ----------- ----- -------
00000000    00000000    00000558   00000558    r-x
  00000000    00000000    0000026c   0000026c    r-- .intvecs
  0000026c    0000026c    000002ce   000002ce    r-x .text
  00000540    00000540    00000018   00000018    r-- .cinit
20000000    20000000    00000201   00000000    rw-
  20000000    20000000    00000200   00000000    rw- .stack
  20000200    20000200    00000001   00000000    rw- .data


SECTION ALLOCATION MAP

 output                                  attributes/
section   page    origin      length       input sections
--------  ----  ----------  ----------   ----------------
.intvecs   0    00000000    0000026c     
                  00000000    0000026c     tm4c123gh6pm_startup_ccs.obj (.intvecs)

.text      0    0000026c    000002ce     
                  0000026c    00000130     main.obj (.text)
                  0000039c    0000009c     rtsv7M4_T_le_v4SPD16_eabi.lib : memcpy_t2.asm.obj (.text)
                  00000438    00000068                                   : copy_decompress_lzss.c.obj (.text:decompress:lzss:__TI_decompress_lzss)
                  000004a0    00000044                                   : autoinit.c.obj (.text:__TI_auto_init_nobinit_nopinit:__TI_auto_init_nobinit_nopinit)
                  000004e4    00000034                                   : boot_cortex_m.c.obj (.text:_c_int00_noargs:_c_int00_noargs)
                  00000518    0000000e                                   : copy_decompress_none.c.obj (.text:decompress:none:__TI_decompress_none)
                  00000526    0000000c     tm4c123gh6pm_startup_ccs.obj (.text)
                  00000532    00000004     rtsv7M4_T_le_v4SPD16_eabi.lib : pre_init.c.obj (.text:_system_pre_init)
                  00000536    00000004                                   : exit.c.obj (.text:abort:abort)

.cinit     0    00000540    00000018     
                  00000540    00000008     (__TI_handler_table)
                  00000548    00000005     (.cinit..data.load) [load image, compression = lzss]
                  0000054d    00000003     --HOLE-- [fill = 0]
                  00000550    00000008     (__TI_cinit_table)

.init_array 
*          0    00000000    00000000     UNINITIALIZED

.data      0    20000200    00000001     UNINITIALIZED
                  20000200    00000001     main.obj (.data)

.stack     0    20000000    00000200     UNINITIALIZED
                  20000000    00000004     rtsv7M4_T_le_v4SPD16_eabi.lib : boot_cortex_m.c.obj (.stack)
                  20000004    000001fc     --HOLE--

__llvm_prf_cnts 
*          0    20000000    00000000     UNINITIALIZED

MODULE SUMMARY

       Module                         code   ro data   rw data
       ------                         ----   -------   -------
    .\
       tm4c123gh6pm_startup_ccs.obj   12     620       0      
       main.obj                       304    0         1      
    +--+------------------------------+------+---------+---------+
       Total:                         316    620       1      
                                                              
    C:\ti\ccs1220\ccs\tools\compiler\ti-cgt-arm_20.2.7.LTS\lib\rtsv7M4_T_le_v4SPD16_eabi.lib
       memcpy_t2.asm.obj              156    0         0      
       copy_decompress_lzss.c.obj     104    0         0      
       autoinit.c.obj                 68     0         0      
       boot_cortex_m.c.obj            52     0         0      
       copy_decompress_none.c.obj     14     0         0      
       exit.c.obj                     4      0         0      
       pre_init.c.obj                 4      0         0      
    +--+------------------------------+------+---------+---------+
       Total:                         402    0         0      
                                                              
       Stack:                         0      0         512    
       Linker Generated:              0      21        0      
    +--+------------------------------+------+---------+---------+
       Grand Total:                   718    641       513    


LINKER GENERATED COPY TABLES

__TI_cinit_table @ 00000550 records: 1, size/record: 8, table size: 8
	.data: load addr=00000548, load size=00000005 bytes, run addr=20000200, run size=00000001 bytes, compression=lzss


LINKER GENERATED HANDLER TABLE

__TI_handler_table @ 00000540 records: 2, size/record: 4, table size: 8
	index: 0, handler: __TI_decompress_lzss
	index: 1, handler: __TI_decompress_none


GLOBAL SYMBOLS: SORTED ALPHABETICALLY BY Name 

address   name                          
-------   ----                          
00000537  C$$EXIT                       
00000297  ConfigureUART                 
UNDEFED   GPIOIntClear                  
UNDEFED   GPIOIntEnable                 
UNDEFED   GPIOIntTypeSet                
UNDEFED   GPIOPadConfigSet              
UNDEFED   GPIOPinConfigure              
UNDEFED   GPIOPinRead                   
UNDEFED   GPIOPinTypeGPIOInput          
UNDEFED   GPIOPinTypeGPIOOutput         
UNDEFED   GPIOPinTypeUART               
UNDEFED   GPIOPinWrite                  
UNDEFED   IntEnable                     
20000200  LED                           
0000026d  PortFIntHandler               
00000527  ResetISR                      
UNDEFED   SysCtlClockSet                
UNDEFED   SysCtlDelay                   
UNDEFED   SysCtlPeripheralEnable        
UNDEFED   UARTClockSourceSet            
UNDEFED   UARTStdioConfig               
UNDEFED   UARTprintf                    
20000200  __STACK_END                   
00000200  __STACK_SIZE                  
20000200  __STACK_TOP                   
00000550  __TI_CINIT_Base               
00000558  __TI_CINIT_Limit              
00000540  __TI_Handler_Table_Base       
00000548  __TI_Handler_Table_Limit      
000004a1  __TI_auto_init_nobinit_nopinit
00000439  __TI_decompress_lzss          
00000519  __TI_decompress_none          
ffffffff  __TI_pprof_out_hndl           
ffffffff  __TI_prof_data_size           
ffffffff  __TI_prof_data_start          
00000000  __TI_static_base__            
0000039d  __aeabi_memcpy                
0000039d  __aeabi_memcpy4               
0000039d  __aeabi_memcpy8               
ffffffff  __binit__                     
ffffffff  __c_args__                    
UNDEFED   __mpu_init                    
20000000  __stack                       
20000000  __start___llvm_prf_cnts       
20000000  __stop___llvm_prf_cnts        
000004e5  _c_int00_noargs               
UNDEFED   _system_post_cinit            
00000533  _system_pre_init              
00000537  abort                         
ffffffff  binit                         
00000000  g_pfnVectors                  
000002d3  main                          
0000039d  memcpy                        


GLOBAL SYMBOLS: SORTED BY Symbol Address 

address   name                          
-------   ----                          
00000000  __TI_static_base__            
00000000  g_pfnVectors                  
00000200  __STACK_SIZE                  
0000026d  PortFIntHandler               
00000297  ConfigureUART                 
000002d3  main                          
0000039d  __aeabi_memcpy                
0000039d  __aeabi_memcpy4               
0000039d  __aeabi_memcpy8               
0000039d  memcpy                        
00000439  __TI_decompress_lzss          
000004a1  __TI_auto_init_nobinit_nopinit
000004e5  _c_int00_noargs               
00000519  __TI_decompress_none          
00000527  ResetISR                      
00000533  _system_pre_init              
00000537  C$$EXIT                       
00000537  abort                         
00000540  __TI_Handler_Table_Base       
00000548  __TI_Handler_Table_Limit      
00000550  __TI_CINIT_Base               
00000558  __TI_CINIT_Limit              
20000000  __stack                       
20000000  __start___llvm_prf_cnts       
20000000  __stop___llvm_prf_cnts        
20000200  LED                           
20000200  __STACK_END                   
20000200  __STACK_TOP                   
ffffffff  __TI_pprof_out_hndl           
ffffffff  __TI_prof_data_size           
ffffffff  __TI_prof_data_start          
ffffffff  __binit__                     
ffffffff  __c_args__                    
ffffffff  binit                         
UNDEFED   GPIOIntClear                  
UNDEFED   GPIOIntEnable                 
UNDEFED   GPIOIntTypeSet                
UNDEFED   GPIOPadConfigSet              
UNDEFED   GPIOPinConfigure              
UNDEFED   GPIOPinRead                   
UNDEFED   GPIOPinTypeGPIOInput          
UNDEFED   GPIOPinTypeGPIOOutput         
UNDEFED   GPIOPinTypeUART               
UNDEFED   GPIOPinWrite                  
UNDEFED   IntEnable                     
UNDEFED   SysCtlClockSet                
UNDEFED   SysCtlDelay                   
UNDEFED   SysCtlPeripheralEnable        
UNDEFED   UARTClockSourceSet            
UNDEFED   UARTStdioConfig               
UNDEFED   UARTprintf                    
UNDEFED   __mpu_init                    
UNDEFED   _system_post_cinit            

[53 symbols]
