******************************************************************************
                  TI ARM Linker PC v20.2.7                     
******************************************************************************
>> Linked Tue Jul 11 09:17:43 2023

OUTPUT FILE NAME:   <relogio_4.out>
ENTRY POINT SYMBOL: "_c_int00_noargs"  address: 000013b5


MEMORY CONFIGURATION

         name            origin    length      used     unused   attr    fill
----------------------  --------  ---------  --------  --------  ----  --------
  FLASH                 00000000   00040000  000017ab  0003e855  R  X
  SRAM                  20000000   00008000  000003f8  00007c08  RW X


SEGMENT ALLOCATION MAP

run origin  load origin   length   init length attrs members
----------  ----------- ---------- ----------- ----- -------
00000000    00000000    000017b4   000017b4    r-x
  00000000    00000000    0000026c   0000026c    r-- .intvecs
  0000026c    0000026c    0000122e   0000122e    r-x .text
  0000149c    0000149c    000002fd   000002fd    r-- .const
  000017a0    000017a0    00000014   00000014    r-- .cinit
20000000    20000000    000003f8   00000000    rw-
  20000000    20000000    00000200   00000000    rw- .stack
  20000200    20000200    000001f8   00000000    rw- .bss


SECTION ALLOCATION MAP

 output                                  attributes/
section   page    origin      length       input sections
--------  ----  ----------  ----------   ----------------
.intvecs   0    00000000    0000026c     
                  00000000    0000026c     tm4c123gh6pm_startup_ccs.obj (.intvecs)

.text      0    0000026c    0000122e     
                  0000026c    00000c3c     Nokia5110.obj (.text)
                  00000ea8    00000132     driverlib.lib : gpio.obj (.text:GPIOPadConfigSet)
                  00000fda    00000002     --HOLE-- [fill = 0]
                  00000fdc    00000110                   : sysctl.obj (.text:SysCtlClockGet)
                  000010ec    000000f4                   : sysctl.obj (.text:SysCtlClockSet)
                  000011e0    000000cc     main.obj (.text)
                  000012ac    00000048     driverlib.lib : gpio.obj (.text:GPIOPinConfigure)
                  000012f4    00000046                   : uart.obj (.text:UARTConfigSetExpClk)
                  0000133a    00000002     --HOLE-- [fill = 0]
                  0000133c    00000044     rtsv7M4_T_le_v4SPD16_eabi.lib : autoinit.c.obj (.text:__TI_auto_init_nobinit_nopinit:__TI_auto_init_nobinit_nopinit)
                  00001380    00000034     driverlib.lib : sysctl.obj (.text:SysCtlPeripheralEnable)
                  000013b4    00000034     rtsv7M4_T_le_v4SPD16_eabi.lib : boot_cortex_m.c.obj (.text:_c_int00_noargs:_c_int00_noargs)
                  000013e8    0000002a     driverlib.lib : gpio.obj (.text:GPIODirModeSet)
                  00001412    00000002     --HOLE-- [fill = 0]
                  00001414    00000020                   : uart.obj (.text:UARTDisable)
                  00001434    0000001c     rtsv7M4_T_le_v4SPD16_eabi.lib : copy_zero_init.c.obj (.text:decompress:ZI:__TI_zero_init_nomemset:__TI_zero_init_nomemset)
                  00001450    00000014     driverlib.lib : uart.obj (.text:UARTEnable)
                  00001464    00000012                   : gpio.obj (.text:GPIOPinTypeUART)
                  00001476    0000000c     tm4c123gh6pm_startup_ccs.obj (.text)
                  00001482    0000000a     driverlib.lib : uart.obj (.text:UARTCharGet)
                  0000148c    00000006                   : sysctl.obj (.text:SysCtlDelay)
                  00001492    00000004     rtsv7M4_T_le_v4SPD16_eabi.lib : pre_init.c.obj (.text:_system_pre_init)
                  00001496    00000004                                   : exit.c.obj (.text:abort:abort)

.const     0    0000149c    000002fd     
                  0000149c    000001e5     Nokia5110.obj (.const:ASCII)
                  00001681    00000003     --HOLE-- [fill = 0]
                  00001684    00000090     driverlib.lib : gpio.obj (.const:g_pui32GPIOBaseAddrs)
                  00001714    0000006c                   : sysctl.obj (.const:g_pui32Xtals)
                  00001780    0000000c     Nokia5110.obj (.const:MIX_SIMBOLS)
                  0000178c    00000008     Nokia5110.obj (.const:.string:Masks)
                  00001794    00000005     Nokia5110.obj (.const:SPECIAL_SIMBOLS)

.cinit     0    000017a0    00000014     
                  000017a0    00000008     (.cinit..bss.load) [load image, compression = zero_init]
                  000017a8    00000004     (__TI_handler_table)
                  000017ac    00000008     (__TI_cinit_table)

.init_array 
*          0    00000000    00000000     UNINITIALIZED

.bss       0    20000200    000001f8     UNINITIALIZED
                  20000200    000001f8     (.common:Screen)

.stack     0    20000000    00000200     UNINITIALIZED
                  20000000    00000004     rtsv7M4_T_le_v4SPD16_eabi.lib : boot_cortex_m.c.obj (.stack)
                  20000004    000001fc     --HOLE--

__llvm_prf_cnts 
*          0    20000000    00000000     UNINITIALIZED

MODULE SUMMARY

       Module                         code   ro data   rw data
       ------                         ----   -------   -------
    .\
       Nokia5110.obj                  3132   510       504    
       tm4c123gh6pm_startup_ccs.obj   12     620       0      
       main.obj                       204    0         0      
    +--+------------------------------+------+---------+---------+
       Total:                         3348   1130      504    
                                                              
    C:/Users/marco/CCS12.2.0.00009_win64/TivaWare_C_Series-2.1.4.178/driverlib/ccs/Debug/driverlib.lib
       sysctl.obj                     574    108       0      
       gpio.obj                       438    144       0      
       uart.obj                       132    0         0      
    +--+------------------------------+------+---------+---------+
       Total:                         1144   252       0      
                                                              
    C:\ti\ccs1220\ccs\tools\compiler\ti-cgt-arm_20.2.7.LTS\lib\rtsv7M4_T_le_v4SPD16_eabi.lib
       autoinit.c.obj                 68     0         0      
       boot_cortex_m.c.obj            52     0         0      
       copy_zero_init.c.obj           28     0         0      
       exit.c.obj                     4      0         0      
       pre_init.c.obj                 4      0         0      
    +--+------------------------------+------+---------+---------+
       Total:                         156    0         0      
                                                              
       Stack:                         0      0         512    
       Linker Generated:              0      20        0      
    +--+------------------------------+------+---------+---------+
       Grand Total:                   4648   1402      1016   


LINKER GENERATED COPY TABLES

__TI_cinit_table @ 000017ac records: 1, size/record: 8, table size: 8
	.bss: load addr=000017a0, load size=00000008 bytes, run addr=20000200, run size=000001f8 bytes, compression=zero_init


LINKER GENERATED HANDLER TABLE

__TI_handler_table @ 000017a8 records: 1, size/record: 4, table size: 4
	index: 0, handler: __TI_zero_init


GLOBAL SYMBOLS: SORTED ALPHABETICALLY BY Name 

address   name                          
-------   ----                          
00001497  C$$EXIT                       
000013e9  GPIODirModeSet                
00000ea9  GPIOPadConfigSet              
000012ad  GPIOPinConfigure              
00001465  GPIOPinTypeUART               
0000178c  Masks                         
000006f9  Nokia5110_Clear               
000009d9  Nokia5110_ClearBuffer         
00000a0d  Nokia5110_ClrPxl              
000006b9  Nokia5110_Cursor              
00000a03  Nokia5110_DisplayBuffer       
00000db1  Nokia5110_DrawChar            
00000729  Nokia5110_DrawFullImage       
00000e1b  Nokia5110_DrawMix             
00000de9  Nokia5110_DrawSpecial         
000002db  Nokia5110_Init                
00000763  Nokia5110_MyDrawing           
000003f5  Nokia5110_OutChar             
00000c93  Nokia5110_OutCharInv          
00000acd  Nokia5110_OutDec              
00000d69  Nokia5110_OutSpecial          
00000435  Nokia5110_OutString           
00000d25  Nokia5110_OutStringInv        
00000461  Nokia5110_OutUDec             
00000e93  Nokia5110_Padding             
000007f5  Nokia5110_PrintBMP            
00000665  Nokia5110_SetCursor           
00000a33  Nokia5110_SetPxl              
00000a59  PLL_Init                      
00001477  ResetISR                      
20000200  Screen                        
00000fdd  SysCtlClockGet                
000010ed  SysCtlClockSet                
0000148d  SysCtlDelay                   
00001381  SysCtlPeripheralEnable        
00001483  UARTCharGet                   
000012f5  UARTConfigSetExpClk           
00001415  UARTDisable                   
00001451  UARTEnable                    
000011e1  UartConfig                    
20000200  __STACK_END                   
00000200  __STACK_SIZE                  
20000200  __STACK_TOP                   
000017ac  __TI_CINIT_Base               
000017b4  __TI_CINIT_Limit              
000017a8  __TI_Handler_Table_Base       
000017ac  __TI_Handler_Table_Limit      
0000133d  __TI_auto_init_nobinit_nopinit
ffffffff  __TI_pprof_out_hndl           
ffffffff  __TI_prof_data_size           
ffffffff  __TI_prof_data_start          
00000000  __TI_static_base__            
00001435  __TI_zero_init_nomemset       
ffffffff  __binit__                     
ffffffff  __c_args__                    
UNDEFED   __mpu_init                    
20000000  __stack                       
20000000  __start___llvm_prf_cnts       
20000000  __stop___llvm_prf_cnts        
000013b5  _c_int00_noargs               
UNDEFED   _system_post_cinit            
00001493  _system_pre_init              
00001497  abort                         
ffffffff  binit                         
00000000  g_pfnVectors                  
0000121b  main                          


GLOBAL SYMBOLS: SORTED BY Symbol Address 

address   name                          
-------   ----                          
00000000  __TI_static_base__            
00000000  g_pfnVectors                  
00000200  __STACK_SIZE                  
000002db  Nokia5110_Init                
000003f5  Nokia5110_OutChar             
00000435  Nokia5110_OutString           
00000461  Nokia5110_OutUDec             
00000665  Nokia5110_SetCursor           
000006b9  Nokia5110_Cursor              
000006f9  Nokia5110_Clear               
00000729  Nokia5110_DrawFullImage       
00000763  Nokia5110_MyDrawing           
000007f5  Nokia5110_PrintBMP            
000009d9  Nokia5110_ClearBuffer         
00000a03  Nokia5110_DisplayBuffer       
00000a0d  Nokia5110_ClrPxl              
00000a33  Nokia5110_SetPxl              
00000a59  PLL_Init                      
00000acd  Nokia5110_OutDec              
00000c93  Nokia5110_OutCharInv          
00000d25  Nokia5110_OutStringInv        
00000d69  Nokia5110_OutSpecial          
00000db1  Nokia5110_DrawChar            
00000de9  Nokia5110_DrawSpecial         
00000e1b  Nokia5110_DrawMix             
00000e93  Nokia5110_Padding             
00000ea9  GPIOPadConfigSet              
00000fdd  SysCtlClockGet                
000010ed  SysCtlClockSet                
000011e1  UartConfig                    
0000121b  main                          
000012ad  GPIOPinConfigure              
000012f5  UARTConfigSetExpClk           
0000133d  __TI_auto_init_nobinit_nopinit
00001381  SysCtlPeripheralEnable        
000013b5  _c_int00_noargs               
000013e9  GPIODirModeSet                
00001415  UARTDisable                   
00001435  __TI_zero_init_nomemset       
00001451  UARTEnable                    
00001465  GPIOPinTypeUART               
00001477  ResetISR                      
00001483  UARTCharGet                   
0000148d  SysCtlDelay                   
00001493  _system_pre_init              
00001497  C$$EXIT                       
00001497  abort                         
0000178c  Masks                         
000017a8  __TI_Handler_Table_Base       
000017ac  __TI_CINIT_Base               
000017ac  __TI_Handler_Table_Limit      
000017b4  __TI_CINIT_Limit              
20000000  __stack                       
20000000  __start___llvm_prf_cnts       
20000000  __stop___llvm_prf_cnts        
20000200  Screen                        
20000200  __STACK_END                   
20000200  __STACK_TOP                   
ffffffff  __TI_pprof_out_hndl           
ffffffff  __TI_prof_data_size           
ffffffff  __TI_prof_data_start          
ffffffff  __binit__                     
ffffffff  __c_args__                    
ffffffff  binit                         
UNDEFED   __mpu_init                    
UNDEFED   _system_post_cinit            

[66 symbols]
