******************************************************************************
                  TI ARM Linker PC v20.2.7                     
******************************************************************************
>> Linked Sat Apr 22 10:11:28 2023

OUTPUT FILE NAME:   <TIMERS.out>
ENTRY POINT SYMBOL: "_c_int00_noargs"  address: 000009c9


MEMORY CONFIGURATION

         name            origin    length      used     unused   attr    fill
----------------------  --------  ---------  --------  --------  ----  --------
  FLASH                 00000000   00040000  00000bd8  0003f428  R  X
  SRAM                  20000000   00008000  00000201  00007dff  RW X


SEGMENT ALLOCATION MAP

run origin  load origin   length   init length attrs members
----------  ----------- ---------- ----------- ----- -------
00000000    00000000    00000bd8   00000bd8    r-x
  00000000    00000000    0000026c   0000026c    r-- .intvecs
  0000026c    0000026c    00000878   00000878    r-x .text
  00000ae4    00000ae4    000000dc   000000dc    r-- .const
  00000bc0    00000bc0    00000018   00000018    r-- .cinit
20000000    20000000    00000201   00000000    rw-
  20000000    20000000    00000200   00000000    rw- .stack
  20000200    20000200    00000001   00000000    rw- .data


SECTION ALLOCATION MAP

 output                                  attributes/
section   page    origin      length       input sections
--------  ----  ----------  ----------   ----------------
.intvecs   0    00000000    0000026c     
                  00000000    0000026c     tm4c123gh6pm_startup_ccs.obj (.intvecs)

.text      0    0000026c    00000878     
                  0000026c    00000188     main.obj (.text)
                  000003f4    00000132     driverlib.lib : gpio.obj (.text:GPIOPadConfigSet)
                  00000526    00000002     --HOLE-- [fill = 0]
                  00000528    00000110                   : sysctl.obj (.text:SysCtlClockGet)
                  00000638    000000f4                   : sysctl.obj (.text:SysCtlClockSet)
                  0000072c    0000009c     rtsv7M4_T_le_v4SPD16_eabi.lib : memcpy_t2.asm.obj (.text)
                  000007c8    00000068     driverlib.lib : interrupt.obj (.text:IntEnable)
                  00000830    00000068     rtsv7M4_T_le_v4SPD16_eabi.lib : copy_decompress_lzss.c.obj (.text:decompress:lzss:__TI_decompress_lzss)
                  00000898    00000060     driverlib.lib : timer.obj (.text:TimerConfigure)
                  000008f8    00000056                   : gpio.obj (.text:GPIOIntTypeSet)
                  0000094e    00000002     --HOLE-- [fill = 0]
                  00000950    00000044     rtsv7M4_T_le_v4SPD16_eabi.lib : autoinit.c.obj (.text:__TI_auto_init_nobinit_nopinit:__TI_auto_init_nobinit_nopinit)
                  00000994    00000034     driverlib.lib : sysctl.obj (.text:SysCtlPeripheralEnable)
                  000009c8    00000034     rtsv7M4_T_le_v4SPD16_eabi.lib : boot_cortex_m.c.obj (.text:_c_int00_noargs:_c_int00_noargs)
                  000009fc    0000002a     driverlib.lib : gpio.obj (.text:GPIODirModeSet)
                  00000a26    00000018                   : gpio.obj (.text:GPIOPinTypeGPIOOutput)
                  00000a3e    00000012                   : timer.obj (.text:TimerLoadSet)
                  00000a50    00000010                   : interrupt.obj (.text:IntMasterEnable)
                  00000a60    0000000e                   : gpio.obj (.text:GPIOIntDisable)
                  00000a6e    0000000e                   : timer.obj (.text:TimerEnable)
                  00000a7c    0000000e     rtsv7M4_T_le_v4SPD16_eabi.lib : copy_decompress_none.c.obj (.text:decompress:none:__TI_decompress_none)
                  00000a8a    0000000c     driverlib.lib : cpu.obj (.text:CPUcpsie)
                  00000a96    0000000c                   : gpio.obj (.text:GPIOIntEnable)
                  00000aa2    0000000c     tm4c123gh6pm_startup_ccs.obj (.text)
                  00000aae    0000000a     driverlib.lib : timer.obj (.text:TimerIntDisable)
                  00000ab8    00000008                   : timer.obj (.text:TimerIntEnable)
                  00000ac0    00000006                   : gpio.obj (.text:GPIOIntClear)
                  00000ac6    00000006                   : gpio.obj (.text:GPIOPinRead)
                  00000acc    00000006                   : gpio.obj (.text:GPIOPinWrite)
                  00000ad2    00000006                   : sysctl.obj (.text:SysCtlDelay)
                  00000ad8    00000004                   : timer.obj (.text:TimerIntClear)
                  00000adc    00000004     rtsv7M4_T_le_v4SPD16_eabi.lib : pre_init.c.obj (.text:_system_pre_init)
                  00000ae0    00000004                                   : exit.c.obj (.text:abort:abort)

.const     0    00000ae4    000000dc     
                  00000ae4    00000070     driverlib.lib : interrupt.obj (.const)
                  00000b54    0000006c                   : sysctl.obj (.const:g_pui32Xtals)

.cinit     0    00000bc0    00000018     
                  00000bc0    00000008     (__TI_handler_table)
                  00000bc8    00000005     (.cinit..data.load) [load image, compression = lzss]
                  00000bcd    00000003     --HOLE-- [fill = 0]
                  00000bd0    00000008     (__TI_cinit_table)

.init_array 
*          0    00000000    00000000     UNINITIALIZED

.data      0    20000200    00000001     UNINITIALIZED
                  20000200    00000001     main.obj (.data)

.stack     0    20000000    00000200     UNINITIALIZED
                  20000000    00000004     rtsv7M4_T_le_v4SPD16_eabi.lib : boot_cortex_m.c.obj (.stack)
                  20000004    000001fc     --HOLE--

__llvm_prf_cnts 
*          0    20000000    00000000     UNINITIALIZED

MODULE SUMMARY

       Module                         code   ro data   rw data
       ------                         ----   -------   -------
    .\
       tm4c123gh6pm_startup_ccs.obj   12     620       0      
       main.obj                       392    0         1      
    +--+------------------------------+------+---------+---------+
       Total:                         404    620       1      
                                                              
    C:/Users/marco/CCS12.2.0.00009_win64/TivaWare_C_Series-2.1.4.178/driverlib/ccs/Debug/driverlib.lib
       sysctl.obj                     574    108       0      
       gpio.obj                       502    0         0      
       interrupt.obj                  120    112       0      
       timer.obj                      150    0         0      
       cpu.obj                        12     0         0      
    +--+------------------------------+------+---------+---------+
       Total:                         1358   220       0      
                                                              
    C:\ti\ccs1220\ccs\tools\compiler\ti-cgt-arm_20.2.7.LTS\lib\rtsv7M4_T_le_v4SPD16_eabi.lib
       memcpy_t2.asm.obj              156    0         0      
       copy_decompress_lzss.c.obj     104    0         0      
       autoinit.c.obj                 68     0         0      
       boot_cortex_m.c.obj            52     0         0      
       copy_decompress_none.c.obj     14     0         0      
       exit.c.obj                     4      0         0      
       pre_init.c.obj                 4      0         0      
    +--+------------------------------+------+---------+---------+
       Total:                         402    0         0      
                                                              
       Stack:                         0      0         512    
       Linker Generated:              0      21        0      
    +--+------------------------------+------+---------+---------+
       Grand Total:                   2164   861       513    


LINKER GENERATED COPY TABLES

__TI_cinit_table @ 00000bd0 records: 1, size/record: 8, table size: 8
	.data: load addr=00000bc8, load size=00000005 bytes, run addr=20000200, run size=00000001 bytes, compression=lzss


LINKER GENERATED HANDLER TABLE

__TI_handler_table @ 00000bc0 records: 2, size/record: 4, table size: 8
	index: 0, handler: __TI_decompress_lzss
	index: 1, handler: __TI_decompress_none


GLOBAL SYMBOLS: SORTED ALPHABETICALLY BY Name 

address   name                          
-------   ----                          
00000ae1  C$$EXIT                       
00000a8b  CPUcpsie                      
000009fd  GPIODirModeSet                
00000ac1  GPIOIntClear                  
00000a61  GPIOIntDisable                
00000a97  GPIOIntEnable                 
000008f9  GPIOIntTypeSet                
000003f5  GPIOPadConfigSet              
00000ac7  GPIOPinRead                   
00000a27  GPIOPinTypeGPIOOutput         
00000acd  GPIOPinWrite                  
000007c9  IntEnable                     
00000a51  IntMasterEnable               
00000289  IntPortalF                    
00000aa3  ResetISR                      
00000529  SysCtlClockGet                
00000639  SysCtlClockSet                
00000ad3  SysCtlDelay                   
00000995  SysCtlPeripheralEnable        
0000026d  Timer0IntHandler              
00000899  TimerConfigure                
00000a6f  TimerEnable                   
00000ad9  TimerIntClear                 
00000aaf  TimerIntDisable               
00000ab9  TimerIntEnable                
00000a3f  TimerLoadSet                  
20000200  __STACK_END                   
00000200  __STACK_SIZE                  
20000200  __STACK_TOP                   
00000bd0  __TI_CINIT_Base               
00000bd8  __TI_CINIT_Limit              
00000bc0  __TI_Handler_Table_Base       
00000bc8  __TI_Handler_Table_Limit      
00000951  __TI_auto_init_nobinit_nopinit
00000831  __TI_decompress_lzss          
00000a7d  __TI_decompress_none          
ffffffff  __TI_pprof_out_hndl           
ffffffff  __TI_prof_data_size           
ffffffff  __TI_prof_data_start          
00000000  __TI_static_base__            
0000072d  __aeabi_memcpy                
0000072d  __aeabi_memcpy4               
0000072d  __aeabi_memcpy8               
ffffffff  __binit__                     
ffffffff  __c_args__                    
UNDEFED   __mpu_init                    
20000000  __stack                       
20000000  __start___llvm_prf_cnts       
20000000  __stop___llvm_prf_cnts        
000009c9  _c_int00_noargs               
UNDEFED   _system_post_cinit            
00000add  _system_pre_init              
00000ae1  abort                         
ffffffff  binit                         
00000000  g_pfnVectors                  
00000335  main                          
0000072d  memcpy                        
20000200  ui8PinData                    


GLOBAL SYMBOLS: SORTED BY Symbol Address 

address   name                          
-------   ----                          
00000000  __TI_static_base__            
00000000  g_pfnVectors                  
00000200  __STACK_SIZE                  
0000026d  Timer0IntHandler              
00000289  IntPortalF                    
00000335  main                          
000003f5  GPIOPadConfigSet              
00000529  SysCtlClockGet                
00000639  SysCtlClockSet                
0000072d  __aeabi_memcpy                
0000072d  __aeabi_memcpy4               
0000072d  __aeabi_memcpy8               
0000072d  memcpy                        
000007c9  IntEnable                     
00000831  __TI_decompress_lzss          
00000899  TimerConfigure                
000008f9  GPIOIntTypeSet                
00000951  __TI_auto_init_nobinit_nopinit
00000995  SysCtlPeripheralEnable        
000009c9  _c_int00_noargs               
000009fd  GPIODirModeSet                
00000a27  GPIOPinTypeGPIOOutput         
00000a3f  TimerLoadSet                  
00000a51  IntMasterEnable               
00000a61  GPIOIntDisable                
00000a6f  TimerEnable                   
00000a7d  __TI_decompress_none          
00000a8b  CPUcpsie                      
00000a97  GPIOIntEnable                 
00000aa3  ResetISR                      
00000aaf  TimerIntDisable               
00000ab9  TimerIntEnable                
00000ac1  GPIOIntClear                  
00000ac7  GPIOPinRead                   
00000acd  GPIOPinWrite                  
00000ad3  SysCtlDelay                   
00000ad9  TimerIntClear                 
00000add  _system_pre_init              
00000ae1  C$$EXIT                       
00000ae1  abort                         
00000bc0  __TI_Handler_Table_Base       
00000bc8  __TI_Handler_Table_Limit      
00000bd0  __TI_CINIT_Base               
00000bd8  __TI_CINIT_Limit              
20000000  __stack                       
20000000  __start___llvm_prf_cnts       
20000000  __stop___llvm_prf_cnts        
20000200  __STACK_END                   
20000200  __STACK_TOP                   
20000200  ui8PinData                    
ffffffff  __TI_pprof_out_hndl           
ffffffff  __TI_prof_data_size           
ffffffff  __TI_prof_data_start          
ffffffff  __binit__                     
ffffffff  __c_args__                    
ffffffff  binit                         
UNDEFED   __mpu_init                    
UNDEFED   _system_post_cinit            

[58 symbols]
