******************************************************************************
                  TI ARM Linker PC v20.2.7                     
******************************************************************************
>> Linked Sat Jul  8 19:23:54 2023

OUTPUT FILE NAME:   <uart_display.out>
ENTRY POINT SYMBOL: "_c_int00_noargs"  address: 00002189


MEMORY CONFIGURATION

         name            origin    length      used     unused   attr    fill
----------------------  --------  ---------  --------  --------  ----  --------
  FLASH                 00000000   00040000  00002238  0003ddc8  R  X
  SRAM                  20000000   00008000  000003f8  00007c08  RW X


SEGMENT ALLOCATION MAP

run origin  load origin   length   init length attrs members
----------  ----------- ---------- ----------- ----- -------
00000000    00000000    0000223c   0000223c    r-x
  00000000    00000000    0000026c   0000026c    r-- .intvecs
  0000026c    0000026c    000011be   000011be    r-- .const
  0000142c    0000142c    00000dfa   00000dfa    r-x .text
  00002228    00002228    00000014   00000014    r-- .cinit
20000000    20000000    000003f8   00000000    rw-
  20000000    20000000    00000200   00000000    rw- .stack
  20000200    20000200    000001f8   00000000    rw- .bss


SECTION ALLOCATION MAP

 output                                  attributes/
section   page    origin      length       input sections
--------  ----  ----------  ----------   ----------------
.intvecs   0    00000000    0000026c     
                  00000000    0000026c     tm4c123gh6pm_startup_ccs.obj (.intvecs)

.const     0    0000026c    000011be     
                  0000026c    00000fc0     main.obj (.const:.string:pikachu)
                  0000122c    000001e5     Nokia5110.obj (.const:ASCII)
                  00001411    0000000c     Nokia5110.obj (.const:MIX_SIMBOLS)
                  0000141d    00000008     Nokia5110.obj (.const:.string:Masks)
                  00001425    00000005     Nokia5110.obj (.const:SPECIAL_SIMBOLS)

.text      0    0000142c    00000dfa     
                  0000142c    00000c24     Nokia5110.obj (.text)
                  00002050    000000f4     driverlib.lib : sysctl.obj (.text:SysCtlClockSet)
                  00002144    00000044     rtsv7M4_T_le_v4SPD16_eabi.lib : autoinit.c.obj (.text:__TI_auto_init_nobinit_nopinit:__TI_auto_init_nobinit_nopinit)
                  00002188    00000034                                   : boot_cortex_m.c.obj (.text:_c_int00_noargs:_c_int00_noargs)
                  000021bc    00000034     main.obj (.text)
                  000021f0    0000001c     rtsv7M4_T_le_v4SPD16_eabi.lib : copy_zero_init.c.obj (.text:decompress:ZI:__TI_zero_init_nomemset:__TI_zero_init_nomemset)
                  0000220c    0000000c     tm4c123gh6pm_startup_ccs.obj (.text)
                  00002218    00000006     driverlib.lib : sysctl.obj (.text:SysCtlDelay)
                  0000221e    00000004     rtsv7M4_T_le_v4SPD16_eabi.lib : pre_init.c.obj (.text:_system_pre_init)
                  00002222    00000004                                   : exit.c.obj (.text:abort:abort)

.cinit     0    00002228    00000014     
                  00002228    00000008     (.cinit..bss.load) [load image, compression = zero_init]
                  00002230    00000004     (__TI_handler_table)
                  00002234    00000008     (__TI_cinit_table)

.init_array 
*          0    00000000    00000000     UNINITIALIZED

.bss       0    20000200    000001f8     UNINITIALIZED
                  20000200    000001f8     (.common:Screen)

.stack     0    20000000    00000200     UNINITIALIZED
                  20000000    00000004     rtsv7M4_T_le_v4SPD16_eabi.lib : boot_cortex_m.c.obj (.stack)
                  20000004    000001fc     --HOLE--

__llvm_prf_cnts 
*          0    20000000    00000000     UNINITIALIZED

MODULE SUMMARY

       Module                         code   ro data   rw data
       ------                         ----   -------   -------
    .\
       Nokia5110.obj                  3108   510       504    
       main.obj                       52     4032      0      
       tm4c123gh6pm_startup_ccs.obj   12     620       0      
    +--+------------------------------+------+---------+---------+
       Total:                         3172   5162      504    
                                                              
    C:/Users/marco/CCS12.2.0.00009_win64/TivaWare_C_Series-2.1.4.178/driverlib/ccs/Debug/driverlib.lib
       sysctl.obj                     250    0         0      
    +--+------------------------------+------+---------+---------+
       Total:                         250    0         0      
                                                              
    C:\ti\ccs1220\ccs\tools\compiler\ti-cgt-arm_20.2.7.LTS\lib\rtsv7M4_T_le_v4SPD16_eabi.lib
       autoinit.c.obj                 68     0         0      
       boot_cortex_m.c.obj            52     0         0      
       copy_zero_init.c.obj           28     0         0      
       exit.c.obj                     4      0         0      
       pre_init.c.obj                 4      0         0      
    +--+------------------------------+------+---------+---------+
       Total:                         156    0         0      
                                                              
       Stack:                         0      0         512    
       Linker Generated:              0      20        0      
    +--+------------------------------+------+---------+---------+
       Grand Total:                   3578   5182      1016   


LINKER GENERATED COPY TABLES

__TI_cinit_table @ 00002234 records: 1, size/record: 8, table size: 8
	.bss: load addr=00002228, load size=00000008 bytes, run addr=20000200, run size=000001f8 bytes, compression=zero_init


LINKER GENERATED HANDLER TABLE

__TI_handler_table @ 00002230 records: 1, size/record: 4, table size: 4
	index: 0, handler: __TI_zero_init


GLOBAL SYMBOLS: SORTED ALPHABETICALLY BY Name 

address   name                          
-------   ----                          
00002223  C$$EXIT                       
0000141d  Masks                         
000018b9  Nokia5110_Clear               
00001b81  Nokia5110_ClearBuffer         
00001bb5  Nokia5110_ClrPxl              
00001879  Nokia5110_Cursor              
00001bab  Nokia5110_DisplayBuffer       
00001f59  Nokia5110_DrawChar            
000018e9  Nokia5110_DrawFullImage       
00001fc3  Nokia5110_DrawMix             
00001f91  Nokia5110_DrawSpecial         
0000149b  Nokia5110_Init                
00001923  Nokia5110_MyDrawing           
000015b5  Nokia5110_OutChar             
00001e3b  Nokia5110_OutCharInv          
00001c75  Nokia5110_OutDec              
00001f11  Nokia5110_OutSpecial          
000015f5  Nokia5110_OutString           
00001ecd  Nokia5110_OutStringInv        
00001621  Nokia5110_OutUDec             
0000203b  Nokia5110_Padding             
0000199d  Nokia5110_PrintBMP            
00001825  Nokia5110_SetCursor           
00001bdb  Nokia5110_SetPxl              
00001c01  PLL_Init                      
0000220d  ResetISR                      
20000200  Screen                        
00002051  SysCtlClockSet                
00002219  SysCtlDelay                   
20000200  __STACK_END                   
00000200  __STACK_SIZE                  
20000200  __STACK_TOP                   
00002234  __TI_CINIT_Base               
0000223c  __TI_CINIT_Limit              
00002230  __TI_Handler_Table_Base       
00002234  __TI_Handler_Table_Limit      
00002145  __TI_auto_init_nobinit_nopinit
ffffffff  __TI_pprof_out_hndl           
ffffffff  __TI_prof_data_size           
ffffffff  __TI_prof_data_start          
00000000  __TI_static_base__            
000021f1  __TI_zero_init_nomemset       
ffffffff  __binit__                     
ffffffff  __c_args__                    
UNDEFED   __mpu_init                    
20000000  __stack                       
20000000  __start___llvm_prf_cnts       
20000000  __stop___llvm_prf_cnts        
00002189  _c_int00_noargs               
UNDEFED   _system_post_cinit            
0000221f  _system_pre_init              
00002223  abort                         
ffffffff  binit                         
00000000  g_pfnVectors                  
000021bd  main                          
0000026c  pikachu                       


GLOBAL SYMBOLS: SORTED BY Symbol Address 

address   name                          
-------   ----                          
00000000  __TI_static_base__            
00000000  g_pfnVectors                  
00000200  __STACK_SIZE                  
0000026c  pikachu                       
0000141d  Masks                         
0000149b  Nokia5110_Init                
000015b5  Nokia5110_OutChar             
000015f5  Nokia5110_OutString           
00001621  Nokia5110_OutUDec             
00001825  Nokia5110_SetCursor           
00001879  Nokia5110_Cursor              
000018b9  Nokia5110_Clear               
000018e9  Nokia5110_DrawFullImage       
00001923  Nokia5110_MyDrawing           
0000199d  Nokia5110_PrintBMP            
00001b81  Nokia5110_ClearBuffer         
00001bab  Nokia5110_DisplayBuffer       
00001bb5  Nokia5110_ClrPxl              
00001bdb  Nokia5110_SetPxl              
00001c01  PLL_Init                      
00001c75  Nokia5110_OutDec              
00001e3b  Nokia5110_OutCharInv          
00001ecd  Nokia5110_OutStringInv        
00001f11  Nokia5110_OutSpecial          
00001f59  Nokia5110_DrawChar            
00001f91  Nokia5110_DrawSpecial         
00001fc3  Nokia5110_DrawMix             
0000203b  Nokia5110_Padding             
00002051  SysCtlClockSet                
00002145  __TI_auto_init_nobinit_nopinit
00002189  _c_int00_noargs               
000021bd  main                          
000021f1  __TI_zero_init_nomemset       
0000220d  ResetISR                      
00002219  SysCtlDelay                   
0000221f  _system_pre_init              
00002223  C$$EXIT                       
00002223  abort                         
00002230  __TI_Handler_Table_Base       
00002234  __TI_CINIT_Base               
00002234  __TI_Handler_Table_Limit      
0000223c  __TI_CINIT_Limit              
20000000  __stack                       
20000000  __start___llvm_prf_cnts       
20000000  __stop___llvm_prf_cnts        
20000200  Screen                        
20000200  __STACK_END                   
20000200  __STACK_TOP                   
ffffffff  __TI_pprof_out_hndl           
ffffffff  __TI_prof_data_size           
ffffffff  __TI_prof_data_start          
ffffffff  __binit__                     
ffffffff  __c_args__                    
ffffffff  binit                         
UNDEFED   __mpu_init                    
UNDEFED   _system_post_cinit            

[56 symbols]
