******************************************************************************
                  TI ARM Linker PC v20.2.7                     
******************************************************************************
>> Linked Mon Apr 24 10:57:29 2023

OUTPUT FILE NAME:   <calculadora.out>
ENTRY POINT SYMBOL: "_c_int00_noinit_noargs"  address: 000005f9


MEMORY CONFIGURATION

         name            origin    length      used     unused   attr    fill
----------------------  --------  ---------  --------  --------  ----  --------
  FLASH                 00000000   00040000  00000686  0003f97a  R  X
  SRAM                  20000000   00008000  00000200  00007e00  RW X


SEGMENT ALLOCATION MAP

run origin  load origin   length   init length attrs members
----------  ----------- ---------- ----------- ----- -------
00000000    00000000    00000686   00000686    r-x
  00000000    00000000    0000026c   0000026c    r-- .intvecs
  0000026c    0000026c    0000041a   0000041a    r-x .text
20000000    20000000    00000200   00000000    rw-
  20000000    20000000    00000200   00000000    rw- .stack


SECTION ALLOCATION MAP

 output                                  attributes/
section   page    origin      length       input sections
--------  ----  ----------  ----------   ----------------
.intvecs   0    00000000    0000026c     
                  00000000    0000026c     tm4c123gh6pm_startup_ccs.obj (.intvecs)

.text      0    0000026c    0000041a     
                  0000026c    00000132     driverlib.lib : gpio.obj (.text:GPIOPadConfigSet)
                  0000039e    00000002     --HOLE-- [fill = 0]
                  000003a0    000000f8     main.obj (.text)
                  00000498    000000f4     driverlib.lib : sysctl.obj (.text:SysCtlClockSet)
                  0000058c    00000038                   : sysctl.obj (.text:SysCtlPeripheralReady)
                  000005c4    00000034                   : sysctl.obj (.text:SysCtlPeripheralEnable)
                  000005f8    0000002c     rtsv7M4_T_le_v4SPD16_eabi.lib : boot_cortex_m.c.obj (.text:_c_int00_noinit_noargs:_c_int00_noinit_noargs)
                  00000624    0000002a     driverlib.lib : gpio.obj (.text:GPIODirModeSet)
                  0000064e    00000018                   : gpio.obj (.text:GPIOPinTypeGPIOOutput)
                  00000666    0000000c     tm4c123gh6pm_startup_ccs.obj (.text)
                  00000672    00000006     driverlib.lib : gpio.obj (.text:GPIOPinWrite)
                  00000678    00000006                   : sysctl.obj (.text:SysCtlDelay)
                  0000067e    00000004     rtsv7M4_T_le_v4SPD16_eabi.lib : pre_init.c.obj (.text:_system_pre_init)
                  00000682    00000004                                   : exit.c.obj (.text:abort:abort)

.cinit     0    00000000    00000000     UNINITIALIZED

.init_array 
*          0    00000000    00000000     UNINITIALIZED

.stack     0    20000000    00000200     UNINITIALIZED
                  20000000    00000004     rtsv7M4_T_le_v4SPD16_eabi.lib : boot_cortex_m.c.obj (.stack)
                  20000004    000001fc     --HOLE--

__llvm_prf_cnts 
*          0    20000000    00000000     UNINITIALIZED

MODULE SUMMARY

       Module                         code   ro data   rw data
       ------                         ----   -------   -------
    .\
       tm4c123gh6pm_startup_ccs.obj   12     620       0      
       main.obj                       248    0         0      
    +--+------------------------------+------+---------+---------+
       Total:                         260    620       0      
                                                              
    C:/Users/marco/CCS12.2.0.00009_win64/TivaWare_C_Series-2.1.4.178/driverlib/ccs/Debug/driverlib.lib
       gpio.obj                       378    0         0      
       sysctl.obj                     358    0         0      
    +--+------------------------------+------+---------+---------+
       Total:                         736    0         0      
                                                              
    C:\ti\ccs1220\ccs\tools\compiler\ti-cgt-arm_20.2.7.LTS\lib\rtsv7M4_T_le_v4SPD16_eabi.lib
       boot_cortex_m.c.obj            44     0         0      
       exit.c.obj                     4      0         0      
       pre_init.c.obj                 4      0         0      
    +--+------------------------------+------+---------+---------+
       Total:                         52     0         0      
                                                              
       Stack:                         0      0         512    
    +--+------------------------------+------+---------+---------+
       Grand Total:                   1048   620       512    


GLOBAL SYMBOLS: SORTED ALPHABETICALLY BY Name 

address   name                   
-------   ----                   
00000683  C$$EXIT                
00000625  GPIODirModeSet         
0000026d  GPIOPadConfigSet       
0000064f  GPIOPinTypeGPIOOutput  
00000673  GPIOPinWrite           
00000667  ResetISR               
00000499  SysCtlClockSet         
00000679  SysCtlDelay            
000005c5  SysCtlPeripheralEnable 
0000058d  SysCtlPeripheralReady  
20000200  __STACK_END            
00000200  __STACK_SIZE           
20000200  __STACK_TOP            
ffffffff  __TI_pprof_out_hndl    
ffffffff  __TI_prof_data_size    
ffffffff  __TI_prof_data_start   
00000000  __TI_static_base__     
ffffffff  __binit__              
ffffffff  __c_args__             
UNDEFED   __mpu_init             
20000000  __stack                
20000000  __start___llvm_prf_cnts
20000000  __stop___llvm_prf_cnts 
000005f9  _c_int00_noinit_noargs 
0000067f  _system_pre_init       
00000683  abort                  
ffffffff  binit                  
00000000  g_pfnVectors           
0000045b  initDisplay            
00000477  main                   
000003a1  setDisplayValue        


GLOBAL SYMBOLS: SORTED BY Symbol Address 

address   name                   
-------   ----                   
00000000  __TI_static_base__     
00000000  g_pfnVectors           
00000200  __STACK_SIZE           
0000026d  GPIOPadConfigSet       
000003a1  setDisplayValue        
0000045b  initDisplay            
00000477  main                   
00000499  SysCtlClockSet         
0000058d  SysCtlPeripheralReady  
000005c5  SysCtlPeripheralEnable 
000005f9  _c_int00_noinit_noargs 
00000625  GPIODirModeSet         
0000064f  GPIOPinTypeGPIOOutput  
00000667  ResetISR               
00000673  GPIOPinWrite           
00000679  SysCtlDelay            
0000067f  _system_pre_init       
00000683  C$$EXIT                
00000683  abort                  
20000000  __stack                
20000000  __start___llvm_prf_cnts
20000000  __stop___llvm_prf_cnts 
20000200  __STACK_END            
20000200  __STACK_TOP            
ffffffff  __TI_pprof_out_hndl    
ffffffff  __TI_prof_data_size    
ffffffff  __TI_prof_data_start   
ffffffff  __binit__              
ffffffff  __c_args__             
ffffffff  binit                  
UNDEFED   __mpu_init             

[31 symbols]
